
 Start         Length     Name                   Class
 0001:00000000 00037CF4H .text                   CODE
 0002:00000000 00000B88H .data                   DATA
 0002:00000B88 00000855H .bss                    BSS


Detailed map of segments

 0001:00000000 00004700 C=CODE     S=.text    G=(none)   M=System   ACBP=A9
 0001:00004700 00000164 C=CODE     S=.text    G=(none)   M=SysInit  ACBP=A9
 0001:00004864 00000894 C=CODE     S=.text    G=(none)   M=Windows  ACBP=A9
 0001:000050F8 00000038 C=CODE     S=.text    G=(none)   M=Imm      ACBP=A9
 0001:00005130 00000038 C=CODE     S=.text    G=(none)   M=Messages ACBP=A9
 0001:00005168 00000050 C=CODE     S=.text    G=(none)   M=ActiveX  ACBP=A9
 0001:000051B8 00003F02 C=CODE     S=.text    G=(none)   M=SysUtils ACBP=A9
 0001:000090BC 000000A4 C=CODE     S=.text    G=(none)   M=Commctrl ACBP=A9
 0001:00009160 000004BC C=CODE     S=.text    G=(none)   M=TypInfo  ACBP=A9
 0001:0000961C 000002C8 C=CODE     S=.text    G=(none)   M=Consts   ACBP=A9
 0001:000098E4 000078BB C=CODE     S=.text    G=(none)   M=Classes  ACBP=A9
 0001:000111A0 0000415E C=CODE     S=.text    G=(none)   M=Graphics ACBP=A9
 0001:00015300 00000038 C=CODE     S=.text    G=(none)   M=WinSpool ACBP=A9
 0001:00015338 00000044 C=CODE     S=.text    G=(none)   M=Printers ACBP=A9
 0001:0001537C 00002332 C=CODE     S=.text    G=(none)   M=Menus    ACBP=A9
 0001:000176B0 0000793B C=CODE     S=.text    G=(none)   M=Controls ACBP=A9
 0001:0001EFEC 000081DB C=CODE     S=.text    G=(none)   M=Forms    ACBP=A9
 0001:000271C8 00002768 C=CODE     S=.text    G=(none)   M=StdCtrls ACBP=A9
 0001:00029930 00000038 C=CODE     S=.text    G=(none)   M=CommDlg  ACBP=A9
 0001:00029968 00000038 C=CODE     S=.text    G=(none)   M=Dlgs     ACBP=A9
 0001:000299A0 00000038 C=CODE     S=.text    G=(none)   M=ExtCtrls ACBP=A9
 0001:000299D8 0000026D C=CODE     S=.text    G=(none)   M=Dialogs  ACBP=A9
 0001:00029C48 00000A36 C=CODE     S=.text    G=(none)   M=IPC      ACBP=A9
 0001:0002A680 000000C4 C=CODE     S=.text    G=(none)   M=HttpReq  ACBP=A9
 0001:0002A744 000010A4 C=CODE     S=.text    G=(none)   M=SDS      ACBP=A9
 0001:0002B7E8 00000068 C=CODE     S=.text    G=(none)   M=IniFiles ACBP=A9
 0001:0002B850 0000007C C=CODE     S=.text    G=(none)   M=BrowsCap ACBP=A9
 0001:0002B8CC 00000134 C=CODE     S=.text    G=(none)   M=XStrings ACBP=A9
 0001:0002BA00 000006D0 C=CODE     S=.text    G=(none)   M=InetStr  ACBP=A9
 0001:0002C0D0 000008D0 C=CODE     S=.text    G=(none)   M=CookUtil ACBP=A9
 0001:0002C9A0 0000042C C=CODE     S=.text    G=(none)   M=VirtText ACBP=A9
 0001:0002CDCC 00000038 C=CODE     S=.text    G=(none)   M=Base64   ACBP=A9
 0001:0002CE04 00000038 C=CODE     S=.text    G=(none)   M=TimeUtil ACBP=A9
 0001:0002CE3C 000002C0 C=CODE     S=.text    G=(none)   M=WrdStrms ACBP=A9
 0001:0002D0FC 000026F0 C=CODE     S=.text    G=(none)   M=AppSSI   ACBP=A9
 0001:0002F7EC 00000424 C=CODE     S=.text    G=(none)   M=WVarDict ACBP=A9
 0001:0002FC10 000007BC C=CODE     S=.text    G=(none)   M=MthdsLst ACBP=A9
 0001:000303CC 0000059B C=CODE     S=.text    G=(none)   M=HAWRIntf ACBP=A9
 0001:00030968 00000128 C=CODE     S=.text    G=(none)   M=WapMask  ACBP=A9
 0001:00030A90 000005FC C=CODE     S=.text    G=(none)   M=WapRTTI  ACBP=A9
 0001:0003108C 00001884 C=CODE     S=.text    G=(none)   M=WapActns ACBP=A9
 0001:00032910 000000A0 C=CODE     S=.text    G=(none)   M=WIPCShrd ACBP=A9
 0001:000329B0 0000028F C=CODE     S=.text    G=(none)   M=WapThNtf ACBP=A9
 0001:00032C40 00000038 C=CODE     S=.text    G=(none)   M=wcp      ACBP=A9
 0001:00032C78 00000860 C=CODE     S=.text    G=(none)   M=WapWThrd ACBP=A9
 0001:000334D8 00000038 C=CODE     S=.text    G=(none)   M=D3SysUtl ACBP=A9
 0001:00033510 00000500 C=CODE     S=.text    G=(none)   M=WapSchdl ACBP=A9
 0001:00033A10 0000039C C=CODE     S=.text    G=(none)   M=IpcConv  ACBP=A9
 0001:00033DAC 00000538 C=CODE     S=.text    G=(none)   M=IpcRqst  ACBP=A9
 0001:000342E4 000008E4 C=CODE     S=.text    G=(none)   M=WapTXRdr ACBP=A9
 0001:00034BC8 000005F0 C=CODE     S=.text    G=(none)   M=Registry ACBP=A9
 0001:000351B8 000025BA C=CODE     S=.text    G=(none)   M=HWebApp  ACBP=A9
 0001:00037774 00000358 C=CODE     S=.text    G=(none)   M=Unit1    ACBP=A9
 0001:00037ACC 00000225 C=CODE     S=.text    G=(none)   M=Demo3    ACBP=A9
 0002:00000000 000000F2 C=DATA     S=.data    G=DGROUP   M=System   ACBP=A9
 0002:000000F4 00000010 C=DATA     S=.data    G=DGROUP   M=SysInit  ACBP=A9
 0002:00000104 00000218 C=DATA     S=.data    G=DGROUP   M=SysUtils ACBP=A9
 0002:0000031C 00000004 C=DATA     S=.data    G=DGROUP   M=TypInfo  ACBP=A9
 0002:00000320 0000005C C=DATA     S=.data    G=DGROUP   M=Classes  ACBP=A9
 0002:0000037C 000002A8 C=DATA     S=.data    G=DGROUP   M=Graphics ACBP=A9
 0002:00000624 00000004 C=DATA     S=.data    G=DGROUP   M=Printers ACBP=A9
 0002:00000628 000000A6 C=DATA     S=.data    G=DGROUP   M=Menus    ACBP=A9
 0002:000006D0 000000CC C=DATA     S=.data    G=DGROUP   M=Controls ACBP=A9
 0002:0000079C 000000FC C=DATA     S=.data    G=DGROUP   M=Forms    ACBP=A9
 0002:00000898 00000044 C=DATA     S=.data    G=DGROUP   M=StdCtrls ACBP=A9
 0002:000008DC 00000070 C=DATA     S=.data    G=DGROUP   M=Dialogs  ACBP=A9
 0002:0000094C 00000004 C=DATA     S=.data    G=DGROUP   M=IPC      ACBP=A9
 0002:00000950 00000008 C=DATA     S=.data    G=DGROUP   M=IniFiles ACBP=A9
 0002:00000958 0000004C C=DATA     S=.data    G=DGROUP   M=InetStr  ACBP=A9
 0002:000009A4 00000004 C=DATA     S=.data    G=DGROUP   M=AppSSI   ACBP=A9
 0002:000009A8 00000004 C=DATA     S=.data    G=DGROUP   M=HAWRIntf ACBP=A9
 0002:000009AC 00000004 C=DATA     S=.data    G=DGROUP   M=WapThNtf ACBP=A9
 0002:000009B0 00000008 C=DATA     S=.data    G=DGROUP   M=Registry ACBP=A9
 0002:000009B8 00000010 C=DATA     S=.data    G=DGROUP   M=HWebApp  ACBP=A9
 0002:00001000 000004AC C=BSS      S=.bss     G=DGROUP   M=System   ACBP=A9
 0002:000014AC 00000018 C=BSS      S=.bss     G=DGROUP   M=SysInit  ACBP=A9
 0002:000014C4 00000004 C=BSS      S=.bss     G=DGROUP   M=Windows  ACBP=A9
 0002:000014C8 00000004 C=BSS      S=.bss     G=DGROUP   M=Imm      ACBP=A9
 0002:000014CC 00000004 C=BSS      S=.bss     G=DGROUP   M=Messages ACBP=A9
 0002:000014D0 00000004 C=BSS      S=.bss     G=DGROUP   M=ActiveX  ACBP=A9
 0002:000014D4 00000110 C=BSS      S=.bss     G=DGROUP   M=SysUtils ACBP=A9
 0002:000015E4 00000004 C=BSS      S=.bss     G=DGROUP   M=Commctrl ACBP=A9
 0002:000015E8 00000004 C=BSS      S=.bss     G=DGROUP   M=TypInfo  ACBP=A9
 0002:000015EC 00000004 C=BSS      S=.bss     G=DGROUP   M=Consts   ACBP=A9
 0002:000015F0 00000020 C=BSS      S=.bss     G=DGROUP   M=Classes  ACBP=A9
 0002:00001610 0000005C C=BSS      S=.bss     G=DGROUP   M=Graphics ACBP=A9
 0002:0000166C 00000004 C=BSS      S=.bss     G=DGROUP   M=WinSpool ACBP=A9
 0002:00001670 00000004 C=BSS      S=.bss     G=DGROUP   M=Printers ACBP=A9
 0002:00001674 0000000C C=BSS      S=.bss     G=DGROUP   M=Menus    ACBP=A9
 0002:00001680 00000070 C=BSS      S=.bss     G=DGROUP   M=Controls ACBP=A9
 0002:000016F0 00000040 C=BSS      S=.bss     G=DGROUP   M=Forms    ACBP=A9
 0002:00001730 00000004 C=BSS      S=.bss     G=DGROUP   M=StdCtrls ACBP=A9
 0002:00001734 00000004 C=BSS      S=.bss     G=DGROUP   M=CommDlg  ACBP=A9
 0002:00001738 00000004 C=BSS      S=.bss     G=DGROUP   M=Dlgs     ACBP=A9
 0002:0000173C 00000004 C=BSS      S=.bss     G=DGROUP   M=ExtCtrls ACBP=A9
 0002:00001740 0000000C C=BSS      S=.bss     G=DGROUP   M=Dialogs  ACBP=A9
 0002:0000174C 00000010 C=BSS      S=.bss     G=DGROUP   M=IPC      ACBP=A9
 0002:0000175C 00000004 C=BSS      S=.bss     G=DGROUP   M=HttpReq  ACBP=A9
 0002:00001760 00000004 C=BSS      S=.bss     G=DGROUP   M=SDS      ACBP=A9
 0002:00001764 00000004 C=BSS      S=.bss     G=DGROUP   M=IniFiles ACBP=A9
 0002:00001768 0000001C C=BSS      S=.bss     G=DGROUP   M=BrowsCap ACBP=A9
 0002:00001784 00000004 C=BSS      S=.bss     G=DGROUP   M=XStrings ACBP=A9
 0002:00001788 00000004 C=BSS      S=.bss     G=DGROUP   M=InetStr  ACBP=A9
 0002:0000178C 00000004 C=BSS      S=.bss     G=DGROUP   M=CookUtil ACBP=A9
 0002:00001790 00000004 C=BSS      S=.bss     G=DGROUP   M=VirtText ACBP=A9
 0002:00001794 00000004 C=BSS      S=.bss     G=DGROUP   M=Base64   ACBP=A9
 0002:00001798 00000004 C=BSS      S=.bss     G=DGROUP   M=TimeUtil ACBP=A9
 0002:0000179C 00000004 C=BSS      S=.bss     G=DGROUP   M=WrdStrms ACBP=A9
 0002:000017A0 00000004 C=BSS      S=.bss     G=DGROUP   M=AppSSI   ACBP=A9
 0002:000017A4 00000004 C=BSS      S=.bss     G=DGROUP   M=WVarDict ACBP=A9
 0002:000017A8 00000004 C=BSS      S=.bss     G=DGROUP   M=MthdsLst ACBP=A9
 0002:000017AC 00000068 C=BSS      S=.bss     G=DGROUP   M=HAWRIntf ACBP=A9
 0002:00001814 00000004 C=BSS      S=.bss     G=DGROUP   M=WapMask  ACBP=A9
 0002:00001818 00000004 C=BSS      S=.bss     G=DGROUP   M=WapRTTI  ACBP=A9
 0002:0000181C 00000004 C=BSS      S=.bss     G=DGROUP   M=WapActns ACBP=A9
 0002:00001820 00000004 C=BSS      S=.bss     G=DGROUP   M=WIPCShrd ACBP=A9
 0002:00001824 00000004 C=BSS      S=.bss     G=DGROUP   M=WapThNtf ACBP=A9
 0002:00001828 00000004 C=BSS      S=.bss     G=DGROUP   M=wcp      ACBP=A9
 0002:0000182C 00000004 C=BSS      S=.bss     G=DGROUP   M=WapWThrd ACBP=A9
 0002:00001830 00000004 C=BSS      S=.bss     G=DGROUP   M=D3SysUtl ACBP=A9
 0002:00001834 00000004 C=BSS      S=.bss     G=DGROUP   M=WapSchdl ACBP=A9
 0002:00001838 00000004 C=BSS      S=.bss     G=DGROUP   M=IpcConv  ACBP=A9
 0002:0000183C 00000004 C=BSS      S=.bss     G=DGROUP   M=IpcRqst  ACBP=A9
 0002:00001840 00000004 C=BSS      S=.bss     G=DGROUP   M=WapTXRdr ACBP=A9
 0002:00001844 00000004 C=BSS      S=.bss     G=DGROUP   M=Registry ACBP=A9
 0002:00001848 00000004 C=BSS      S=.bss     G=DGROUP   M=HWebApp  ACBP=A9
 0002:0000184C 00000008 C=BSS      S=.bss     G=DGROUP   M=Unit1    ACBP=A9


  Address         Publics by Name

 0002:00001810       .1
 0002:00001674       .1
 0002:00001670       .1
 0002:0000175C       .1
 0002:00001614       .1
 0002:00001760       .1
 0002:000015EC       .1
 0002:00001850       .1
 0002:000017A8       .1
 0002:000017A4       .1
 0002:00001788       .1
 0002:00001798       .1
 0002:0000173C       .1
 0002:00001814       .1
 0002:00001740       .1
 0002:00001764       .1
 0002:0000179C       .1
 0002:00001844       .1
 0002:00001840       .1
 0002:0000183C       .1
 0002:00001838       .1
 0002:00001834       .1
 0002:00001790       .1
 0002:0000178C       .1
 0002:00001830       .1
 0002:00001758       .1
 0002:0000182C       .1
 0002:00001828       .1
 0002:00001768       .1
 0002:000017A0       .1
 0002:00001824       .1
 0002:00001820       .1
 0002:0000181C       .1
 0002:00001784       .1
 0002:00001818       .1
 0002:00001794       .1
 0002:000016F8       .2
 0002:00001730       .2
 0002:00001848       .2
 0002:000015F8       .4
 0002:00001684       .4
 0002:000015E8       .4
 0001:00001748       @AbstractError
 0001:00004181       @Append
 0001:00001C4C       @AsClass
 0001:00002620       @Assert
 0001:0000405A       @Assign
 0001:00001840       @AStrCmp
 0001:00001B14       @BoundErr
 0001:00001C98       @CallDynaInst
 0001:00001D88       @ClassCreate
 0001:00001DC4       @ClassDestroy
 0001:000040FC       @Close
 0001:000016C4       @Copy
 0001:00002FE4       @Dispose
 0001:0000216C       @DoneExcept
 0001:000018B0       @FillChar
 0001:00002FC4       @Finalize
 0001:00002F04       @FinalizeArray
 0001:00002ED8       @FinalizeRecord
 0001:000040D5       @Flush
 0001:000015E8       @FreeMem
 0001:000015D0       @GetMem
 0001:00004778       @GetTls
 0001:00002608       @Halt
 0001:000024F0       @Halt0
 0001:00001EC8       @HandleAnyException
 0001:000020C4       @HandleFinally
 0001:00001F8C       @HandleOnException
 0001:00004808       @InitExe
 0001:00002ECC       @Initialize
 0001:00002E3C       @InitializeArray
 0001:00002E10       @InitializeRecord
 0001:0000244C       @InitImports
 0001:00002430       @InitResStringImports
 0001:00002414       @InitResStrings
 0001:00003E24       @IntfClear
 0001:00003E3C       @IntfCopy
 0001:00001B1C       @IntOver
 0001:00001C34       @IsClass
 0001:00002AF0       @LStrAddRef
 0001:000026E4       @LStrArrayClr
 0001:00002714       @LStrAsg
 0001:00002944       @LStrCat
 0001:00002988       @LStrCat3
 0001:000029FC       @LStrCatN
 0001:000026C0       @LStrClr
 0001:00002A4C       @LStrCmp
 0001:00002B40       @LStrCopy
 0001:00002B80       @LStrDelete
 0001:000028EC       @LStrFromArray
 0001:00002864       @LStrFromChar
 0001:00002874       @LStrFromPChar
 0001:000027A4       @LStrFromPCharLen
 0001:000028A4       @LStrFromPWChar
 0001:000027D4       @LStrFromPWCharLen
 0001:000028E0       @LStrFromString
 0001:00002904       @LStrFromWStr
 0001:00002BC8       @LStrInsert
 0001:00002758       @LStrLAsg
 0001:0000293C       @LStrLen
 0001:00002C24       @LStrPos
 0001:00002C6C       @LStrSetLength
 0001:00002B00       @LStrToPChar
 0001:00002918       @LStrToString
 0001:00002FD0       @New
 0001:00002780       @NewAnsiString
 0001:00004310       @Pow10
 0001:00001764       @PStrCat
 0001:000017BC       @PStrCmp
 0001:0000178C       @PStrNCpy
 0001:00002118       @RaiseAgain
 0001:000020FC       @RaiseExcept
 0001:00001600       @ReallocMem
 0001:00004173       @ResetText
 0001:0000417A       @RewritText
 0001:00002614       @RunError
 0001:000019B4       @SetRange
 0001:00004188       @SetTextBuf
 0001:000023E4       @StartExe
 0001:0000219C       @TryFinallyExit
 0001:000018D0       @ValLong
 0001:000038A8       @VarAdd
 0001:00003A50       @VarAddRef
 0001:000032BC       @VarCast
 0001:00003154       @VarClear
 0001:00003A48       @VarClr
 0001:0000394C       @VarCmp
 0001:00003188       @VarCopy
 0001:0000355C       @VarFromBool
 0001:00003594       @VarFromCurr
 0001:00003544       @VarFromInt
 0001:000035AC       @VarFromLStr
 0001:0000357C       @VarFromReal
 0001:0000341C       @VarToBool
 0001:000034AC       @VarToCurr
 0001:000033B0       @VarToInt
 0001:00003508       @VarToLStr
 0001:00003450       @VarToReal
 0001:00004277       @Write0Char
 0001:000042E0       @Write0CString
 0001:00002CD0       @Write0LString
 0001:0000423C       @Write0String
 0001:000042C9       @WriteChar
 0001:000042E4       @WriteCString
 0001:00004263       @WriteLn
 0001:00002CD8       @WriteLString
 0001:00004246       @WriteString
 0001:00002D18       @WStrArrayClr
 0001:00002D3C       @WStrAsg
 0001:00002D00       @WStrClr
 0001:00002E00       @WStrFromLStr
 0001:00002D60       @WStrFromPCharLen
 0001:00002DE4       @WStrFromPWCharLen
 0001:00001990       @_CLenToPasStr
 0001:00001978       @_CToPasStr
 0001:000040B0       @_Flush
 0001:00001694       @_IOTest
 0002:00001018       AbstractErrorProc
 0001:00004BEC       ActivateKeyboardLayout
 0001:000051B0       ActiveX
 0001:0002DC08       add
 0001:00005CFC       AddExitProc
 0001:0000E2DC       AddFinished
 0001:00016320       AddIn
 0001:00003C84       AddModuleUnloadProc
 0001:0000E314       AddNotFinished
 0001:000105DC       AddThread
 0001:00020CAC       Adjustment
 0001:00004BF4       AdjustWindowRectEx
 0002:000008A0       Alignments
 0001:0001B198       AlignWork
 0001:000207BC       AllocateHWnd
 0001:0001054C       AllocateWindow
 0001:00005CB0       AllocMem
 0002:00001400       AllocMemCount
 0002:00001404       AllocMemSize
 0001:00005DE4       AnsiCompareText
 0001:00005E8C       AnsiExtractQuotedStr
 0001:00006180       AnsiLastChar
 0001:00004BFC       AnsiLower
 0001:0000828C       AnsiPos
 0001:00005E1C       AnsiStrLIComp
 0001:000082C4       AnsiStrPos
 0001:00008364       AnsiStrRScan
 0001:0000838C       AnsiStrScan
 0002:000016F0       Application
 0001:0002F7E4       AppSSI
 0002:00000890       AppVisible
 0002:00001014       AssertErrorProc
 0001:000093D8       AssignLongStr
 0001:0002D7EC       AssignToHttpCookie
 0001:0002D710       AssignToStrings
 0001:00009430       AssignWideStr
 0001:00019F34       BackgroundClipped
 0001:0002CDFC       Base64
 0001:0000ADB8       BeginGlobalLoading
 0001:00004C04       BeginPaint
 0001:00002674       BeginThread
 0001:00004A9C       BitBlt
 0002:000005E0       BitmapCanvasList
 0002:0000162C       BitmapImageLock
 0002:000017B0       BitmapToGIF
 0002:000017AC       BitmapToJPEG
 0001:000375DC       BitmapToJPEGStream
 0002:000009A4       BitmapToJPEGStreamProc
 0002:000007C8       BlockCode
 0002:00000898       BorderStyles
 0001:0000A814       Bounds
 0002:00000680       Breaks
 0001:0002B8B4       BrowsCap
 0002:00001664       BrushManager
 0001:00016F84       BuildImage
 0002:00000920       ButtonCaptions
 0002:000008F4       ButtonNames
 0001:00013B20       BytesPerScanline
 0001:00008250       ByteType
 0002:0000031C       C10000
 0001:000206D8       CalcJmpOffset
 0001:0002A5B0       CallInMainThread
 0001:00004C0C       CallNextHookEx
 0001:0000853C       CallTerminateProcs
 0001:00004C14       CallWindowProc
 0002:000016C0       CanvasList
 0002:00001668       CanvasList
 0002:000008E0       Captions
 0002:0000077C       CaptureControl
 0001:0002BBD4       CGIQueryStringToStrings
 0002:000008C0       CharCases
 0001:00004C1C       CharNext
 0001:000125E4       CharsetToIdent
 0001:000143B8       CheckBool
 0001:00004C24       CheckMenuItem
 0002:00000670       Checks
 0001:00020380       CheckTaskWindow
 0002:00000328       ClassAliasList
 0001:00011128       Classes
 0002:00000324       ClassList
 0001:0000A84C       ClassNotFound
 0001:000160A4       Clear
 0001:00011F4C       ClearColor
 0001:00004C2C       ClientToScreen
 0001:0001E680       ClientToWindow
 0002:000005D8       ClipboardFormats
 0001:0002CC28       closeCallback
 0001:0000489C       CloseHandle
 0002:00001028       CmdLine
 0002:00001024       CmdShow
 0001:00005170       CoCreateGuid
 0002:000003A8       Colors
 0001:000123DC       ColorToIdent
 0001:000123CC       ColorToRGB
 0002:00001678       CommandPool
 0001:00009158       Commctrl
 0001:00029960       CommDlg
 0001:00015CDC       CompareFront
 0001:00005D70       CompareMem
 0001:000048A4       CompareString
 0001:00005D90       CompareText
 0001:0000ECA0       ComponentCreated
 0002:000009C4       ComponentDestructionLock
 0001:000098DC       Consts
 0002:0000168A       ControlAtom
 0001:0001EFC8       Controls
 0001:0002C998       CookUtil
 0001:00005178       CoTaskMemFree
 0002:00001644       CounterLock
 0001:00004AA4       CreateBitmap
 0001:00004AAC       CreateBrushIndirect
 0001:00004AB4       CreateCompatibleBitmap
 0001:00004ABC       CreateCompatibleDC
 0001:0000ED20       CreateComponent
 0001:00004AC4       CreateDIBitmap
 0001:000048AC       CreateEvent
 0001:000048B4       CreateFile
 0001:000048BC       CreateFileMapping
 0001:00004ACC       CreateFontIndirect
 0001:00004C34       CreateIcon
 0001:00004C3C       CreateMenu
 0001:000048C4       CreateMutex
 0001:00004AD4       CreatePalette
 0001:00004ADC       CreatePenIndirect
 0001:00004C44       CreatePopupMenu
 0001:00004AE4       CreateRectRgn
 0001:00004AEC       CreateSolidBrush
 0001:000368F4       CreateStringGUID
 0001:00013B4C       CreateSystemPalette
 0001:000048CC       CreateThread
 0001:0000508C       CreateWindow
 0001:00004C4C       CreateWindowEx
 0002:000006D0       CreationControl
 0002:0000170C       Ctl3DAutoSubclass
 0002:0000079C       Ctl3DBtnWndProc
 0002:00001714       Ctl3DColorChange
 0002:000007A4       Ctl3DCtlColorEx
 0002:000007A0       Ctl3DDlgFramePaint
 0002:000007C4       Ctl3DHandle
 0002:000016FC       Ctl3DRegister
 0002:00001704       Ctl3DSubclassCtl
 0002:00001708       Ctl3DSubclassDlg
 0002:00001710       Ctl3DUnAutoSubclass
 0002:00001700       Ctl3DUnregister
 0002:000014DC       CurrencyDecimals
 0002:000014D8       CurrencyFormat
 0002:000014D4       CurrencyString
 0002:00000818       CursorMap
 0002:000006D4       Cursors
 0001:000186EC       CursorToIdent
 0001:00033508       D3SysUtl
 0001:00034D00       DataTypeToRegData
 0001:00006E78       Date
 0002:000014DD       DateSeparator
 0001:00006A20       DateTimeToTimeStamp
 0001:00006E50       DayOfWeek
 0002:00000958       Days
 0001:00020878       DeallocateHWnd
 0002:00000008       DebugHook
 0002:000014DB       DecimalSeparator
 0001:00006D2C       DecodeDate
 0001:00006B54       DecodeTime
 0001:00022524       Default
 0001:00025730       Default
 0002:00000000       Default8087CW
 0002:000005A8       DefBrushData
 0002:0000037C       DefFontData
 0001:00004C54       DefFrameProc
 0001:00004C5C       DefMDIChildProc
 0002:00000588       DefPenData
 0001:00004C64       DefWindowProc
 0001:000048D4       DeleteCriticalSection
 0001:00004AF4       DeleteDC
 0001:00004C6C       DeleteMenu
 0001:00004AFC       DeleteObject
 0001:00037CAC       Demo3
 0001:00004C74       DestroyCursor
 0001:00004C7C       DestroyIcon
 0001:00004C84       DestroyMenu
 0001:00004C8C       DestroyWindow
 0001:00029C28       Dialogs
 0001:000201D8       DisableTaskWindows
 0001:00004C94       DispatchMessage
 0001:00029998       Dlgs
 0001:0001B048       DoAlign
 0001:00016E50       DoClick
 0001:0001C020       DoControlMsg
 0001:00020188       DoDisableWindow
 0001:00018A98       DoDragOver
 0001:000202C0       DoFindWindow
 0001:00020150       DoneApplication
 0001:0001EE1C       DoneControls
 0001:00020694       DoneCtl3D
 0001:0001AE6C       DoPosition
 0001:0001463C       DoWrite
 0001:0001A564       DoWrite
 0001:0000C3C8       DoWrite
 0002:000016B8       DragActive
 0002:000016A0       DragCapture
 0002:0000168C       DragControl
 0001:00018D5C       DragDone
 0001:00018A74       DragFindTarget
 0001:00018A48       DragFindWindow
 0002:00001694       DragFreeObject
 0002:0000169C       DragHandle
 0002:000016BC       DragImageList
 0001:00018C44       DragInit
 0001:00018CD0       DragInitControl
 0001:000189DC       DragMessage
 0002:00001690       DragObject
 0002:000016AC       DragPos
 0002:000016B4       DragSaveCursor
 0002:000016A4       DragStartPos
 0002:00001698       DragTarget
 0001:00018ACC       DragTo
 0001:0002576C       DrawAppIcon
 0001:00004C9C       DrawEdge
 0001:00004CA4       DrawIcon
 0001:00004CAC       DrawMenuBar
 0001:00004CB4       DrawText
 0002:0000094C       DummyThread
 0001:000139A0       DupBits
 0002:00000104       EmptyStr
 0001:00004CBC       EnableMenuItem
 0002:00000678       Enables
 0001:00020288       EnableTaskWindows
 0001:00004CC4       EnableWindow
 0001:00006CB8       EncodeDate
 0001:00006ADC       EncodeTime
 0001:0000AE18       EndGlobalLoading
 0001:00004CCC       EndPaint
 0001:000026B8       EndThread
 0001:000048DC       EnterCriticalSection
 0001:000048E4       EnumCalendarInfoA
 0001:00004B04       EnumFontFamiliesEx
 0001:00004B0C       EnumFonts
 0001:000247C0       EnumFontsProc
 0001:00004CD4       EnumThreadWindows
 0001:0000E664       EnumValue
 0001:00030B0C       EnumValue
 0001:00004CDC       EnumWindows
 0001:00007AD8       EOutOfMemory.Destroy
 0001:00007AE4       EOutOfMemory.FreeInstance
 0001:00004CE4       EqualRect
 0002:000015A0       EraNames
 0002:000015BC       EraYearOffsets
 0001:00015998       Error
 0001:000135AC       Error
 0001:0000E038       Error
 0001:00035078       Error
 0002:00001038       ErrorAddr
 0002:00001004       ErrorProc
 0001:000077AC       ExceptAddr
 0002:00001008       ExceptClsProc
 0001:00007A28       Exception.Create
 0001:00007A5C       Exception.CreateFmt
 0002:00001010       ExceptionClass
 0001:000077D8       ExceptionErrorMessage
 0001:0000778C       ExceptObject
 0002:0000100C       ExceptObjProc
 0002:00001000       ExceptProc
 0001:00004B14       ExcludeClipRect
 0002:00001030       ExitCode
 0002:00001034       ExitProc
 0001:000299D0       ExtCtrls
 0001:00032898       ExtractActionParams
 0001:00006200       ExtractFileName
 0001:00006178       FileClose
 0001:000060F0       FileCreate
 0002:000005DC       FileFormats
 0002:00001042       FileMode
 0001:000060B0       FileOpen
 0001:00006114       FileRead
 0002:00000320       FilerSignature
 0001:0000616C       FileSeek
 0001:00006140       FileWrite
 0001:00004CEC       FillRect
 0001:00032C40       Finalization
 0001:000334A0       Finalization
 0001:000334D8       Finalization
 0001:0002CE04       Finalization
 0001:0002CDCC       Finalization
 0001:000339D8       Finalization
 0001:00033D74       Finalization
 0001:0002CD94       Finalization
 0001:000050C0       Finalization
 0001:000342AC       Finalization
 0001:000050F8       Finalization
 0001:0002C968       Finalization
 0001:00005130       Finalization
 0001:00017604       Finalization
 0001:00005180       Finalization
 0001:00034B90       Finalization
 0001:00029930       Finalization
 0001:0002A70C       Finalization
 0001:0000482C       Finalization
 0001:0002B7B0       Finalization
 0001:00029968       Finalization
 0001:0002B800       Finalization
 0001:00015338       Finalization
 0001:0002B850       Finalization
 0001:000299A0       Finalization
 0001:0002C06C       Finalization
 0001:00030A58       Finalization
 0001:00035168       Finalization
 0001:00008F18       Finalization
 0001:000098AC       Finalization
 0001:000045E4       Finalization
 0001:000095E4       Finalization
 0001:00029BCC       Finalization
 0001:0002B9C8       Finalization
 0001:00027154       Finalization
 0001:0001514C       Finalization
 0001:00009128       Finalization
 0001:00015300       Finalization
 0001:000298F8       Finalization
 0001:000376A4       Finalization
 0001:0002D0C4       Finalization
 0001:00032BB4       Finalization
 0001:00032978       Finalization
 0001:00037A94       Finalization
 0001:00037ACC       Finalization
 0001:0001EF7C       Finalization
 0001:000328D8       Finalization
 0001:0002F7B4       Finalization
 0001:0002FBD8       Finalization
 0001:00031054       Finalization
 0001:00030394       Finalization
 0001:000110AC       Finalization
 0001:00030910       Finalization
 0001:0002A5D8       Finalization
 0001:00016CCC       Find
 0001:0000A940       FindClass
 0001:00003AA0       FindClassHInstance
 0001:00036FE8       FindComponentByCanonicName
 0001:00018520       FindControl
 0001:00018F00       FindDragTarget
 0001:0000EE10       FindExistingComponent
 0001:0000A964       FindFieldClass
 0001:000203CC       FindGlobalComponent
 0002:000015F4       FindGlobalComponent
 0002:000009C0       FindGlobalComponentActiveSession
 0002:000009BC       FindGlobalComponentLock
 0001:00003A78       FindHInstance
 0002:00001748       FindMsg
 0001:000048EC       FindResource
 0001:00003AA8       FindResourceHInstance
 0001:00026BE8       FindScanline
 0001:00020324       FindTopMostWindow
 0001:0000FA30       FindUniqueName
 0001:00018ECC       FindVCLWindow
 0002:000006C8       Flags
 0001:00008C2A       FloatToDecimal
 0001:0000868E       FloatToText
 0001:00008957       FloatToTextFmt
 0001:0002CBC4       flushCallback
 0001:000068DC       FmtStr
 0002:000007B0       FocusCount
 0002:000007AC       FocusMessages
 0002:000004F8       FontCharsets
 0002:0000165C       FontManager
 0001:000203A0       ForegroundTask
 0002:0000184C       Form1
 0001:000068C8       Format
 0001:00006510       FormatBuf
 0001:0002C3CC       FormatCookie
 0001:000048F4       FormatMessage
 0001:00032910       FormatSharedName
 0001:0002F064       FormatStatusString
 0001:000271A8       Forms
 0001:00004310       FPower10
 0002:00000624       FPrinter
 0001:00004CF4       FrameRect
 0001:00018FCC       FreeDeviceContext
 0001:00019090       FreeDeviceContexts
 0001:00011060       FreeIntConstList
 0001:000048FC       FreeLibrary
 0001:0001492C       FreeMemoryContexts
 0001:00020798       FreeObjectInstance
 0001:00004914       FreeResource
 0001:00013990       GDICheck
 0001:000138E8       GDIError
 0001:0003692C       GenerateUniqueSessionId
 0001:00004CFC       GetActiveWindow
 0001:00025078       GetAnimation
 0001:0002BF84       GetBias
 0001:00004B1C       GetBitmapBits
 0001:00036F9C       GetCanonicComponentName
 0001:00004D04       GetCapture
 0001:000187AC       GetCaptureControl
 0001:0002B9A0       GetCharPosFromEnd
 0001:0000A8D0       GetClass
 0001:00004D0C       GetClassInfo
 0001:00004D14       GetClientRect
 0001:0000491C       GetCPInfo
 0001:00004B24       GetCurrentPositionEx
 0001:00004924       GetCurrentProcessId
 0001:0000492C       GetCurrentThreadId
 0001:00004D1C       GetCursor
 0001:00026BF8       GetCursorHeightMargin
 0001:00004D24       GetCursorPos
 0001:00004D2C       GetDC
 0001:00004D34       GetDCEx
 0001:0001503C       GetDefFontCharSet
 0001:00004D3C       GetDesktopWindow
 0001:00004B34       GetDeviceCaps
 0001:000143A0       GetDIB
 0001:00004B2C       GetDIBits
 0001:000142E8       GetDIBSizes
 0001:00013B00       GetDInColors
 0001:0000916C       GetEnumValue
 0001:00004934       GetExitCodeThread
 0001:0000A840       GetFieldClassTable
 0001:00004D44       GetFocus
 0001:00012604       GetFontData
 0001:00004D4C       GetForegroundWindow
 0001:00007444       GetFormatSettings
 0001:00011C34       GetHashCode
 0001:00024EA8       GetHint
 0001:00024ED8       GetHintControl
 0001:00004D54       GetIconInfo
 0001:00004D6C       GetKeyboardLayout
 0001:00004D74       GetKeyboardLayoutList
 0001:00004D5C       GetKeyNameText
 0001:00004D64       GetKeyState
 0001:00004D7C       GetLastActivePopup
 0001:0000493C       GetLastError
 0001:00006F94       GetLocaleChar
 0001:0000494C       GetLocaleInfo
 0001:00006F48       GetLocaleStr
 0001:00004944       GetLocalTime
 0001:0001875C       GetLongHint
 0001:00004D84       GetMenu
 0001:00023F40       GetMenuHelpContext
 0001:00004D8C       GetMenuItemCount
 0001:00004D94       GetMenuState
 0001:00004D9C       GetMenuString
 0001:00004954       GetModuleFileName
 0001:0000495C       GetModuleHandle
 0001:000335B0       GetNumberOfProcessors
 0001:00004B3C       GetObject
 0001:00009278       GetOrdProp
 0001:00031B18       GetOwnerModule
 0001:00004DA4       GetParent
 0001:000209D0       GetParentForm
 0001:00004964       GetProcAddress
 0001:00004DAC       GetProp
 0001:000091B8       GetPropInfo
 0001:00009224       GetPropInfos
 0001:0001E660       GetRGBColor
 0001:00004DB4       GetScrollPos
 0001:0001870C       GetShortHint
 0001:000159F8       GetSpecialName
 0001:00004B44       GetStockObject
 0001:00004DBC       GetSubMenu
 0001:00004DC4       GetSysColor
 0001:0000496C       GetSystemInfo
 0001:00004DCC       GetSystemMenu
 0001:00004DD4       GetSystemMetrics
 0001:00004B4C       GetSystemPaletteEntries
 0001:00004B54       GetTextExtentPoint
 0001:0002CA28       GetTextFileDriver
 0001:00004B5C       GetTextMetrics
 0001:00004974       GetThreadLocale
 0001:0000497C       GetTimeZoneInformation
 0001:00025550       GetTopMostWindows
 0001:00009160       GetTypeData
 0001:00033670       GetValue
 0001:0002D898       getVarKind
 0001:00004984       GetVersion
 0001:0000498C       GetVersionEx
 0001:00004DDC       GetWindow
 0001:00004DE4       GetWindowDC
 0001:00004DEC       GetWindowLong
 0001:00004B64       GetWindowOrgEx
 0001:00004DF4       GetWindowPlacement
 0001:00004DFC       GetWindowRect
 0001:00004E04       GetWindowRgn
 0001:00004E0C       GetWindowText
 0001:00004994       GlobalAddAtom
 0001:0000499C       GlobalAlloc
 0001:00005020       GlobalAllocPtr
 0001:000049A4       GlobalDeleteAtom
 0002:00001604       GlobalFixupList
 0001:0000E35C       GlobalFixupReferences
 0001:000049AC       GlobalFree
 0001:0000504C       GlobalFreePtr
 0001:000049BC       GlobalHandle
 0002:00001600       GlobalLists
 0002:000015FC       GlobalLoaded
 0001:000049B4       GlobalLock
 0001:000049C4       GlobalReAlloc
 0001:00005030       GlobalReAllocPtr
 0001:000049CC       GlobalUnlock
 0001:00015214       Graphics
 0001:0000F328       HandleException
 0001:00028634       HasPopup
 0001:00030954       HAWRIntf
 0002:00000004       HeapAllocFlags
 0002:00001744       HelpMsg
 0001:00005014       HiByte
 0002:000008CC       HideSelections
 0002:000014B8       HInstance
 0002:00001724       HintDoneEvent
 0001:00024F6C       HintGetMsgHook
 0002:00001728       HintHook
 0001:00024F10       HintMouseThread
 0002:0000172C       HintThread
 0002:00001720       HintThreadID
 0001:00024EF4       HintTimerProc
 0002:000007A8       HintWindowClass
 0001:00024FB0       HookHintHooks
 0001:0002A73C       HttpReq
 0001:00037720       HWebApp
 0002:00000694       IBreaks
 0002:000006A0       IChecks
 0002:000006A8       IDefaults
 0001:000125F4       IdentToCharset
 0001:000123EC       IdentToColor
 0001:000186FC       IdentToCursor
 0001:0000ACAC       IdentToInt
 0002:000006B0       IEnables
 0001:000090DC       ImageList_AddIcon
 0001:000090E8       ImageList_BeginDrag
 0001:000090BC       ImageList_Create
 0001:000090C4       ImageList_Destroy
 0001:000090F8       ImageList_DragEnter
 0001:00009100       ImageList_DragLeave
 0001:00009108       ImageList_DragMove
 0001:00009118       ImageList_DragShowNolock
 0001:000090F0       ImageList_EndDrag
 0001:00009120       ImageList_GetDragImage
 0001:000090CC       ImageList_ReplaceIcon
 0001:000090D4       ImageList_SetBkColor
 0001:00009110       ImageList_SetDragCursorImage
 0001:00005128       Imm
 0002:00000790       IMM32DLL
 0001:0001EE08       Imm32IsIME
 0001:000159B0       IndexError
 0001:0002C0C8       InetStr
 0001:00004E14       InflateRect
 0001:0002B848       IniFiles
 0002:0000176C       IniLock
 0001:0002A5CC       InitCallInMainThreadSupport
 0001:0000AE54       InitComponent
 0001:0001EE80       InitControls
 0001:00020458       InitCtl3D
 0001:00015080       InitDefFontData
 0001:00029A7C       InitGlobals
 0001:00014198       InitializeBitmapInfoHeader
 0001:000049D4       InitializeCriticalSection
 0001:00004864       InitializeSecurityDescriptor
 0001:0001EA94       InitIMM32
 0001:0000AEFC       InitInheritedComponent
 0002:0000102C       InitProc
 0001:00015004       InitScreenLogPixels
 0001:00018468       InitWndProc
 0001:0002CB08       inOutCallback
 0002:00001048       Input
 0001:0001ADE8       InsertBefore
 0001:00004E1C       InsertMenu
 0001:00004E24       InsertMenuItem
 0002:00001718       InstBlockList
 0002:0000171C       InstFreeList
 0002:0000032C       IntConstList
 0001:00004904       InterlockedDecrement
 0001:0000490C       InterlockedIncrement
 0001:000142F0       InternalGetDIB
 0001:00014280       InternalGetDIBSizes
 0001:0000AD30       InternalReadComponentRes
 0001:00030C58       InternalSetPropertyValue
 0001:00004B6C       IntersectClipRect
 0001:00004E2C       IntersectRect
 0001:0000ACEC       IntToIdent
 0001:00005FF0       IntToStr
 0001:00004E34       InvalidateRect
 0001:00013804       InvalidBitmap
 0001:000137EC       InvalidGraphic
 0001:0001384C       InvalidIcon
 0001:000137D4       InvalidOperation
 0001:0002A618       IPC
 0001:00033DA4       IpcConv
 0001:000342DC       IpcRqst
 0002:000006B8       IRadios
 0001:00020930       IsAccel
 0002:00001040       IsConsole
 0001:00018A24       IsDelphiHandle
 0001:00004E3C       IsDialogMessage
 0002:000006C0       ISeparators
 0001:00004E44       IsIconic
 0001:00006BB0       IsLeapYear
 0002:00001020       IsLibrary
 0002:00001041       IsMultiThread
 0001:00004E4C       IsRectEmpty
 0001:00034CE4       IsRelative
 0001:00005F8C       IsValidIdent
 0001:00004E54       IsWindow
 0001:00004E5C       IsWindowEnabled
 0001:00004E64       IsWindowVisible
 0001:00004E6C       IsZoomed
 0001:00015E54       Iterate
 0001:00015EBC       IterateMenus
 0001:000208F4       KeyDataToShiftState
 0001:000208A0       KeysToShiftState
 0001:00004E74       KillTimer
 0001:000061B0       LastDelimiter
 0002:0000014C       LeadBytes
 0001:000049DC       LeaveCriticalSection
 0002:0000000C       LibModuleList
 0001:00018F44       ListAdd
 0001:00018F6C       ListRemove
 0001:00004E7C       LoadCursor
 0001:00004E84       LoadIcon
 0001:000049E4       LoadLibrary
 0001:000049EC       LoadResource
 0001:00003AC4       LoadResourceModule
 0001:00003DE0       LoadResString
 0001:00004E8C       LoadString
 0001:0002BE78       LocalDateTimeToInetStdStr
 0001:0002BFE4       LocalTimeToGMT
 0001:000049F4       LockResource
 0002:000014E4       LongDateFormat
 0002:00001578       LongDayNames
 0002:0000152C       LongMonthNames
 0002:000014F8       LongTimeFormat
 0002:0000101C       MainInstance
 0002:000015F0       MainThreadID
 0001:000206F0       MakeObjectInstance
 0001:000049FC       MapViewOfFile
 0001:00004E94       MapVirtualKey
 0002:00000788       Mask
 0002:000017E0       Mask_Create
 0002:000017E4       Mask_Free
 0002:000017E8       Mask_Matches
 0002:000017EC       MatchesMask
 0001:00020144       Max
 0002:00000628       MenuKeyCaps
 0001:00017660       Menus
 0001:00004E9C       MessageBox
 0001:00005160       Messages
 0001:0002D52C       MethodToMethodType
 0001:0000B774       Min
 0002:00000794       ModeMap
 0001:00023A38       ModifySystemMenu
 0002:000009A8       ModuleHandle
 0002:000014AC       ModuleIsLib
 0001:000110A0       ModuleUnload
 0002:00000010       ModuleUnloadList
 0002:0000011C       MonthDays
 0002:00000974       Months
 0001:00001708       Move
 0001:00004B74       MoveToEx
 0001:00018F8C       MoveWindowOrg
 0001:00004EA4       MsgWaitForMultipleObjects
 0001:000303C4       MthdsLst
 0001:00004A04       MulDiv
 0002:000014D9       NegCurrFormat
 0002:00001680       NewStyleControls
 0002:00000330       NilMethod
 0001:0001AE64       NonNeg
 0002:0000174C       NoSecurityAttributes
 0001:0000ADE0       NotifyGlobalLoading
 0001:00032B54       NotifyThreadNotification
 0001:00006ED8       Now
 0002:000013F0       Null
 0002:000008D4       OEMConverts
 0001:00004EAC       OemToAnsi
 0001:00004EB4       OffsetRect
 0001:0000309C       OleStrToStrVar
 0001:0002CC40       openCallback
 0002:000009B8       OriginalFindGlobalComponent
 0001:00013894       OutOfResources
 0002:00001214       Output
 0001:0002C1DC       PackCookie
 0002:000005E4       Pal16
 0001:00011FB8       PaletteChanged
 0001:0002C2BC       ParseCookieHeader
 0001:00031744       ParseRequestVars
 0001:00030B28       ParseSet
 0002:000008B0       Passwords
 0001:00004EBC       PeekMessage
 0002:00001660       PenManager
 0002:000005B8       PenModes
 0002:00000598       PenStyles
 0001:0000A7E0       Point
 0001:00005074       PointToSmallPoint
 0002:0000167C       PopupList
 0001:00004EC4       PostMessage
 0001:00004ECC       PostQuitMessage
 0001:00015374       Printers
 0002:00000360       Priorities
 0001:00020B18       ProcessHorz
 0001:00020B74       ProcessVert
 0001:0000E61C       PropertyNotFound
 0001:00030AAC       PropertyNotFound
 0001:00030EB8       PropPathError
 0001:0000F434       PropPathError
 0001:0000E5D4       PropValueError
 0001:00030ADC       PropValueError
 0001:00004ED4       PtInRect
 0001:00008478       RaiseLastWin32Error
 0002:0000103C       RandSeed
 0001:00036494       ReadAppRoot
 0001:00030A90       ReadError
 0001:0000E5B8       ReadError
 0001:00034C78       ReadError
 0001:00004A0C       ReadFile
 0001:00013E78       ReadIcon
 0002:000008B8       ReadOnlys
 0001:00004B7C       RealizePalette
 0001:0000ECC0       Recover
 0001:0000A7F8       Rect
 0001:00004B84       RectVisible
 0001:0000486C       RegCloseKey
 0001:00004874       RegCreateKeyEx
 0001:0000487C       RegFlushKey
 0001:0000AA38       RegisterClass
 0001:00004EDC       RegisterClass
 0001:0000AB28       RegisterClasses
 0001:0000AC7C       RegisterIntegerConsts
 0001:00003D60       RegisterModule
 0001:00004EE4       RegisterWindowMessage
 0001:000351B0       Registry
 0001:00004884       RegOpenKeyEx
 0001:0000488C       RegQueryValueEx
 0001:00036400       RegReadString
 0001:00004EEC       ReleaseCapture
 0001:00004EF4       ReleaseDC
 0001:00004A14       ReleaseMutex
 0001:0000E4F8       RemoveFixupReferences
 0001:0000E568       RemoveFixups
 0001:00004EFC       RemoveMenu
 0001:00003CA4       RemoveModuleUnloadProc
 0001:00004F04       RemoveProp
 0001:00010604       RemoveThread
 0001:0002B94C       ReplaceCharInString
 0001:00004A1C       ResetEvent
 0001:000303CC       ResolveProcs
 0001:00004B8C       RestoreDC
 0001:00004A24       ResumeThread
 0001:0000B058       ReturnAddr
 0001:0000C53C       ReturnAddr
 0001:00004B94       SaveDC
 0002:000016F4       Screen
 0002:00001618       ScreenLogPixels
 0001:00004F0C       ScreenToClient
 0002:000017B4       ScriptedHtmlLexer_Create
 0002:000017B8       ScriptedHtmlLexer_Destroy
 0002:000017BC       ScriptedHtmlLexer_Execute
 0002:000017C4       ScriptedHtmlLexer_SetEndDelim
 0002:000017C8       ScriptedHtmlLexer_SetMacroChar
 0002:000017CC       ScriptedHtmlLexer_SetOnInlineScript
 0002:000017D8       ScriptedHtmlLexer_SetOnMacro
 0002:000017D4       ScriptedHtmlLexer_SetOnNonScriptText
 0002:000017DC       ScriptedHtmlLexer_SetOnPreProcessorInclude
 0002:000017D0       ScriptedHtmlLexer_SetOnScriptTag
 0002:000017C0       ScriptedHtmlLexer_SetStartDelim
 0001:00020C78       ScrollBarVisible
 0001:00004F14       ScrollWindow
 0001:0002B7E0       SDS
 0001:00004B9C       SelectObject
 0001:00004BA4       SelectPalette
 0001:0001853C       SendAppMessage
 0001:00020360       SendFocusMessage
 0001:00004F1C       SendMessage
 0002:0000068C       Separators
 0001:00004F24       SetActiveWindow
 0001:000250A8       SetAnimation
 0001:00004BAC       SetBkColor
 0001:00004BB4       SetBkMode
 0001:00004F2C       SetCapture
 0001:000187D4       SetCaptureControl
 0001:0000ED98       SetCompName
 0001:00004F34       SetCursor
 0001:00004A2C       SetEndOfFile
 0001:00004A34       SetErrorMode
 0001:00004A3C       SetEvent
 0001:00004A44       SetFilePointer
 0001:00009514       SetFloatProp
 0001:00004F3C       SetFocus
 0001:00004F44       SetForegroundWindow
 0001:0001ED2C       SetImeMode
 0001:0000F674       SetIntIdent
 0001:000093F0       SetLongStrProp
 0001:00004F4C       SetMenu
 0001:000095AC       SetMethodProp
 0001:0000F6E8       SetObjectIdent
 0001:000092EC       SetOrdProp
 0001:00004F54       SetProp
 0001:00030EE8       SetPropertyValue
 0001:00004F5C       SetRect
 0001:00004BBC       SetROP2
 0001:00004F64       SetScrollInfo
 0001:00004F6C       SetScrollPos
 0001:00004894       SetSecurityDescriptorDacl
 0001:00009348       SetShortStrProp
 0001:0000939C       SetShortStrPropAsLongStr
 0001:000094E0       SetStrProp
 0001:00004BC4       SetTextColor
 0001:00004A4C       SetThreadLocale
 0001:00004A54       SetThreadPriority
 0001:00004F74       SetTimer
 0001:00004BCC       SetViewportOrgEx
 0001:00026980       SetVisible
 0001:00009448       SetWideStrProp
 0001:00009488       SetWideStrPropAsLongStr
 0001:00004F7C       SetWindowLong
 0001:00004BD4       SetWindowOrgEx
 0001:00004F84       SetWindowPlacement
 0001:00004F8C       SetWindowPos
 0001:00004FA4       SetWindowRgn
 0001:00004F9C       SetWindowsHookEx
 0001:00004F94       SetWindowText
 0001:00015A60       ShortCutToText
 0002:000014E0       ShortDateFormat
 0002:0000155C       ShortDayNames
 0002:000014FC       ShortMonthNames
 0002:000014F4       ShortTimeFormat
 0002:0000080C       ShowCommands
 0002:00000800       ShowCommands
 0002:000007F4       ShowCommands
 0001:00004FAC       ShowCursor
 0001:00007964       ShowException
 0002:00000894       ShowFlags
 0002:00000780       ShowFlags
 0001:00004FB4       ShowOwnedPopups
 0001:00004FBC       ShowWindow
 0001:000250D0       ShowWinNoAnimate
 0001:00004A5C       SizeofResource
 0001:0000FF80       SkipBinary
 0001:0000FF24       SkipBytes
 0001:0000FFA8       SkipCollection
 0001:0000FEFC       SkipList
 0001:00004A64       Sleep
 0001:0000A7E8       SmallPoint
 0001:00005060       SmallPointToPoint
 0001:0002E980       StatusCodeToReason
 0001:00029928       StdCtrls
 0001:000206B8       StdWndProc
 0002:00001620       StockBrush
 0002:00001624       StockFont
 0002:00001628       StockIcon
 0002:0000161C       StockPen
 0001:0000643C       StrAlloc
 0001:00006450       StrBufSize
 0001:00008274       StrByteType
 0001:00006348       StrComp
 0001:000062A0       StrCopy
 0001:00006488       StrDispose
 0001:000062C8       StrECopy
 0001:00006250       StrEnd
 0001:00004BDC       StretchBlt
 0001:00006860       StrFmt
 0001:00005168       StringFromCLSID
 0001:0002BCF0       StringsToCGIQueryString
 0001:0002B8CC       StringToNameAndValue
 0001:00029E98       StringToNilPChar
 0001:000030C0       StringToOleStr
 0001:000062F4       StrLCopy
 0001:00006238       StrLen
 0001:00006894       StrLFmt
 0001:0000636C       StrLIComp
 0001:00006264       StrMove
 0001:0000645C       StrNew
 0001:00006428       StrPas
 0001:00006328       StrPCopy
 0001:000063D4       StrPos
 0001:000063B4       StrScan
 0001:000069A4       StrToFloat
 0001:00006020       StrToInt
 0001:00006098       StrToIntDef
 0001:00006EFC       SysErrorMessage
 0001:00001198       SysFreeMem
 0001:00001010       SysGetMem
 0001:0000485C       SysInit
 0002:00001594       SysLocale
 0001:0000150C       SysReallocMem
 0001:00004644       System
 0002:00001610       SystemPalette16
 0001:00004FC4       SystemParametersInfo
 0001:00009058       SysUtils
 0001:00026DF0       TApplication.ActivateHint
 0001:00025F2C       TApplication.BringToFront
 0001:00026BC0       TApplication.CancelHint
 0001:000256E0       TApplication.CheckIniChange
 0001:000254F0       TApplication.ControlDestroyed
 0001:00025110       TApplication.Create
 0001:00026284       TApplication.CreateForm
 0001:00025368       TApplication.CreateHandle
 0001:00025290       TApplication.Destroy
 0001:00026734       TApplication.DoMouseIdle
 0001:000255BC       TApplication.DoNormalizeTopMosts
 0001:00025E40       TApplication.GetIconHandle
 0001:00025F68       TApplication.GetTitle
 0001:000263D8       TApplication.HandleException
 0001:00026170       TApplication.HandleMessage
 0001:000266EC       TApplication.HelpCommand
 0001:000266E0       TApplication.HelpContext
 0001:00026B84       TApplication.HideHint
 0001:00026A94       TApplication.HintMouseMessage
 0001:00026B50       TApplication.HintTimerExpired
 0001:00026188       TApplication.HookMainWindow
 0001:000268F8       TApplication.IconChanged
 0001:000267B8       TApplication.Idle
 0001:0002626C       TApplication.Initialize
 0001:000265B4       TApplication.InvokeHelp
 0001:00025FB0       TApplication.IsDlgMsg
 0001:00026090       TApplication.IsHintMsg
 0001:00026024       TApplication.IsKeyMsg
 0001:00025FD4       TApplication.IsMDIMsg
 0001:00026468       TApplication.MessageBox
 0001:00025E5C       TApplication.Minimize
 0001:00025670       TApplication.NormalizeAllTopMosts
 0001:00025668       TApplication.NormalizeTopMosts
 0001:000268B4       TApplication.NotifyForms
 0001:000260C0       TApplication.ProcessMessage
 0001:00025EA4       TApplication.Restore
 0001:00025678       TApplication.RestoreTopMosts
 0001:00026310       TApplication.Run
 0001:00026948       TApplication.SetHint
 0001:000266F4       TApplication.SetShowHint
 0001:000264DC       TApplication.ShowException
 0001:00026A3C       TApplication.StartHintTimer
 0001:00026A74       TApplication.StopHintTimer
 0001:000263C4       TApplication.Terminate
 0001:000261E4       TApplication.UnhookMainWindow
 0001:000269DC       TApplication.UpdateVisible
 0001:000257B8       TApplication.WndProc
 0002:000007B4       TaskActiveWindow
 0002:000007BC       TaskFirstTopMost
 0002:000007B8       TaskFirstWindow
 0002:000007C0       TaskWindowList
 0001:000149E0       TBitmapCanvas.FreeContext
 0001:0003758C       TBitmapToJPEGStreamHelper.SynchExecute
 0001:0000B6F0       TBits.Destroy
 0001:0000B720       TBits.Error
 0001:0000B888       TBits.OpenBit
 0001:0000B85C       TBits.SetBit
 0001:0000B780       TBits.SetSize
 0001:00012EFC       TBrush.Assign
 0001:00012EA0       TBrush.Create
 0001:00012ED8       TBrush.Destroy
 0001:00013014       TBrush.GetColor
 0001:00012FA4       TBrush.GetData
 0001:00013050       TBrush.GetHandle
 0001:0001313C       TBrush.GetStyle
 0001:0001301C       TBrush.SetColor
 0001:00012FC4       TBrush.SetData
 0001:00013144       TBrush.SetStyle
 0001:0002A4E0       TCallInMainThreadCallerThread.CallMethod
 0001:0002A4B0       TCallInMainThreadCallerThread.Destroy
 0001:0002A4F4       TCallInMainThreadCallerThread.Execute
 0001:000137B4       TCanvas.BrushChanged
 0001:00013688       TCanvas.Changed
 0001:00013674       TCanvas.Changing
 0001:00013178       TCanvas.Create
 0001:000136F8       TCanvas.CreateBrush
 0001:0001369C       TCanvas.CreateFont
 0001:00013554       TCanvas.CreateHandle
 0001:000136C8       TCanvas.CreatePen
 0001:000134F8       TCanvas.DeselectHandles
 0001:00013234       TCanvas.Destroy
 0001:0001328C       TCanvas.FillRect
 0001:00013774       TCanvas.FontChanged
 0001:000132C8       TCanvas.FrameRect
 0001:000134D8       TCanvas.GetHandle
 0001:00013494       TCanvas.GetPenPos
 0001:00013304       TCanvas.Lock
 0001:00013334       TCanvas.MoveTo
 0001:00013794       TCanvas.PenChanged
 0001:00013600       TCanvas.RequiredState
 0001:00013488       TCanvas.SetBrush
 0001:0001346C       TCanvas.SetFont
 0001:00013558       TCanvas.SetHandle
 0001:0001347C       TCanvas.SetPen
 0001:000134B8       TCanvas.SetPenPos
 0001:00013360       TCanvas.TextExtent
 0001:000133C0       TCanvas.TextHeight
 0001:000133A4       TCanvas.TextWidth
 0001:000133E0       TCanvas.TryLock
 0001:0001343C       TCanvas.Unlock
 0001:0000BDA4       TCollection.Add
 0001:0000BDB4       TCollection.Assign
 0001:0000BE54       TCollection.BeginUpdate
 0001:0000BE60       TCollection.Changed
 0001:0000BE74       TCollection.Clear
 0001:0000BD24       TCollection.Create
 0001:0000BD60       TCollection.Destroy
 0001:0000BEDC       TCollection.EndUpdate
 0001:0000BEF8       TCollection.GetAttr
 0001:0000BEF4       TCollection.GetAttrCount
 0001:0000BF28       TCollection.GetCount
 0001:0000BF30       TCollection.GetItem
 0001:0000BF08       TCollection.GetItemAttr
 0001:0000BF40       TCollection.GetNamePath
 0001:0000C008       TCollection.GetPropName
 0001:0000C134       TCollection.InsertItem
 0001:0000C1C8       TCollection.RemoveItem
 0001:0000C1EC       TCollection.SetItemName
 0001:0000C1F0       TCollection.Update
 0001:0000BB8C       TCollectionItem.Changed
 0001:0000BB28       TCollectionItem.Create
 0001:0000BB5C       TCollectionItem.Destroy
 0001:0000BBD0       TCollectionItem.GetDisplayName
 0001:0000BBB4       TCollectionItem.GetIndex
 0001:0000BC00       TCollectionItem.GetNamePath
 0001:0000BCB4       TCollectionItem.GetOwner
 0001:0000BCB8       TCollectionItem.SetCollection
 0001:0000BCE4       TCollectionItem.SetDisplayName
 0001:0000BCF0       TCollectionItem.SetIndex
 0001:00010EA0       TComponent.ChangeName
 0001:00010830       TComponent.Create
 0001:00010B98       TComponent.DefineProperties
 0001:00010878       TComponent.Destroy
 0001:00010AA4       TComponent.DestroyComponents
 0001:00010AD4       TComponent.Destroying
 0001:00010D70       TComponent.FindComponent
 0001:0001090C       TComponent.FreeNotification
 0001:00010C28       TComponent.GetChildOwner
 0001:00010C2C       TComponent.GetChildParent
 0001:00010C20       TComponent.GetChildren
 0001:00010EB8       TComponent.GetComponent
 0001:00010F24       TComponent.GetComponentCount
 0001:00010C30       TComponent.GetNamePath
 0001:00010C48       TComponent.GetOwner
 0001:00010C50       TComponent.GetParentComponent
 0001:00010C1C       TComponent.HasParent
 0001:000109AC       TComponent.Insert
 0001:00010A08       TComponent.InsertComponent
 0001:00010C78       TComponent.Loaded
 0001:00010B1C       TComponent.Notification
 0001:0001095C       TComponent.ReadLeft
 0001:00010C88       TComponent.ReadState
 0001:00010974       TComponent.ReadTop
 0001:000109DC       TComponent.Remove
 0001:00010A60       TComponent.RemoveComponent
 0001:00011038       TComponent.SafeCallException
 0001:00010C4C       TComponent.SetChildOrder
 0001:00010F34       TComponent.SetComponentIndex
 0001:00010F94       TComponent.SetDesigning
 0001:00010DD4       TComponent.SetName
 0001:00010C54       TComponent.SetParentComponent
 0001:00010FE8       TComponent.SetReference
 0001:00010C68       TComponent.Updated
 0001:00011058       TComponent.UpdateRegistry
 0001:00010C58       TComponent.Updating
 0001:00010D54       TComponent.ValidateContainer
 0001:00010D6C       TComponent.ValidateInsert
 0001:00010CA0       TComponent.ValidateRename
 0001:0001098C       TComponent.WriteLeft
 0001:00010C94       TComponent.WriteState
 0001:0001099C       TComponent.WriteTop
 0001:0002AF0C       TContainer.BeginUpdate
 0001:0002AD8C       TContainer.Changed
 0001:0002ADD0       TContainer.Changing
 0001:0002AC38       TContainer.Create
 0001:0002AC78       TContainer.Destroy
 0001:0002AF30       TContainer.EndUpdate
 0001:0002ACA8       TContainer.Lock
 0001:0002ADBC       TContainer.ObjectAdded
 0001:0002ADC0       TContainer.ObjectRemoved
 0001:0002ADAC       TContainer.RemoveObject
 0001:0002B1E0       TContainer.SetUpdateState
 0001:0002ACB8       TContainer.Unlock
 0001:0001A178       TControl.BeginDrag
 0001:00019DC4       TControl.BringToFront
 0001:00019824       TControl.Changed
 0001:00019834       TControl.ChangeScale
 0001:0001A758       TControl.CheckMenuPopup
 0001:0001A5E4       TControl.Click
 0001:00019794       TControl.ClientToScreen
 0001:0001AA6C       TControl.CMColorChanged
 0001:0001AB48       TControl.CMDesignHitTest
 0001:0001AA5C       TControl.CMEnabledChanged
 0001:0001AA64       TControl.CMFontChanged
 0001:0001AB10       TControl.CMHitTest
 0001:0001AB18       TControl.CMMouseEnter
 0001:0001AB30       TControl.CMMouseLeave
 0001:0001AA74       TControl.CMParentColorChanged
 0001:0001AAC0       TControl.CMParentFontChanged
 0001:0001AAA4       TControl.CMParentShowHintChanged
 0001:0001AAF0       TControl.CMSysFontChanged
 0001:0001AA34       TControl.CMVisibleChanged
 0001:00019258       TControl.Create
 0001:0001A604       TControl.DblClick
 0001:0001A4C4       TControl.DefaultHandler
 0001:0001A594       TControl.DefineProperties
 0001:000192E8       TControl.Destroy
 0001:0001A310       TControl.DoDragMsg
 0001:0001A2E4       TControl.DoEndDrag
 0001:0001A654       TControl.DoMouseDown
 0001:0001A8FC       TControl.DoMouseUp
 0001:0001A2C4       TControl.DoStartDrag
 0001:0001A24C       TControl.DragCanceled
 0001:0001A298       TControl.DragDrop
 0001:0001A250       TControl.Dragging
 0001:0001A25C       TControl.DragOver
 0001:00019C68       TControl.FontChanged
 0001:000195F8       TControl.GetBoundsRect
 0001:000196B8       TControl.GetClientHeight
 0001:000196F8       TControl.GetClientOrigin
 0001:0001965C       TControl.GetClientRect
 0001:00019674       TControl.GetClientWidth
 0001:00019E8C       TControl.GetDeviceContext
 0001:00019334       TControl.GetDragImages
 0001:00019D8C       TControl.GetMouseCapture
 0001:00019338       TControl.GetPalette
 0001:00019344       TControl.GetParentComponent
 0001:0001A754       TControl.GetPopupMenu
 0001:00019BCC       TControl.GetText
 0001:00019B8C       TControl.GetTextBuf
 0001:00019B7C       TControl.GetTextLen
 0001:0001933C       TControl.HasParent
 0001:0001A054       TControl.Invalidate
 0001:00019FC8       TControl.InvalidateControl
 0001:00019D48       TControl.IsColorStored
 0001:00019CB4       TControl.IsFontStored
 0001:00019CC8       TControl.IsShowHintStored
 0001:0001A624       TControl.MouseDown
 0001:0001A86C       TControl.MouseMove
 0001:0001A8CC       TControl.MouseUp
 0001:0001947C       TControl.Notification
 0001:0001936C       TControl.PaletteChanged
 0001:0001A3A8       TControl.Perform
 0001:0001A544       TControl.ReadIsControl
 0001:000193FC       TControl.ReadState
 0001:0001A074       TControl.Repaint
 0001:000193EC       TControl.RequestAlign
 0001:000197D0       TControl.ScreenToClient
 0001:0001980C       TControl.SendCancelMode
 0001:000194A8       TControl.SetAlign
 0001:0001950C       TControl.SetBounds
 0001:00019624       TControl.SetBoundsRect
 0001:000196D0       TControl.SetClientHeight
 0001:00019A40       TControl.SetClientSize
 0001:0001968C       TControl.SetClientWidth
 0001:00019D2C       TControl.SetColor
 0001:00019D70       TControl.SetCursor
 0001:000193E8       TControl.SetDragMode
 0001:00019B64       TControl.SetEnabled
 0001:00019CA4       TControl.SetFont
 0001:000195D8       TControl.SetHeight
 0001:00019578       TControl.SetLeft
 0001:00019D9C       TControl.SetMouseCapture
 0001:000199A0       TControl.SetName
 0001:00019AA4       TControl.SetParent
 0001:00019D50       TControl.SetParentColor
 0001:00019348       TControl.SetParentComponent
 0001:00019CD0       TControl.SetParentFont
 0001:00019D0C       TControl.SetParentShowHint
 0001:00019B98       TControl.SetPopupMenu
 0001:00019CF0       TControl.SetShowHint
 0001:00019C04       TControl.SetText
 0001:00019BA8       TControl.SetTextBuf
 0001:00019598       TControl.SetTop
 0001:00019B28       TControl.SetVisible
 0001:000195B8       TControl.SetWidth
 0001:00019E5C       TControl.SetZOrder
 0001:00019DD4       TControl.SetZOrderPosition
 0001:0001A064       TControl.Update
 0001:0001A3DC       TControl.VisibleChanging
 0001:0001A9FC       TControl.WMCancelMode
 0001:0001A700       TControl.WMLButtonDblClk
 0001:0001A698       TControl.WMLButtonDown
 0001:0001A938       TControl.WMLButtonUp
 0001:0001A844       TControl.WMMButtonDblClk
 0001:0001A81C       TControl.WMMButtonDown
 0001:0001A9DC       TControl.WMMButtonUp
 0001:0001A894       TControl.WMMouseMove
 0001:0001A6E4       TControl.WMNCLButtonDown
 0001:0001A7F4       TControl.WMRButtonDblClk
 0001:0001A7CC       TControl.WMRButtonDown
 0001:0001A9AC       TControl.WMRButtonUp
 0001:0001A3E0       TControl.WndProc
 0001:0001A558       TControl.WriteIsControl
 0001:00019170       TControlCanvas.CreateHandle
 0001:00019144       TControlCanvas.Destroy
 0001:0001920C       TControlCanvas.FreeHandle
 0001:00019240       TControlCanvas.SetControl
 0001:00020AC8       TControlScrollBar.Assign
 0001:00020BD0       TControlScrollBar.CalcAutoRange
 0001:00020D38       TControlScrollBar.ControlSize
 0001:00020A7C       TControlScrollBar.Create
 0001:00020F8C       TControlScrollBar.DoSetRange
 0001:00020FB8       TControlScrollBar.IsRangeStored
 0001:00020DC8       TControlScrollBar.NeedsScrollBarVisible
 0001:00020DE0       TControlScrollBar.ScrollMessage
 0001:00020EC4       TControlScrollBar.SetPosition
 0001:00020FA4       TControlScrollBar.SetRange
 0001:00020FC4       TControlScrollBar.SetVisible
 0001:00020FD0       TControlScrollBar.Update
 0001:0001E538       TCustomControl.Create
 0001:0001E58C       TCustomControl.Destroy
 0001:0001E65C       TCustomControl.Paint
 0001:0001E5C4       TCustomControl.PaintWindow
 0001:0001E5BC       TCustomControl.WMPaint
 0001:00029670       TCustomEdit.AdjustHeight
 0001:00029738       TCustomEdit.Change
 0001:00029300       TCustomEdit.Clear
 0001:000297F4       TCustomEdit.CMCtl3DChanged
 0001:0002987C       TCustomEdit.CMEnter
 0001:0002982C       TCustomEdit.CMFontChanged
 0001:000298BC       TCustomEdit.CMTextChanged
 0001:00029858       TCustomEdit.CNCommand
 0001:00028F4C       TCustomEdit.Create
 0001:00029498       TCustomEdit.CreateParams
 0001:00029558       TCustomEdit.CreateWnd
 0001:00029760       TCustomEdit.DefaultHandler
 0001:00029608       TCustomEdit.DestroyWnd
 0001:00028FF4       TCustomEdit.DoSetMaxLength
 0001:000290D0       TCustomEdit.GetModified
 0001:0002925C       TCustomEdit.GetSelLength
 0001:00029210       TCustomEdit.GetSelStart
 0001:000293F0       TCustomEdit.GetSelText
 0001:00029340       TCustomEdit.GetSelTextBuf
 0001:00029320       TCustomEdit.SelectAll
 0001:00029018       TCustomEdit.SetAutoSize
 0001:00029030       TCustomEdit.SetBorderStyle
 0001:00029058       TCustomEdit.SetCharCase
 0001:00029070       TCustomEdit.SetHideSelection
 0001:00029088       TCustomEdit.SetMaxLength
 0001:0002910C       TCustomEdit.SetModified
 0001:000290B8       TCustomEdit.SetOEMConvert
 0001:00029148       TCustomEdit.SetPasswordChar
 0001:000291D0       TCustomEdit.SetReadOnly
 0001:00029294       TCustomEdit.SetSelLength
 0001:00029238       TCustomEdit.SetSelStart
 0001:00029628       TCustomEdit.UpdateHeight
 0001:000297B0       TCustomEdit.WMSetFont
 0001:00023730       TCustomForm.Activate
 0001:00023518       TCustomForm.ActiveChanged
 0001:000225E8       TCustomForm.AlignControls
 0001:00021E04       TCustomForm.ChangeScale
 0001:00022570       TCustomForm.ClientWndProc
 0001:00024600       TCustomForm.Close
 0001:000246A8       TCustomForm.CloseQuery
 0001:00024084       TCustomForm.CMActivate
 0001:00023D80       TCustomForm.CMAppSysCommand
 0001:00022BA4       TCustomForm.CMColorChanged
 0001:00022BE0       TCustomForm.CMCtl3DChanged
 0001:00024090       TCustomForm.CMDeactivate
 0001:000240A4       TCustomForm.CMDialogKey
 0001:00022C28       TCustomForm.CMFontChanged
 0001:00024514       TCustomForm.CMIconChanged
 0001:00022C48       TCustomForm.CMMenuChanged
 0001:00024594       TCustomForm.CMParentFontChanged
 0001:00024534       TCustomForm.CMRelease
 0001:00024140       TCustomForm.CMShowingChanged
 0001:0002453C       TCustomForm.CMTextChanged
 0001:0002458C       TCustomForm.CMUIActivate
 0001:000216B0       TCustomForm.Create
 0001:00021840       TCustomForm.CreateNew
 0001:00022CA4       TCustomForm.CreateParams
 0001:00022FD0       TCustomForm.CreateWindowHandle
 0001:00022E90       TCustomForm.CreateWnd
 0001:00023750       TCustomForm.Deactivate
 0001:00023114       TCustomForm.DefaultHandler
 0001:00021D18       TCustomForm.DefineProperties
 0001:00023228       TCustomForm.DefocusControl
 0001:0002194C       TCustomForm.Destroy
 0001:000230D0       TCustomForm.DestroyWindowHandle
 0001:00021F4C       TCustomForm.DoHide
 0001:00021F6C       TCustomForm.DoShow
 0001:00023270       TCustomForm.FocusControl
 0001:00022698       TCustomForm.GetActiveMDIChild
 0001:00022790       TCustomForm.GetCanvas
 0001:00022030       TCustomForm.GetChildren
 0001:00021F8C       TCustomForm.GetClientRect
 0001:000237B0       TCustomForm.GetIconHandle
 0001:000226CC       TCustomForm.GetMDIChildCount
 0001:0002272C       TCustomForm.GetMDIChildren
 0001:00022B04       TCustomForm.GetPixelsPerInch
 0001:00022B68       TCustomForm.GetScaled
 0001:00021DE0       TCustomForm.GetTextHeight
 0001:00024714       TCustomForm.Hide
 0001:00021E84       TCustomForm.IconChanged
 0001:00021F18       TCustomForm.IsAutoScrollStored
 0001:00021EE0       TCustomForm.IsClientSizeStored
 0001:000227A4       TCustomForm.IsColorStored
 0001:000227D0       TCustomForm.IsForm
 0001:00021EF0       TCustomForm.IsFormSizeStored
 0001:000227D8       TCustomForm.IsIconStored
 0001:00021A74       TCustomForm.Loaded
 0001:00023620       TCustomForm.MergeMenu
 0001:00022BC8       TCustomForm.NormalColor
 0001:00021AAC       TCustomForm.Notification
 0001:00023770       TCustomForm.Paint
 0001:000237CC       TCustomForm.PaintWindow
 0001:0002387C       TCustomForm.PaletteChanged
 0001:00021B34       TCustomForm.ReadState
 0001:00021D90       TCustomForm.ReadTextHeight
 0001:00022880       TCustomForm.RefreshMDIMenu
 0001:000247A4       TCustomForm.Release
 0001:00023790       TCustomForm.Resize
 0001:000235D0       TCustomForm.SendCancelMode
 0001:0002356C       TCustomForm.SetActive
 0001:00023178       TCustomForm.SetActiveControl
 0001:00022634       TCustomForm.SetBorderIcons
 0001:00022660       TCustomForm.SetBorderStyle
 0001:000220A4       TCustomForm.SetChildOrder
 0001:0002217C       TCustomForm.SetClientHeight
 0001:00022150       TCustomForm.SetClientWidth
 0001:00024734       TCustomForm.SetFocus
 0001:00023290       TCustomForm.SetFocusedControl
 0001:00022800       TCustomForm.SetFormStyle
 0001:00022798       TCustomForm.SetIcon
 0001:00022938       TCustomForm.SetMenu
 0001:000228FC       TCustomForm.SetObjectMenuItem
 0001:0002223C       TCustomForm.SetParent
 0001:00022B18       TCustomForm.SetPixelsPerInch
 0001:00022B4C       TCustomForm.SetPosition
 0001:00022B74       TCustomForm.SetScaled
 0001:000221A8       TCustomForm.SetVisible
 0001:0002351C       TCustomForm.SetWindowFocus
 0001:00022910       TCustomForm.SetWindowMenu
 0001:00022C64       TCustomForm.SetWindowState
 0001:0002471C       TCustomForm.Show
 0001:00022274       TCustomForm.ValidateRename
 0001:000221D4       TCustomForm.VisibleChanging
 0001:00022238       TCustomForm.WantChildKey
 0001:00023CC0       TCustomForm.WMActivate
 0001:00023D4C       TCustomForm.WMClose
 0001:00023BC8       TCustomForm.WMCommand
 0001:00023B68       TCustomForm.WMDestroy
 0001:00023F24       TCustomForm.WMEnterMenuLoop
 0001:000239EC       TCustomForm.WMEraseBkgnd
 0001:00023F80       TCustomForm.WMHelp
 0001:0002398C       TCustomForm.WMIconEraseBkgnd
 0001:00023BFC       TCustomForm.WMInitMenuPopup
 0001:00023EA0       TCustomForm.WMMDIActivate
 0001:00023C14       TCustomForm.WMMenuSelect
 0001:00023B34       TCustomForm.WMNCCreate
 0001:00023EF8       TCustomForm.WMNextDlgCtl
 0001:00023930       TCustomForm.WMPaint
 0001:00023A24       TCustomForm.WMQueryDragIcon
 0001:00023D54       TCustomForm.WMQueryEndSession
 0001:00023E08       TCustomForm.WMShowWindow
 0001:00023CE0       TCustomForm.WMSize
 0001:00023DD8       TCustomForm.WMSysCommand
 0001:000222B0       TCustomForm.WndProc
 0001:00021DC4       TCustomForm.WritePixelsPerInch
 0001:00021DA8       TCustomForm.WriteTextHeight
 0001:000286A4       TCustomGroupBox.AlignControls
 0001:00028960       TCustomGroupBox.CMCtl3DChanged
 0001:000288CC       TCustomGroupBox.CMDialogChar
 0001:00028948       TCustomGroupBox.CMTextChanged
 0001:0002864C       TCustomGroupBox.Create
 0001:00028714       TCustomGroupBox.CreateParams
 0001:00028728       TCustomGroupBox.Paint
 0001:00028980       TCustomGroupBox.WMSize
 0001:0001E8F0       TCustomImageList.BeginDrag
 0001:0001E7CC       TCustomImageList.CombineDragCursor
 0001:0001E6F4       TCustomImageList.CreateImageList
 0001:0001E950       TCustomImageList.DragLock
 0001:0001E9D8       TCustomImageList.DragMove
 0001:0001E9B4       TCustomImageList.DragUnlock
 0001:0001EA4C       TCustomImageList.EndDrag
 0001:0001E6E4       TCustomImageList.GetHandle
 0001:0001E6D0       TCustomImageList.HandleAllocated
 0001:0001E6D8       TCustomImageList.HandleNeeded
 0001:0001EA34       TCustomImageList.HideDragImage
 0001:0001E790       TCustomImageList.SetBkColor
 0001:0001E890       TCustomImageList.SetDragCursor
 0001:0001E8A8       TCustomImageList.SetDragImage
 0001:0001EA1C       TCustomImageList.ShowDragImage
 0001:00028C9C       TCustomLabel.AdjustBounds
 0001:00028EC0       TCustomLabel.CMDialogChar
 0001:00028EA8       TCustomLabel.CMFontChanged
 0001:00028E90       TCustomLabel.CMTextChanged
 0001:00028998       TCustomLabel.Create
 0001:00028A1C       TCustomLabel.DoDrawText
 0001:00028A04       TCustomLabel.GetLabelText
 0001:00028D88       TCustomLabel.GetTransparent
 0001:00028C84       TCustomLabel.Loaded
 0001:00028E5C       TCustomLabel.Notification
 0001:00028B80       TCustomLabel.Paint
 0001:00028D50       TCustomLabel.SetAlignment
 0001:00028D70       TCustomLabel.SetAutoSize
 0001:00028D94       TCustomLabel.SetFocusControl
 0001:00028E14       TCustomLabel.SetLayout
 0001:00028DAC       TCustomLabel.SetShowAccelChar
 0001:00028DCC       TCustomLabel.SetTransparent
 0001:00028E34       TCustomLabel.SetWordWrap
 0001:0000DD84       TCustomMemoryStream.Read
 0001:0000DDE0       TCustomMemoryStream.Seek
 0001:0000DD7C       TCustomMemoryStream.SetPointer
 0001:0002AD54       TCustomObjectList.Add
 0001:0002AF90       TCustomObjectList.AddObjects
 0001:0002B1F8       TCustomObjectList.AssignTo
 0001:0002ADF0       TCustomObjectList.Clear
 0001:0002B054       TCustomObjectList.CopyObjects
 0001:0002ACC8       TCustomObjectList.Create
 0001:0002AE84       TCustomObjectList.Delete
 0001:0002AE44       TCustomObjectList.DeleteNoFree
 0001:0002AD0C       TCustomObjectList.Destroy
 0001:0002AEC0       TCustomObjectList.Exchange
 0001:0002B320       TCustomObjectList.Find
 0001:0002AF04       TCustomObjectList.GetCount
 0001:0002AEEC       TCustomObjectList.GetItem
 0001:0002B170       TCustomObjectList.IndexOf
 0001:0002B2E4       TCustomObjectList.Insert
 0001:0002B19C       TCustomObjectList.PutItem
 0001:0002AF70       TCustomObjectList.Remove
 0001:0002AF50       TCustomObjectList.RemoveNoFree
 0001:0002CD60       TCustomTextFileDriver.Append
 0001:0002CCB8       TCustomTextFileDriver.BindToTextFile
 0001:0002CD74       TCustomTextFileDriver.CloseFile
 0001:0002CA44       TCustomTextFileDriver.Create
 0001:0002CA94       TCustomTextFileDriver.Destroy
 0001:0002CD10       TCustomTextFileDriver.FlushInput
 0001:0002CCFC       TCustomTextFileDriver.FlushOutput
 0001:0002CD38       TCustomTextFileDriver.Reset
 0001:0002CD4C       TCustomTextFileDriver.Rewrite
 0001:0002CAD8       TCustomTextFileDriver.setBuffered
 0001:0002CD20       TCustomTextFileDriver.SetTextBuf
 0001:0002CAE4       TCustomTextFileDriver.writeBuffer
 0001:00018920       TDragControlObject.Create
 0001:000189A4       TDragControlObject.Finished
 0001:0001898C       TDragControlObject.GetDragCursor
 0001:00018940       TDragControlObject.GetDragImages
 0001:0001894C       TDragControlObject.HideDragImage
 0001:0001896C       TDragControlObject.ShowDragImage
 0001:0001884C       TDragObject.Capture
 0001:00018890       TDragObject.Finished
 0001:00018878       TDragObject.GetDragCursor
 0001:00018848       TDragObject.GetDragImages
 0001:00018820       TDragObject.GetName
 0001:00018898       TDragObject.HideDragImage
 0001:00018818       TDragObject.Instance
 0001:000188A0       TDragObject.MouseMsg
 0001:00018864       TDragObject.ReleaseCapture
 0001:0001889C       TDragObject.ShowDragImage
 0001:00031504       TDummyComponent.Notification
 0002:000017F0       TemplateActionLexer_Create
 0002:000017F4       TemplateActionLexer_Free
 0002:000017F8       TemplateActionLexer_GetActionName
 0002:00001804       TemplateActionLexer_GetParamCount
 0002:00001808       TemplateActionLexer_GetParamName
 0002:0000180C       TemplateActionLexer_GetParamValue
 0002:00001800       TemplateActionLexer_GetValue
 0002:000017FC       TemplateActionLexer_GetVerb
 0002:00001043       Test8086
 0002:00001044       Test8087
 0001:00032EB8       TExecutionJob.Create
 0001:00032F00       TExecutionJob.Execute
 0001:0002B4AC       TExStringList.Clear
 0001:0002B378       TExStringList.Create
 0001:0002B408       TExStringList.Delete
 0001:0002B47C       TExStringList.DeleteNoFree
 0001:0002B3B0       TExStringList.Destroy
 0001:0002B3F4       TExStringList.ObjectAdded
 0001:0002B3F8       TExStringList.ObjectRemoved
 0001:0002B3E0       TExStringList.RemoveObject
 0001:00008E17       TextToFloat
 0001:00015D38       TextToShortCut
 0001:0000E1B8       TFiler.Create
 0001:0000E1F8       TFiler.Destroy
 0001:0000DC5C       TFileStream.Create
 0001:0000DD54       TFileStream.Destroy
 0001:00012748       TFont.Assign
 0001:0001272C       TFont.Changed
 0001:000126B8       TFont.Create
 0001:00012708       TFont.Destroy
 0001:00012BB0       TFont.GetCharset
 0001:0001281C       TFont.GetData
 0001:00012898       TFont.GetHandle
 0001:00012A58       TFont.GetHeight
 0001:00012A88       TFont.GetName
 0001:00012B80       TFont.GetPitch
 0001:00012AFC       TFont.GetSize
 0001:00012B48       TFont.GetStyle
 0001:00012BB8       TFont.SetCharset
 0001:00012884       TFont.SetColor
 0001:00012834       TFont.SetData
 0001:00012A34       TFont.SetHandle
 0001:00012A60       TFont.SetHeight
 0001:00012AA0       TFont.SetName
 0001:00012B88       TFont.SetPitch
 0001:00012B20       TFont.SetSize
 0001:00012B54       TFont.SetStyle
 0001:00037A38       TForm1.AlwaysOnTop1Click
 0001:00037A74       TForm1.DebugMode1Click
 0001:00037A2C       TForm1.Exit1Click
 0001:00037A00       TForm1.FormCreate
 0001:00037A90       TForm1.FormShow
 0001:00037A28       TForm1.UpdateStatistics
 0001:00037A0C       TForm1.WapApp1CreateSession
 0001:00037A10       TForm1.WapApp1Notify
 0001:00014624       TGraphic.Changed
 0001:000145F4       TGraphic.Create
 0001:00014694       TGraphic.DefineProperties
 0001:000146E0       TGraphic.Equals
 0001:00014824       TGraphic.GetPalette
 0001:00014828       TGraphic.GetTransparent
 0001:0001482C       TGraphic.LoadFromFile
 0001:00014880       TGraphic.Progress
 0001:000148A8       TGraphic.ReadData
 0001:000148B4       TGraphic.SaveToFile
 0001:0001490C       TGraphic.SetPalette
 0001:00014910       TGraphic.SetTransparent
 0001:00014920       TGraphic.WriteData
 0001:0001DF90       TGraphicControl.Create
 0001:0001DFE4       TGraphicControl.Destroy
 0001:0001E0B8       TGraphicControl.Paint
 0001:0001E014       TGraphicControl.WMPaint
 0001:000123FC       TGraphicsObject.Changed
 0001:00012410       TGraphicsObject.Lock
 0001:00012420       TGraphicsObject.Unlock
 0001:0000DC00       THandleStream.Read
 0001:0000DC28       THandleStream.Seek
 0001:0000DC38       THandleStream.SetSize
 0001:0000DC14       THandleStream.Write
 0001:0001E3CC       THintWindow.ActivateHint
 0001:0001E4AC       THintWindow.ActivateHintData
 0001:0001E4D8       THintWindow.CalcHintRect
 0001:0001E338       THintWindow.CMTextChanged
 0001:0001E0BC       THintWindow.Create
 0001:0001E160       THintWindow.CreateParams
 0001:0001E2CC       THintWindow.IsHintMsg
 0001:0001E22C       THintWindow.Paint
 0001:0001E330       THintWindow.ReleaseHandle
 0001:0001E18C       THintWindow.WMNCHitTest
 0001:0001E194       THintWindow.WMNCPaint
 0002:000014DA       ThousandSeparator
 0002:0000160C       ThreadCount
 0002:000009AC       ThreadNotificationEventList
 0001:00010634       ThreadProc
 0002:00001608       ThreadWindow
 0002:00000338       ThreadWindowClass
 0001:00010488       ThreadWndProc
 0001:0002E23C       THttpRequest.Create
 0001:0002E334       THttpRequest.Destroy
 0001:0002E4CC       THttpRequest.GetCookies
 0001:0002E4E8       THttpRequest.GetForm
 0001:0002E41C       THttpRequest.GetHttpHeader
 0001:0002E3EC       THttpRequest.GetScriptName
 0001:0002E4AC       THttpRequest.GetServerVariable
 0001:0002E384       THttpRequest.RetrieveCookies
 0001:0002F4E8       THttpResponse.addCookiesToHeaders
 0001:0002F3F4       THttpResponse.AddHeader
 0001:0002F284       THttpResponse.ClearBuffer
 0001:0002E74C       THttpResponse.Create
 0001:0002E85C       THttpResponse.Destroy
 0001:0002F214       THttpResponse.FlushBuffer
 0001:0002F5C4       THttpResponse.GetExpirationTime
 0001:0002F190       THttpResponse.rawBodyOutputWrite
 0001:0002F0E0       THttpResponse.rawOutputWrite
 0001:0002F130       THttpResponse.rawWritelnString
 0001:0002F108       THttpResponse.rawWriteString
 0001:0002F2A8       THttpResponse.streamOutputRead
 0001:0002F328       THttpResponse.streamOutputSeek
 0001:0002F2F4       THttpResponse.streamOutputWrite
 0001:0002F1D4       THttpResponse.verifyBuffered
 0001:0002E920       THttpResponse.verifyHeaderNotWritten
 0001:0002F618       THttpResponse.writeHeader
 0001:0002F460       THttpResponse.WriteHeaders
 0001:0002F384       THttpResponse.WriteStatusLine
 0001:0002C5A8       THttpResponseCookie.Assign
 0001:0002C534       THttpResponseCookie.Create
 0001:0002C708       THttpResponseCookie.Delete
 0001:0002C578       THttpResponseCookie.Destroy
 0001:0002C5DC       THttpResponseCookie.GetFormattedValue
 0001:0002C6B0       THttpResponseCookie.setValueItem
 0001:0002C768       THttpResponseCookieList.Create
 0001:0002C7AC       THttpResponseCookieList.Destroy
 0001:0002C85C       THttpResponseCookieList.getCookie
 0001:0002C838       THttpResponseCookieList.getCookieAt
 0001:0002C7DC       THttpResponseCookieList.getCookieIndex
 0001:0002C8AC       THttpResponseCookieList.ToStrings
 0001:0002E198       THttpTransaction.Create
 0001:0002E204       THttpTransaction.Destroy
 0001:00014B78       TIcon.Assign
 0001:00014AF8       TIcon.Create
 0001:00014B4C       TIcon.Destroy
 0001:00014BD8       TIcon.Draw
 0001:00014C10       TIcon.GetEmpty
 0001:00014C28       TIcon.GetHandle
 0001:00014C3C       TIcon.GetHeight
 0001:00014C44       TIcon.GetWidth
 0001:00014C4C       TIcon.HandleNeeded
 0001:00014CB8       TIcon.ImageNeeded
 0001:00014F6C       TIcon.LoadFromClipboardFormat
 0001:00014D68       TIcon.LoadFromStream
 0001:00014E24       TIcon.NewImage
 0001:00014FB8       TIcon.SaveToClipboardFormat
 0001:00014F40       TIcon.SaveToStream
 0001:00014E98       TIcon.SetHandle
 0001:00014EB0       TIcon.SetHeight
 0001:00014EF8       TIcon.SetWidth
 0001:00014AB4       TIconImage.Destroy
 0001:00014AE0       TIconImage.FreeHandle
 0001:00006EA4       Time
 0002:000014EC       TimeAMString
 0002:000014F0       TimePMString
 0002:000014E8       TimeSeparator
 0001:0002CE34       TimeUtil
 0001:0000AC4C       TIntConst.Create
 0001:00033074       TInternalComponent.Notification
 0001:00033A64       TIpcConversation.Create
 0001:00033AA0       TIpcConversation.Destroy
 0001:00033D68       TIpcConversation.InitiateConversation
 0001:00033B08       TIpcConversation.SendRequest
 0001:00033D5C       TIpcConversation.TerminateConversation
 0001:00033E50       TIpcRequest.Create
 0001:00033E90       TIpcRequest.Destroy
 0001:000341A4       TIpcRequest.GetHttpHeader
 0001:00034280       TIpcRequest.GetInputContentType
 0001:00033F78       TIpcRequest.GetInputSize
 0001:0003415C       TIpcRequest.GetLogicalPath
 0001:00034174       TIpcRequest.GetMethod
 0001:00034144       TIpcRequest.GetPhysicalPath
 0001:0003418C       TIpcRequest.GetQueryString
 0001:00034238       TIpcRequest.GetServerVariable
 0001:00033EC0       TIpcRequest.InitiateConversation
 0001:000341EC       TIpcRequest.MapURLToPath
 0001:00033F98       TIpcRequest.ReadFromClient
 0001:00034038       TIpcRequest.WriteToClient
 0001:0000AF78       TList.Add
 0001:0000AFA8       TList.Clear
 0001:0000AFC4       TList.Delete
 0001:0000AF54       TList.Destroy
 0001:0000B05C       TList.Error
 0001:0000B094       TList.Exchange
[...]
   284 0001:00033476   287 0001:00033488   290 0001:00033490   291 0001:00033493
   292 0001:0003349C   294 0001:000334D7

Line numbers for D3SysUtl(D3SysUtl.pas) segment .text

   241 0001:0003350F

Line numbers for WapSchdl(WapSchdl.pas) segment .text

    53 0001:000335B0    54 0001:000335B6    55 0001:000335BF    56 0001:000335C2
    57 0001:000335C6    58 0001:000335CB    61 0001:000335D0    62 0001:000335E7
    63 0001:000335F0    64 0001:000335FF    65 0001:00033611    66 0001:00033616
    67 0001:0003362F    70 0001:00033634    71 0001:0003363D    72 0001:00033649
    73 0001:00033651    74 0001:0003366A    79 0001:00033670    80 0001:00033673
    81 0001:00033682    82 0001:00033687    84 0001:0003368E    86 0001:000336A4
    92 0001:000336C0    93 0001:000336CF    94 0001:000336DB    95 0001:000336F1
    98 0001:000336F6    99 0001:00033706   100 0001:00033712   103 0001:00033716
   104 0001:00033734   106 0001:00033744   107 0001:00033751   108 0001:00033754
   110 0001:00033756   111 0001:00033763   112 0001:0003376E   114 0001:00033771
   103 0001:00033774   115 0001:0003377A   120 0001:00033798   121 0001:000337A1
   122 0001:000337A5   123 0001:000337AB   125 0001:000337B4   127 0001:000337BD
   129 0001:000337C0   130 0001:000337CD   135 0001:000337D4   136 0001:000337D7
   137 0001:000337DA   138 0001:000337DF   144 0001:000337E4   145 0001:000337EC
   146 0001:000337FE   147 0001:0003380C   148 0001:00033816   145 0001:0003381D
   150 0001:00033820   157 0001:00033828   159 0001:00033836   160 0001:00033840
   161 0001:00033844   164 0001:00033849   165 0001:00033861   167 0001:0003386F
   168 0001:00033886   170 0001:0003389F   171 0001:000338AE   167 0001:000338AF
   175 0001:000338B2   177 0001:000338B6   180 0001:000338BD   181 0001:000338D5
   182 0001:000338DA   183 0001:000338E1   184 0001:00033918   185 0001:0003391E
   186 0001:00033951   188 0001:00033957   192 0001:0003395B   194 0001:00033970
   195 0001:00033980   196 0001:0003398F   198 0001:00033999   192 0001:0003399A
   201 0001:000339AC   204 0001:000339BF   211 0001:00033A0F

Line numbers for IpcConv(IpcConv.pas) segment .text

    37 0001:00033A64    38 0001:00033A7C    39 0001:00033A85    40 0001:00033A98
    43 0001:00033AA0    44 0001:00033AAF    45 0001:00033AB8    46 0001:00033AC6
    49 0001:00033ADD    51 0001:00033AE2    52 0001:00033B01    57 0001:00033B08
    58 0001:00033B25    60 0001:00033B32    61 0001:00033B40    62 0001:00033B4C
    63 0001:00033B59    67 0001:00033B6D    68 0001:00033B76    69 0001:00033B84
    70 0001:00033BAD    71 0001:00033BB4    72 0001:00033BCC    75 0001:00033BF1
    76 0001:00033BF8    78 0001:00033C02    79 0001:00033C19    82 0001:00033C6E
    83 0001:00033C70    85 0001:00033CBB    88 0001:00033D5C    89 0001:00033D5F
    90 0001:00033D66    93 0001:00033D68    96 0001:00033D6B    97 0001:00033D72
    99 0001:00033DAB

Line numbers for IpcRqst(IpcRqst.pas) segment .text

    48 0001:00033E50    49 0001:00033E68    50 0001:00033E71    51 0001:00033E74
    52 0001:00033E8B    55 0001:00033E90    56 0001:00033E99    57 0001:00033EA1
    58 0001:00033EBA    61 0001:00033EC0    63 0001:00033ED6    64 0001:00033EF4
    65 0001:00033F12    66 0001:00033F30    70 0001:00033F4E    71 0001:00033F73
    74 0001:00033F78    75 0001:00033F7E    76 0001:00033F88    77 0001:00033F94
    83 0001:00033F98    84 0001:00033FA5    85 0001:00033FA9    86 0001:00033FAE
    89 0001:00033FB0    90 0001:00033FB3    92 0001:00033FB8    93 0001:00033FC0
    95 0001:00033FC7    97 0001:00033FC9    99 0001:00033FD5   101 0001:00033FDC
   102 0001:00033FF7   103 0001:0003400D   104 0001:00034010   105 0001:00034019
   106 0001:0003402E   112 0001:00034038   113 0001:00034046   114 0001:0003405B
   115 0001:0003405E   118 0001:00034063   119 0001:00034065   121 0001:0003406A
   122 0001:00034072   124 0001:00034079   126 0001:0003407B   128 0001:0003408A
   129 0001:000340A7   130 0001:000340B5   132 0001:000340D1   133 0001:000340D8
   136 0001:000340E2   137 0001:000340FB   138 0001:000340FD   139 0001:00034106
   140 0001:0003411F   141 0001:0003413A   144 0001:00034144   145 0001:0003414D
   146 0001:00034157   149 0001:0003415C   150 0001:00034165   151 0001:0003416F
   154 0001:00034174   155 0001:0003417D   156 0001:00034187   159 0001:0003418C
   160 0001:00034195   161 0001:0003419F   164 0001:000341A4   165 0001:000341B0
   166 0001:000341C9   167 0001:000341D3   168 0001:000341E5   171 0001:000341EC
   172 0001:000341F8   173 0001:00034211   174 0001:0003421B   175 0001:00034233
   178 0001:00034238   179 0001:00034244   180 0001:0003425D   181 0001:00034267
   182 0001:00034279   185 0001:00034280   186 0001:00034289   187 0001:00034293
   188 0001:000342A5   190 0001:000342E3

Line numbers for WapTXRdr(WapTXRdr.pas) segment .text

    74 0001:000343E4    75 0001:000343FC    76 0001:00034407    77 0001:0003440B
    78 0001:0003440E    79 0001:00034425    82 0001:0003442C    84 0001:0003442F
    85 0001:00034437    94 0001:0003443C    95 0001:00034464    96 0001:0003446D
    97 0001:00034470    98 0001:00034476   100 0001:0003447C   101 0001:000344A7
   102 0001:000344AD   103 0001:000344D4   105 0001:000344FD   106 0001:0003452B
   108 0001:00034531   111 0001:00034546   112 0001:0003457F   115 0001:00034610
   116 0001:00034619   118 0001:00034620   120 0001:00034628   121 0001:00034630
   122 0001:00034638   123 0001:00034640   124 0001:00034648   125 0001:00034661
   128 0001:00034668   129 0001:0003466E   130 0001:00034679   131 0001:0003468A
   136 0001:00034690   137 0001:00034697   138 0001:0003469E   139 0001:000346A1
   140 0001:000346A8   141 0001:000346AD   143 0001:000346BA   145 0001:000346BF
   146 0001:000346C5   147 0001:000346CD   154 0001:000346D4   156 0001:000346F6
   158 0001:00034708   160 0001:0003474C   163 0001:00034752   164 0001:00034766
   167 0001:0003476E   168 0001:00034774   170 0001:00034778   173 0001:00034783
   175 0001:000347C1   178 0001:00034800   179 0001:0003480A   180 0001:00034812
   181 0001:00034820   183 0001:00034841   185 0001:00034851   189 0001:00034858
   190 0001:0003485B   191 0001:00034862   194 0001:00034864   195 0001:00034870
   196 0001:0003487E   198 0001:00034893   200 0001:000348A3   201 0001:000348B1
   209 0001:000348B8   211 0001:000348C4   213 0001:000348D2   220 0001:000348F0
   222 0001:000348FD   223 0001:0003490A   228 0001:00034938   229 0001:0003495D
   230 0001:00034964   234 0001:00034992   235 0001:000349A0   239 0001:000349AF
   240 0001:000349BD   243 0001:000349C9   244 0001:000349D8   245 0001:000349E4
   251 0001:00034A0C   210 0001:00034A1B   254 0001:00034A20   257 0001:00034AE4
   258 0001:00034AF0   259 0001:00034AFF   262 0001:00034B04   263 0001:00034B08
   264 0001:00034B0F   265 0001:00034B1B   268 0001:00034B20   269 0001:00034B2A
   270 0001:00034B32   271 0001:00034B38   272 0001:00034B46   273 0001:00034B54
   275 0001:00034B77   278 0001:00034B8A   280 0001:00034BC7

Line numbers for Registry(Registry.pas) segment .text

   128 0001:00034C78   129 0001:00034C94   130 0001:00034CDF   133 0001:00034CE4
   134 0001:00034CEA   135 0001:00034CFA   139 0001:00034D00   140 0001:00034D0E
   141 0001:00034D11   142 0001:00034D14   143 0001:00034D17   145 0001:00034D1A
   147 0001:00034D1C   150 0001:00034D20   151 0001:00034D35   152 0001:00034D41
   153 0001:00034D55   156 0001:00034D5C   157 0001:00034D65   158 0001:00034D6C
   159 0001:00034D85   162 0001:00034D8C   163 0001:00034D92   165 0001:00034D99
   166 0001:00034D9F   167 0001:00034DA7   168 0001:00034DAD   169 0001:00034DB2
   171 0001:00034DBA   174 0001:00034DC0   175 0001:00034DC9   177 0001:00034DD0
   179 0001:00034DD6   180 0001:00034DDC   182 0001:00034DE0   183 0001:00034DE3
   185 0001:00034DEA   188 0001:00034DF0   189 0001:00034DFC   190 0001:00034E03
   191 0001:00034E06   192 0001:00034E10   196 0001:00034E18   197 0001:00034E23
   198 0001:00034E27   199 0001:00034E29   230 0001:00034E2C   231 0001:00034E4E
   232 0001:00034E58   233 0001:00034E62   234 0001:00034E78   235 0001:00034E7D
   237 0001:00034E89   239 0001:00034EAC   240 0001:00034EB0   242 0001:00034ED3
   244 0001:00034EDB   246 0001:00034F0E   248 0001:00034F14   249 0001:00034F37
   251 0001:00034F64   346 0001:00034F78   347 0001:00034F87   348 0001:00034F95
   350 0001:00034FB8   351 0001:00034FC5   356 0001:00034FCC   357 0001:00034FD8
   358 0001:00034FE8   359 0001:00034FED   360 0001:00034FF0   385 0001:00034FF8
   386 0001:00035008   387 0001:00035014   389 0001:00035018   390 0001:00035023
   391 0001:0003503B   392 0001:00035047   393 0001:0003505E   395 0001:00035068
   396 0001:0003506F   528 0001:00035078   529 0001:00035091   530 0001:000350E2
   534 0001:000350E8   535 0001:000350F7   536 0001:000350FC   537 0001:0003511D
   538 0001:00035124   539 0001:00035131   540 0001:00035134   552 0001:0003513C
   553 0001:00035142   554 0001:0003514A   994 0001:000351B7

Line numbers for HWebApp(HWebApp.pas) segment .text

   352 0001:000358B4   353 0001:000358BA   354 0001:000358C5   355 0001:000358D1
   358 0001:000358D8   359 0001:000358E1   360 0001:000358F2   362 0001:000358F8
   363 0001:00035901   401 0001:0003596C   402 0001:00035984   403 0001:0003598F
   404 0001:00035992   405 0001:00035998   406 0001:000359A1   407 0001:000359B8
   413 0001:000359C0   415 0001:000359CF   417 0001:000359D4   418 0001:000359DB
   420 0001:000359E8   421 0001:000359F3   423 0001:00035A01   424 0001:00035A11
   425 0001:00035A18   427 0001:00035A28   428 0001:00035A42   429 0001:00035A49
   431 0001:00035A5C   433 0001:00035A74   414 0001:00035A87   437 0001:00035A94
   468 0001:00035AA8   469 0001:00035AD2   477 0001:00035ADB   478 0001:00035ADF
   480 0001:00035AE3   482 0001:00035AF5   483 0001:00035AFB   484 0001:00035B0C
   489 0001:00035B1D   490 0001:00035B2C   491 0001:00035B30   496 0001:00035B70
   498 0001:00035BAB   501 0001:00035C54   502 0001:00035C5D   503 0001:00035C63
   505 0001:00035C6A   506 0001:00035C72   507 0001:00035C7A   509 0001:00035C82
   514 0001:00035C86   516 0001:00035C91   517 0001:00035CAA   520 0001:00035CB0
   521 0001:00035CB6   522 0001:00035CC3   525 0001:00035CC8   526 0001:00035CDF
   529 0001:00035CE5   530 0001:00035CED   532 0001:00035D03   533 0001:00035D2F
   535 0001:00035D36   536 0001:00035D57   541 0001:00035D7C   543 0001:00035D85
   546 0001:00035D92   548 0001:00035D99   549 0001:00035DA4   550 0001:00035DAF
   555 0001:00035DB7   556 0001:00035DC0   557 0001:00035DCB   559 0001:00035DD9
   561 0001:00035DE4   562 0001:00035DEF   563 0001:00035DFA   565 0001:00035E0F
   569 0001:00035E22   570 0001:00035E2D   571 0001:00035E3B   572 0001:00035E57
   573 0001:00035E75   571 0001:00035E76   575 0001:00035E88   580 0001:00035E9B
   585 0001:00035EAE   586 0001:00035EB7   588 0001:00035EBF   591 0001:00035EC4
   592 0001:00035EE5   593 0001:00035EF4   594 0001:00035F1B   595 0001:00035F27
   598 0001:00035F33   599 0001:00035F3B   600 0001:00035F5B   601 0001:00035F63
   603 0001:00035F91   606 0001:00035FD0   607 0001:00035FD6   608 0001:00035FDF
   609 0001:00035FE6   610 0001:00035FEE   613 0001:00035FF4   614 0001:00035FFA
   615 0001:00036001   616 0001:00036009   617 0001:00036012   621 0001:00036018
   622 0001:0003603D   623 0001:00036049   624 0001:00036053   625 0001:00036061
   626 0001:0003606F   627 0001:00036078   628 0001:00036080   631 0001:00036087
   634 0001:00036095   638 0001:000360C2   641 0001:000360D0   642 0001:000360D9
   645 0001:00036108   648 0001:0003612C   649 0001:00036138   651 0001:00036167
   654 0001:00036198   655 0001:0003619C   656 0001:000361A3   657 0001:000361B0
   669 0001:000361B4   671 0001:000361E0   672 0001:000361EC   673 0001:000361F6
   674 0001:0003620F   675 0001:00036229   676 0001:00036237   678 0001:00036251
   679 0001:0003626A   681 0001:0003627C   682 0001:00036284   683 0001:0003629A
   684 0001:000362A5   685 0001:000362B0   689 0001:000362C0   691 0001:000362EF
   693 0001:000362FF   694 0001:00036318   695 0001:00036328   697 0001:0003634C
   700 0001:000363A8   701 0001:000363AC   702 0001:000363B3   703 0001:000363BF
   706 0001:000363C4   707 0001:000363C9   708 0001:000363CE   709 0001:000363D5
   710 0001:000363E5   715 0001:000363EC   716 0001:000363F0   717 0001:000363FB
   722 0001:00036400   723 0001:00036413   724 0001:00036422   725 0001:00036430
   726 0001:0003643A   727 0001:00036459   729 0001:00036467   731 0001:0003647B
   733 0001:0003648B   736 0001:00036494   737 0001:000364AD   738 0001:000364F5
   741 0001:0003654C   743 0001:00036563   744 0001:0003656F   745 0001:00036588
   750 0001:000365A3   751 0001:000365AD   752 0001:000365B9   754 0001:000365DE
   757 0001:000365E4   758 0001:000365F0   759 0001:000365FE   760 0001:0003660D
   761 0001:0003661F   762 0001:00036635   763 0001:00036642   767 0001:00036665
   769 0001:00036679   772 0001:000366C4   773 0001:000366E2   775 0001:000366EA
   776 0001:00036701   777 0001:00036718   778 0001:0003672F   779 0001:00036754
   780 0001:00036758   781 0001:0003676F   782 0001:00036797   783 0001:000367AE
   788 0001:000367F0   791 0001:00036864   792 0001:00036870   793 0001:0003687E
   794 0001:00036892   795 0001:000368A6   796 0001:000368AD   798 0001:000368C3
   804 0001:000368E7   806 0001:000368EC   856 0001:000368F4   857 0001:000368FD
   858 0001:00036906   859 0001:00036913   860 0001:0003691D   861 0001:00036926
   866 0001:0003692C   867 0001:00036933   869 0001:0003693A   872 0001:0003695A
   873 0001:00036968   874 0001:0003696C   875 0001:0003697A   876 0001:0003697E
   880 0001:00036990   881 0001:000369BC   882 0001:000369C5   883 0001:000369D4
   884 0001:000369D8   885 0001:000369EB   886 0001:000369F2   887 0001:000369FB
   888 0001:00036A0D   889 0001:00036A1E   890 0001:00036A32   891 0001:00036A35
   892 0001:00036A51   893 0001:00036A89   896 0001:00036A90   902 0001:00036A9C
   903 0001:00036AA6   904 0001:00036AB4   905 0001:00036AC1   907 0001:00036ADC
   910 0001:00036AEE   912 0001:00036AF6   914 0001:00036B04   915 0001:00036B0F
   916 0001:00036B17   917 0001:00036B22   919 0001:00036B30   920 0001:00036B4F
   923 0001:00036B54   924 0001:00036B60   925 0001:00036B6B   926 0001:00036B78
   927 0001:00036B80   933 0001:00036B88   936 0001:00036B8E   937 0001:00036B99
   938 0001:00036BA1   951 0001:00036BA4   952 0001:00036BA7   953 0001:00036BAF
   956 0001:00036BB4   957 0001:00036BB7   958 0001:00036BBF   961 0001:00036BC4
   962 0001:00036BD1   963 0001:00036BDD   964 0001:00036BE5   965 0001:00036BF3
   966 0001:00036C05   967 0001:00036C13   968 0001:00036C1F   969 0001:00036C25
   970 0001:00036C2B   971 0001:00036C39   972 0001:00036C42   973 0001:00036C4A
   975 0001:00036C51   977 0001:00036C58   978 0001:00036C65   979 0001:00036C6A
   980 0001:00036C78   981 0001:00036C80   982 0001:00036C89   984 0001:00036C9E
   985 0001:00036CAB   988 0001:00036CC5   989 0001:00036CCD   992 0001:00036CEA
   995 0001:00036D13   996 0001:00036D1F   998 0001:00036D2F  1001 0001:00036D38
  1002 0001:00036D3C  1003 0001:00036D43  1004 0001:00036D4D  1007 0001:00036D50
  1008 0001:00036D53  1009 0001:00036D5B  1012 0001:00036D60  1013 0001:00036D63
  1014 0001:00036D69  1015 0001:00036D7F  1016 0001:00036D82  1019 0001:00036DC4
  1020 0001:00036DC7  1021 0001:00036DCD  1022 0001:00036DE3  1023 0001:00036DE6
  1026 0001:00036E28  1027 0001:00036E2E  1028 0001:00036E35  1029 0001:00036E3C
  1030 0001:00036E43  1031 0001:00036E4B  1034 0001:00036E50  1035 0001:00036E59
  1036 0001:00036E61  1037 0001:00036E6F  1039 0001:00036E85  1041 0001:00036E98
  1044 0001:00036E9C  1045 0001:00036EA2  1048 0001:00036EAB  1050 0001:00036EB2
  1051 0001:00036EB9  1052 0001:00036EC1  1053 0001:00036EC8  1054 0001:00036ECF
  1057 0001:00036ED4  1058 0001:00036EDB  1059 0001:00036EE6  1060 0001:00036EFC
  1061 0001:00036F16  1062 0001:00036F1A  1065 0001:00036F6C  1067 0001:00036F72
  1068 0001:00036F7F  1074 0001:00036F89  1075 0001:00036F94  1093 0001:00036F9C
  1094 0001:00036FAB  1095 0001:00036FE1  1100 0001:00036FE8  1101 0001:0003700A
  1102 0001:00037024  1103 0001:00037027  1106 0001:00037029  1107 0001:00037044
  1108 0001:00037050  1110 0001:00037069  1106 0001:0003706A  1111 0001:0003706D
  1112 0001:0003708E  1115 0001:00037098  1116 0001:0003709E  1117 0001:000370A0
  1118 0001:000370A9  1119 0001:000370B5  1120 0001:000370C5  1122 0001:000370D4
  1123 0001:000370D8  1124 0001:000370E0  1261 0001:000370E4  1262 0001:000370FB
  1264 0001:00037104  1265 0001:00037113  1267 0001:00037124  1268 0001:0003712D
  1270 0001:00037134  1271 0001:0003714B  1272 0001:00037164  1275 0001:0003716C
  1276 0001:0003717B  1277 0001:00037183  1279 0001:00037193  1280 0001:000371A1
  1282 0001:000371C4  1278 0001:000371D8  1285 0001:000371E4  1286 0001:000371EF
  1288 0001:00037204  1291 0001:00037214  1292 0001:0003721F  1293 0001:0003722A
  1294 0001:00037249  1297 0001:00037250  1298 0001:0003725C  1299 0001:00037267
  1300 0001:0003727D  1301 0001:00037286  1304 0001:0003728C  1305 0001:0003728F
  1306 0001:00037297  1309 0001:0003729C  1310 0001:0003729F  1311 0001:000372A7
  1314 0001:000372AC  1315 0001:000372B6  1316 0001:000372BE  1317 0001:000372CC
  1318 0001:000372D6  1319 0001:000372E6  1321 0001:000372FE  1323 0001:0003730E
  1328 0001:00037314  1329 0001:0003731E  1330 0001:00037326  1331 0001:00037334
  1332 0001:00037342  1333 0001:00037347  1334 0001:00037353  1335 0001:00037362
  1337 0001:0003737A  1339 0001:0003738A  1342 0001:00037390  1343 0001:00037399
  1344 0001:000373A1  1345 0001:000373AF  1347 0001:000373CA  1349 0001:000373DD
  1354 0001:000373E4  1355 0001:000373F0  1356 0001:000373F8  1357 0001:00037406
  1358 0001:00037415  1359 0001:0003741A  1361 0001:00037421  1363 0001:0003743E
  1365 0001:00037451  1368 0001:00037458  1369 0001:00037464  1370 0001:0003746C
  1371 0001:0003747A  1373 0001:00037497  1375 0001:000374AA  1378 0001:000374B0
  1380 0001:000374B6  1383 0001:000374C4  1387 0001:000374CB  1388 0001:000374D5
  1393 0001:000374E3  1394 0001:000374EA  1396 0001:000374F1  1398 0001:00037505
  1402 0001:00037524  1403 0001:0003752C  1491 0001:0003758C  1492 0001:00037593
  1493 0001:000375A2  1494 0001:000375B0  1497 0001:000375C8  1499 0001:000375D8
  1505 0001:000375DC  1506 0001:000375E8  1507 0001:000375F7  1508 0001:00037605
  1509 0001:00037614  1510 0001:00037622  1511 0001:0003762B  1512 0001:00037631
  1513 0001:0003763F  1514 0001:00037648  1515 0001:00037652  1517 0001:0003766B
  1520 0001:00037688  1522 0001:0003769B  1537 0001:000376A4  1538 0001:000376C0
  1539 0001:000376CE  1540 0001:000376DB  1541 0001:000376E5  1544 0001:000376FE
  1547 0001:00037718  1524 0001:00037720  1527 0001:0003772C  1529 0001:00037737
  1530 0001:00037743  1531 0001:0003774E  1533 0001:0003775F  1536 0001:00037770

Line numbers for Unit1(Unit1.pas) segment .text

    52 0001:00037A00    53 0001:00037A03    54 0001:00037A08    65 0001:00037A0C
    70 0001:00037A10    71 0001:00037A13    72 0001:00037A19    73 0001:00037A24
    80 0001:00037A28    84 0001:00037A2C    85 0001:00037A2F    86 0001:00037A34
    89 0001:00037A38    92 0001:00037A3E    93 0001:00037A4F    94 0001:00037A5B
    96 0001:00037A67    97 0001:00037A70   100 0001:00037A74   102 0001:00037A77
   104 0001:00037A8C   109 0001:00037A90   111 0001:00037ACB

Line numbers for Demo3(D:\src\WebApp\Samples\Demo3\Demo3.dpr) segment .text

     9 0001:00037CAC    10 0001:00037CBC    11 0001:00037CC8    12 0001:00037CE0
    13 0001:00037CEC

Program entry point at 0001:00037CAC
