
 Start         Length     Name                   Class
 0001:00000000 00030CB0H .text                   CODE
 0002:00000000 0000121CH .data                   DATA
 0002:0000121C 000006CDH .bss                    BSS


Detailed map of segments

 0001:00000000 00004930 C=CODE     S=.text    G=(none)   M=System   ACBP=A9
 0001:00004930 0000020C C=CODE     S=.text    G=(none)   M=SysInit  ACBP=A9
 0001:00004B3C 000003AC C=CODE     S=.text    G=(none)   M=Windows  ACBP=A9
 0001:00004EE8 000002B8 C=CODE     S=.text    G=(none)   M=SysConst ACBP=A9
 0001:000051A0 00003C3C C=CODE     S=.text    G=(none)   M=SysUtils ACBP=A9
 0001:00008DDC 00000038 C=CODE     S=.text    G=(none)   M=Messages ACBP=A9
 0001:00008E14 00000038 C=CODE     S=.text    G=(none)   M=ActiveX  ACBP=A9
 0001:00008E4C 00000140 C=CODE     S=.text    G=(none)   M=Consts   ACBP=A9
 0001:00008F8C 000004F0 C=CODE     S=.text    G=(none)   M=TypInfo  ACBP=A9
 0001:0000947C 000058E1 C=CODE     S=.text    G=(none)   M=Classes  ACBP=A9
 0001:0000ED60 000080EB C=CODE     S=.text    G=(none)   M=Graphics ACBP=A9
 0001:00016E4C 00000050 C=CODE     S=.text    G=(none)   M=jconsts  ACBP=A9
 0001:00016E9C 00013810 C=CODE     S=.text    G=(none)   M=jpeg     ACBP=A9
 0001:0002A6AC 00000954 C=CODE     S=.text    G=(none)   M=Bmp2Gif  ACBP=A9
 0001:0002B000 00000510 C=CODE     S=.text    G=(none)   M=ImageConversion ACBP=A9
 0001:0002B510 000004A4 C=CODE     S=.text    G=(none)   M=XStrings ACBP=A9
 0001:0002B9B4 00000E38 C=CODE     S=.text    G=(none)   M=SDS      ACBP=A9
 0001:0002C7EC 00000F6C C=CODE     S=.text    G=(none)   M=LexTool  ACBP=A9
 0001:0002D758 00000148 C=CODE     S=.text    G=(none)   M=InetStr  ACBP=A9
 0001:0002D8A0 000001B4 C=CODE     S=.text    G=(none)   M=CBaseLexer ACBP=A9
 0001:0002DA54 00000E60 C=CODE     S=.text    G=(none)   M=HTMLLex  ACBP=A9
 0001:0002E8B4 000013A8 C=CODE     S=.text    G=(none)   M=ScrHtLex ACBP=A9
 0001:0002FC5C 000001A8 C=CODE     S=.text    G=(none)   M=UScriptedHtmlLexer ACBP=A9
 0001:0002FE04 00000040 C=CODE     S=.text    G=(none)   M=WebConst ACBP=A9
 0001:0002FE44 00000840 C=CODE     S=.text    G=(none)   M=Masks    ACBP=A9
 0001:00030684 0000015C C=CODE     S=.text    G=(none)   M=D3MasksWrapper ACBP=A9
 0001:000307E0 000003A8 C=CODE     S=.text    G=(none)   M=CTemplateActionStringLexer ACBP=A9
 0001:00030B88 00000125 C=CODE     S=.text    G=(none)   M=HAWapRun ACBP=A9
 0002:00000000 0000009E C=DATA     S=.data    G=DGROUP   M=System   ACBP=A9
 0002:000000A0 00000028 C=DATA     S=.data    G=DGROUP   M=SysInit  ACBP=A9
 0002:000000C8 000001E4 C=DATA     S=.data    G=DGROUP   M=SysUtils ACBP=A9
 0002:000002AC 00000010 C=DATA     S=.data    G=DGROUP   M=TypInfo  ACBP=A9
 0002:000002BC 00000054 C=DATA     S=.data    G=DGROUP   M=Classes  ACBP=A9
 0002:00000310 000002BC C=DATA     S=.data    G=DGROUP   M=Graphics ACBP=A9
 0002:000005CC 000008F8 C=DATA     S=.data    G=DGROUP   M=jpeg     ACBP=A9
 0002:00000EC4 00000028 C=DATA     S=.data    G=DGROUP   M=Bmp2Gif  ACBP=A9
 0002:00000EEC 00000060 C=DATA     S=.data    G=DGROUP   M=XStrings ACBP=A9
 0002:00000F4C 0000004C C=DATA     S=.data    G=DGROUP   M=InetStr  ACBP=A9
 0002:00000F98 00000060 C=DATA     S=.data    G=DGROUP   M=HTMLLex  ACBP=A9
 0002:00002000 000004C8 C=BSS      S=.bss     G=DGROUP   M=System   ACBP=A9
 0002:000024C8 0000001C C=BSS      S=.bss     G=DGROUP   M=SysInit  ACBP=A9
 0002:000024E4 00000004 C=BSS      S=.bss     G=DGROUP   M=Windows  ACBP=A9
 0002:000024E8 00000004 C=BSS      S=.bss     G=DGROUP   M=SysConst ACBP=A9
 0002:000024EC 00000114 C=BSS      S=.bss     G=DGROUP   M=SysUtils ACBP=A9
 0002:00002600 00000004 C=BSS      S=.bss     G=DGROUP   M=Messages ACBP=A9
 0002:00002604 00000004 C=BSS      S=.bss     G=DGROUP   M=ActiveX  ACBP=A9
 0002:00002608 00000004 C=BSS      S=.bss     G=DGROUP   M=Consts   ACBP=A9
 0002:0000260C 00000004 C=BSS      S=.bss     G=DGROUP   M=TypInfo  ACBP=A9
 0002:00002610 0000001C C=BSS      S=.bss     G=DGROUP   M=Classes  ACBP=A9
 0002:0000262C 00000060 C=BSS      S=.bss     G=DGROUP   M=Graphics ACBP=A9
 0002:0000268C 00000004 C=BSS      S=.bss     G=DGROUP   M=jconsts  ACBP=A9
 0002:00002690 00000004 C=BSS      S=.bss     G=DGROUP   M=jpeg     ACBP=A9
 0002:00002694 00000004 C=BSS      S=.bss     G=DGROUP   M=Bmp2Gif  ACBP=A9
 0002:00002698 00000004 C=BSS      S=.bss     G=DGROUP   M=ImageConversion ACBP=A9
 0002:0000269C 00000004 C=BSS      S=.bss     G=DGROUP   M=XStrings ACBP=A9
 0002:000026A0 00000004 C=BSS      S=.bss     G=DGROUP   M=SDS      ACBP=A9
 0002:000026A4 00000004 C=BSS      S=.bss     G=DGROUP   M=LexTool  ACBP=A9
 0002:000026A8 00000004 C=BSS      S=.bss     G=DGROUP   M=InetStr  ACBP=A9
 0002:000026AC 00000004 C=BSS      S=.bss     G=DGROUP   M=CBaseLexer ACBP=A9
 0002:000026B0 00000004 C=BSS      S=.bss     G=DGROUP   M=HTMLLex  ACBP=A9
 0002:000026B4 00000004 C=BSS      S=.bss     G=DGROUP   M=ScrHtLex ACBP=A9
 0002:000026B8 00000004 C=BSS      S=.bss     G=DGROUP   M=UScriptedHtmlLexer ACBP=A9
 0002:000026BC 00000004 C=BSS      S=.bss     G=DGROUP   M=WebConst ACBP=A9
 0002:000026C0 00000004 C=BSS      S=.bss     G=DGROUP   M=Masks    ACBP=A9
 0002:000026C4 00000004 C=BSS      S=.bss     G=DGROUP   M=D3MasksWrapper ACBP=A9
 0002:000026C8 00000004 C=BSS      S=.bss     G=DGROUP   M=CTemplateActionStringLexer ACBP=A9


  Address         Publics by Name

 0001:00020828       .
 0001:00003DCC       .
 0001:00008360       .
 0002:00000758       .
 0001:0001D7CC       .
 0001:000189C4       .
 0001:00029A40       .
 0002:0000005C       .
 0001:000285D8       .
 0002:00000E04       .
 0001:0001EAD4       .
 0002:00000648       .
 0001:00028058       .
 0001:000040AC       .
 0001:0001CB74       .
 0001:0002053C       .
 0001:00020248       .
 0001:0001F1AC       .
 0001:0001C5C8       .
 0001:0001BFDC       .
 0002:000006D8       .
 0001:00027730       .
 0001:00023F1C       .
 0001:00024030       .
 0002:00000A64       .
 0001:0001B54C       .
 0001:00024EBC       .
 0002:00000658       .
 0001:0001A780       .
 0001:000222E0       .
 0002:00000864       .
 0001:000256A8       .
 0001:0001A04C       .
 0001:000261E0       .
 0001:00019B8C       .
 0001:0002633C       .
 0001:00019624       .
 0001:00026878       .
 0001:000270A8       .
 0002:000026B0       .01
 0002:00002600       .1
 0002:0000268C       .1
 0002:00002698       .1
 0002:0000269C       .1
 0002:00002608       .1
 0002:000026A8       .1
 0002:000026B8       .1
 0002:000026BC       .1
 0002:000024DC       .1
 0002:000026C4       .1
 0002:000026C8       .1
 0002:000024E8       .1
 0002:00002694       .1
 0002:000025F4       .14
 0002:000026B4       .2
 0002:000024E4       .2
 0002:000026C0       .2
 0002:00002424       .3
 0002:0000260C       .3
 0002:000026A4       .3
 0002:00002604       .3
 0002:00002690       .3
 0002:000026AC       .4
 0002:000026A0       .81
 0002:00002630       .81
 0002:00002614       .84
 0001:00001708       @AbstractError
 0001:00001DCC       @AfterConstruction
 0001:000040F5       @Append
 0001:00001C54       @AsClass
 0001:00002694       @Assert
 0001:00003FCE       @Assign
 0001:00001754       @AStrCmp
 0001:00001DD4       @BeforeDestruction
 0001:00001CA0       @CallDynaInst
 0001:00001D74       @ClassCreate
 0001:00001DC4       @ClassDestroy
 0001:00004070       @Close
 0001:000030EC       @CopyArray
 0001:00002FD0       @CopyRecord
 0001:000031F4       @Dispose
 0001:00002190       @DoneExcept
 0001:00003970       @DynArrayAsg
 0001:00003934       @DynArrayClear
 0001:00003774       @DynArrayHigh
 0001:0000376C       @DynArrayLength
 0001:00003928       @DynArraySetLength
 0001:00002284       @ExceptionHandler
 0001:000017C4       @FillChar
 0001:00002FC4       @Finalize
 0001:00002EE4       @FinalizeArray
 0001:00002EB8       @FinalizeRecord
 0001:00001CB8       @FindDynaInst
 0001:00004049       @Flush
 0001:00001A00       @FpuInit
 0001:0000193C       @FpuMaskInit
 0001:0000159C       @FreeMem
 0001:00001584       @GetMem
 0001:00004A2C       @GetTls
 0001:0000267C       @Halt
 0001:00002564       @Halt0
 0001:00001EE0       @HandleAnyException
 0001:000020E8       @HandleFinally
 0001:00001FB0       @HandleOnException
 0001:00002EAC       @Initialize
 0001:00002E18       @InitializeArray
 0001:00002DEC       @InitializeRecord
 0001:000024C0       @InitImports
 0001:00004ABC       @InitLib
 0001:000024A4       @InitResStringImports
 0001:00003D90       @IntfClear
 0001:00003DA8       @IntfCopy
 0001:00001C3C       @IsClass
 0001:0000190C       @isNECWindows
 0001:00023E90       @jcopy_block_row
 0001:00023E44       @jcopy_sample_rows
 0001:0001D738       @jinit_1pass_quantizer
 0001:0001E9B4       @jinit_2pass_quantizer
 0001:000274E4       @jinit_color_converter
 0001:0001C9A8       @jinit_color_deconverter
 0001:00024E0C       @jinit_compress_master
 0001:00026FE0       @jinit_c_coef_controller
 0001:000262B8       @jinit_c_main_controller
 0001:00026118       @jinit_c_master_control
 0001:000267D0       @jinit_c_prep_controller
 0001:00027ED0       @jinit_downsampler
 0001:00020134       @jinit_d_coef_controller
 0001:0001F0CC       @jinit_d_main_controller
 0001:000204A8       @jinit_d_post_controller
 0001:00028548       @jinit_forward_dct
 0001:0001BF9C       @jinit_huff_decoder
 0001:0002A580       @jinit_huff_encoder
 0001:00019B44       @jinit_input_controller
 0001:000207AC       @jinit_inverse_dct
 0001:00023DC0       @jinit_marker_reader
 0001:0002565C       @jinit_marker_writer
 0001:0001A748       @jinit_master_decompress
 0001:000194F4       @jinit_memory_mgr
 0001:0001C548       @jinit_merged_upsampler
 0001:0001B4D8       @jinit_phuff_decoder
 0001:00029080       @jinit_phuff_encoder
 0001:00020D0C       @jinit_upsampler
 0001:00023EA0       @jpeg_abort
 0001:00023F04       @jpeg_alloc_huff_table
 0001:00023EEC       @jpeg_alloc_quant_table
 0001:00029714       @jpeg_fdct_float
 0001:000294A8       @jpeg_fdct_ifast
 0001:000290C4       @jpeg_fdct_islow
 0001:0001B884       @jpeg_fill_bit_buffer
 0001:000195F8       @jpeg_free_large
 0001:000195E8       @jpeg_free_small
 0001:0002A2C4       @jpeg_gen_optimal_table
 0001:000195F0       @jpeg_get_large
 0001:000195E0       @jpeg_get_small
 0001:0001B994       @jpeg_huff_decode
 0001:000222A4       @jpeg_idct_1x1
 0001:000220C8       @jpeg_idct_2x2
 0001:00021D34       @jpeg_idct_4x4
 0001:00020F24       @jpeg_idct_float
 0001:00021354       @jpeg_idct_ifast
 0001:00021760       @jpeg_idct_islow
 0001:00029C0C       @jpeg_make_c_derived_tbl
 0001:0001B66C       @jpeg_make_d_derived_tbl
 0001:00019600       @jpeg_mem_available
 0001:0001961C       @jpeg_mem_init
 0001:00019620       @jpeg_mem_term
 0001:0001960C       @jpeg_open_backing_store
 0001:00023C94       @jpeg_resync_to_restart
 0001:00024C40       @jpeg_suppress_tables
 0001:00023E2C       @jround_up
 0001:000026D4       @LStrArrayClr
 0001:00002704       @LStrAsg
 0001:00002934       @LStrCat
 0001:00002978       @LStrCat3
 0001:000029EC       @LStrCatN
 0001:000026B0       @LStrClr
 0001:00002A3C       @LStrCmp
 0001:00002B20       @LStrCopy
 0001:00002B60       @LStrDelete
 0001:000028DC       @LStrFromArray
 0001:00002854       @LStrFromChar
 0001:00002864       @LStrFromPChar
 0001:00002794       @LStrFromPCharLen
 0001:00002894       @LStrFromPWChar
 0001:000027C4       @LStrFromPWCharLen
 0001:000028D0       @LStrFromString
 0001:000028F4       @LStrFromWStr
 0001:00002748       @LStrLAsg
 0001:0000292C       @LStrLen
 0001:00002BA8       @LStrPos
 0001:00002BF0       @LStrSetLength
 0001:00002AE0       @LStrToPChar
 0001:00002908       @LStrToString
 0001:000031E0       @New
 0001:00002770       @NewAnsiString
 0001:00002D90       @NewWideString
 0001:00004274       @Pow10
 0001:00001724       @PStrNCpy
 0001:0000213C       @RaiseAgain
 0001:00002120       @RaiseExcept
 0001:000015B4       @ReallocMem
 0001:000040E7       @ResetText
 0001:000040EE       @RewritText
 0001:00002688       @RunError
 0001:000018B0       @SetElem
 0001:000018D4       @SetEq
 0001:000018F4       @SetSub
 0001:000018E8       @SetUnion
 0001:00002408       @StartLib
 0001:000016EC       @TRUNC
 0001:000021C0       @TryFinallyExit
 0001:000017E4       @ValLong
 0001:00003748       @VarAddRef
 0001:0000359C       @VarCast
 0001:00003348       @VarClear
 0001:00003740       @VarClr
 0001:0000338C       @VarCopy
 0001:000036CC       @VarFromLStr
 0001:0000370C       @VarFromWStr
 0001:00003690       @VarToLStr
 0001:000041DB       @Write0Char
 0001:00004244       @Write0CString
 0001:000041A0       @Write0String
 0001:000040FC       @WriteBytes
 0001:0000422D       @WriteChar
 0001:00004248       @WriteCString
 0001:000041C7       @WriteLn
 0001:00004167       @WriteSpaces
 0001:000041AA       @WriteString
 0001:00002C84       @WStrArrayClr
 0001:00002CA8       @WStrAsg
 0001:00002C6C       @WStrClr
 0001:00002D74       @WStrFromLStr
 0001:00002CCC       @WStrFromPCharLen
 0001:00002D50       @WStrFromPWCharLen
 0001:00002D84       @WStrLen
 0001:00002DA8       @WStrSetLength
 0001:00004024       @_Flush
 0001:00001654       @_IOTest
 0001:0000458E       @_lldiv
 0001:00004606       @_lldivo
 0001:00004681       @_llmod
 0001:000046FB       @_llmodo
 0001:00004548       @_llmul
 0001:0000456B       @_llmulo
 0001:0000477B       @_llshl
 0001:00004638       @_lludiv
 0001:0000472D       @_llumod
 0001:000047B3       @_llushr
 0001:0000726C       AbstractErrorHandler
 0002:00002018       AbstractErrorProc
 0002:00000108       AccessMode
 0001:00008E44       ActiveX
 0001:000002BC       AddBlockAfter
 0001:00003BDC       AddModuleUnloadProc
 0001:00005C64       AllocMem
 0002:0000241C       AllocMemCount
 0002:00002420       AllocMemSize
 0002:00000F0C       AlphaChars
 0001:00005D9C       AnsiCompareText
 0001:00005D68       AnsiLowerCase
 0001:00007870       AnsiLowerCaseFileName
 0001:00007838       AnsiPos
 0001:000078FC       AnsiStrPos
 0001:0000799C       AnsiStrRScan
 0001:000079C4       AnsiStrScan
 0001:00005D34       AnsiUpperCase
 0001:00003424       AnyChangeType
 0001:0002B718       AppendCharToStrings
 0001:0002B62C       AppendStringsToStrings
 0002:00000EEC       AsciiChars
 0001:00007250       AssertErrorHandler
 0002:00002014       AssertErrorProc
 0001:000091D4       AssignLongStr
 0001:00009398       AssignVariant
 0001:00009228       AssignWideStr
 0001:0002F588       AttributeValueNoClosingDelimiterError
 0002:00002470       avail
 0001:00006040       BackfillGetDiskFreeSpaceEx
 0001:00004C54       BitBlt
 0002:00000580       BitCounts
 0002:00000578       BitmapCanvasList
 0002:00002648       BitmapImageLock
 0001:0002B438       BitmapToGIF
 0001:0002B354       BitmapToJPEG
 0002:00002448       blockDescBlockList
 0002:0000244C       blockDescFreeList
 0002:00000EC4       BlockTerminator
 0001:0002AFF8       Bmp2Gif
 0002:000002AC       BooleanIdents
 0002:00002680       BrushManager
 0001:00017B54       BuildColorMap
 0001:00017AAC       BuildPalette
 0001:00011850       BytesPerScanline
 0001:00011BA8       ByteSwapColors
 0001:000077FC       ByteType
 0001:00007784       ByteTypeTest
 0002:000002B8       C10000
 0002:00002684       CanvasList
 0001:0002DA4C       CBaseLexer
 0002:000023E4       ChangeAnyProc
 0001:00003490       ChangeSourceAny
 0001:00004DE4       CharLowerBuff
 0001:00010434       CharsetToIdent
 0001:00004DEC       CharUpperBuff
 0001:0001252C       CheckBool
 0001:00001E5C       CheckJmp
 0002:0000261C       ClassAliasList
 0001:0000ECF4       Classes
 0002:00002618       ClassList
 0001:0000A040       ClassNotFound
 0002:000023E0       ClearAnyProc
 0001:0002A828       ClearX
 0002:00000570       ClipboardFormats
 0001:000000D8       CloseHandle
 0001:00004B3C       CloseHandle
 0002:0000202C       CmdLine
 0002:00002028       CmdShow
 0002:00000340       Colors
 0001:0001022C       ColorToIdent
 0001:0001021C       ColorToRGB
 0001:0000059C       Commit
 0002:0000248C       committedRoot
 0001:00005CC0       CompareMem
 0001:00004B44       CompareString
 0001:00005CE0       CompareText
 0001:0000CD5C       ComponentCreated
 0001:00012338       ComputeAldusChecksum
 0001:00008F84       Consts
 0001:00006D94       ConvertAddr
 0001:0002AF24       ConvertBitmapToGifStream
 0001:00005C40       ConvertErrorFmt
 0001:0000377C       CopyArray
 0001:00014464       CopyBitmap
 0001:00014AF8       CopyBitmapAsMask
 0001:00004C5C       CopyEnhMetaFile
 0001:0002B510       CopyFromTo
 0001:00014A94       CopyPalette
 0002:00002660       CounterLock
 0001:00007194       CreateAssertException
 0001:0000736C       CreateAVObject
 0001:00004C64       CreateBitmap
 0001:0002B2F0       CreateBitmapFromMemory
 0001:00004C6C       CreateBrushIndirect
 0001:00004C74       CreateCompatibleBitmap
 0001:00004C7C       CreateCompatibleDC
 0001:0000CDDC       CreateComponent
 0001:00004C8C       CreateDIBitmap
 0001:00004C84       CreateDIBSection
 0001:00004B4C       CreateEvent
 0001:00004B54       CreateFile
 0001:000000E0       CreateFileA
 0001:00004C94       CreateFontIndirect
 0001:00004C9C       CreateHalftonePalette
 0001:00004DF4       CreateIcon
 0001:0000708C       CreateInOutError
 0001:00004CA4       CreatePalette
 0001:00004CAC       CreatePenIndirect
 0001:00011C00       CreateSystemPalette
 0001:00030B80       CTemplateActionStringLexer
 0002:00002484       curAlloc
 0002:000024F4       CurrencyDecimals
 0002:000024F0       CurrencyFormat
 0002:000024EC       CurrencyString
 0002:00000020       cwChop
 0001:000307D8       D3MasksWrapper
 0002:000024F5       DateSeparator
 0002:00000F4C       Days
 0002:0000033C       DDBsOnly
 0002:00000008       DebugHook
 0002:000024F3       DecimalSeparator
 0001:00000630       Decommit
 0001:00000C4C       DecommitFree
 0002:00002460       decommittedRoot
 0002:00000000       Default8087CW
 0002:00000540       DefBrushData
 0002:00000310       DefFontData
 0002:000001AC       DefLongDayNames
 0002:00000160       DefLongMonthNames
 0002:00000520       DefPenData
 0002:00000190       DefShortDayNames
 0002:00000130       DefShortMonthNames
 0001:000002EC       DeleteBlock
 0001:0000025C       DeleteCriticalSection
 0001:00004B5C       DeleteCriticalSection
 0001:00004CB4       DeleteDC
 0001:00004CBC       DeleteEnhMetaFile
 0001:00000A94       DeleteFree
 0001:00004CC4       DeleteObject
 0001:00014028       DeselectBitmap
 0001:00004DFC       DestroyIcon
 0001:00004E04       DestroyWindow
 0002:0000057C       DIBPalSizes
 0002:0000004C       dig
 0002:000024D8       DllProc
 0001:000076C0       DoneExceptions
 0001:00030510       DoneMaskStates
 0002:000002B4       DotSep
 0001:00012784       DoWrite
 0001:0000AEEC       DoWrite
 0001:000131D8       DoWrite
 0001:00004E0C       DrawIcon
 0001:000116D0       DupBits
 0001:00003794       DynArrayClear
 0001:0000379C       DynArraySetLength
 0001:00007060       EHeapException.FreeInstance
 0001:00017158       EmitMessage
 0002:00000EE8       EMPTY
 0002:0000240C       EmptyParam
 0002:000000C8       EmptyStr
 0001:0002A90C       EncodeScanLine
 0001:0000024C       EnterCriticalSection
 0001:00004B64       EnterCriticalSection
 0001:00004B6C       EnumCalendarInfoA
 0001:00006A48       EnumEraNames
 0001:00006A84       EnumEraYearOffsets
 0001:0000C9C0       EnumValue
 0002:000025B8       EraNames
 0002:000025D4       EraYearOffsets
 0002:00000044       errCaption
 0001:00011294       Error
 0001:0002DC0C       error
 0001:0002C8F4       error
 0001:00001610       Error
 0002:00002038       ErrorAddr
 0001:00007150       ErrorHandler
 0002:000001C8       ErrorMap
 0002:00002004       ErrorProc
 0002:00002008       ExceptClsProc
 0001:000075EC       ExceptHandler
 0001:00006FA4       Exception.Create
 0001:00006FE0       Exception.CreateFmt
 0002:00002010       ExceptionClass
 0001:00006DA0       ExceptionErrorMessage
 0002:00000200       ExceptMap
 0001:00006D7C       ExceptObject
 0002:0000200C       ExceptObjProc
 0002:00002000       ExceptProc
 0002:00002030       ExitCode
 0001:00002530       ExitDll
 0002:00002034       ExitProc
 0001:00000130       ExitProcess
 0001:00004A08       ExitProcessTLS
 0001:000049E0       ExitThreadTLS
 0001:00005FF8       ExtractFileExt
 0001:00005FC0       ExtractFileName
 0001:0002B538       ExtractFromStrings
 0001:00005F68       FileClose
 0001:00005EE0       FileCreate
 0002:00000574       FileFormats
 0002:00002042       FileMode
 0001:00005EA0       FileOpen
 0001:00005F04       FileRead
 0001:00005F5C       FileSeek
 0002:00000EC8       FileTrailer
 0001:00005F30       FileWrite
 0001:00000B7C       FillAfterGap
 0001:00000B28       FillBeforeGap
 0001:00000C14       FillerSizeAfterGap
 0001:00000BA4       FillerSizeBeforeGap
 0001:00004E14       FillRect
 0001:00008E14       Finalization
 0001:00008F54       Finalization
 0001:0002A5C4       Finalization
 0001:0002FC24       Finalization
 0001:00009424       Finalization
 0001:0002FDCC       Finalization
 0001:00008DDC       Finalization
 0001:0002FE0C       Finalization
 0001:00008C10       Finalization
 0001:0002AFC8       Finalization
 0001:00005168       Finalization
 0001:00004EB0       Finalization
 0001:000047D0       Finalization
 0001:00004B04       Finalization
 0001:00016E64       Finalization
 0001:00016C7C       Finalization
 0001:0002B4D8       Finalization
 0001:0002E87C       Finalization
 0001:00030B88       Finalization
 0001:0003064C       Finalization
 0001:0000EC48       Finalization
 0001:000307A8       Finalization
 0001:0002DA1C       Finalization
 0001:0002D83C       Finalization
 0001:00030B50       Finalization
 0001:0002D720       Finalization
 0001:0002B97C       Finalization
 0001:0002C7B4       Finalization
 0001:0000378C       FinalizeArray
 0001:0000A174       FindClass
 0001:00000AF8       FindCommitted
 0001:0000CECC       FindExistingComponent
 0001:0000A194       FindFieldClass
 0001:00003998       FindHInstance
 0001:000039C0       FindResourceHInstance
 0001:0002A8A0       findstr
 0001:0002B8F0       FindSubString
 0001:00002348       FInitUnits
 0001:00014418       FixupBitFields
 0001:0000891E       FloatToDecimal
 0001:00008382       FloatToText
 0001:0000864B       FloatToTextFmt
 0001:0002A7A4       Flush
 0001:00006768       FmtStr
 0002:00000490       FontCharsets
 0002:00002678       FontManager
 0001:00006754       Format
 0001:00006328       FormatBuf
 0001:0000631C       FormatClearStr
 0001:000062B0       FormatError
 0002:00000128       FormatErrorStrs
 0001:00017160       FormatMessage
 0001:00004B74       FormatMessage
 0001:00006308       FormatVarToStr
 0001:00004274       FPower10
 0001:00000864       FreeCommitted
 0001:00000D6C       FreeCurAlloc
 0001:0000EBD4       FreeIntConstList
 0001:00000140       FreeLibrary
 0001:00013F7C       FreeMemoryContexts
 0001:000004E4       FreeSpace
 0001:00007EF4       FreeTerminateProcs
 0001:0000E450       FreeThreadWindow
 0001:000116C0       GDICheck
 0001:00011618       GDIError
 0001:00004CCC       GdiFlush
 0001:00004CD4       GetBitmapBits
 0001:00000264       GetBlockDesc
 0001:00004CDC       GetBrushOrgEx
 0001:0002B958       GetCharPosFromEnd
 0001:0000A0C4       GetClass
 0001:00004E1C       GetClipboardData
 0001:00000200       GetCmdShow
 0001:00000148       GetCommandLine
 0001:000006B0       GetCommitted
 0001:00000740       GetCommittedAt
 0001:00004B7C       GetCPInfo
 0001:00004CE4       GetCurrentPositionEx
 0001:00004B84       GetCurrentThreadId
 0001:00003DC4       GetCurrentThreadId
 0001:00004E24       GetDC
 0001:00016A74       GetDefFontCharSet
 0001:00004CFC       GetDeviceCaps
 0001:00004CEC       GetDIBColorTable
 0001:00004CF4       GetDIBits
 0001:00011830       GetDInColors
 0001:00004B8C       GetDiskFreeSpaceA
 0002:00000104       GetDiskFreeSpaceEx
 0001:00001C70       GetDynaMethod
 0001:00004D04       GetEnhMetaFileBits
 0001:00004D0C       GetEnhMetaFileHeader
 0001:00004D14       GetEnhMetaFilePaletteEntries
 0001:00008FC4       GetEnumValue
 0001:00006ACC       GetEraNamesAndYearOffsets
 0001:00007358       GetExceptionClass
 0001:00007520       GetExceptionObject
 0001:0000A034       GetFieldClassTable
 0001:00012E34       GetFileFormats
 0001:000000F0       GetFileSize
 0001:000000E8       GetFileType
 0001:00007ABC       GetFormatSettings
 0001:0000FBC0       GetHashCode
 0001:00004E2C       GetIconInfo
 0001:0002ECC4       getInlineScriptToken
 0001:00001904       GetKeyboardType
 0001:00004B94       GetLastError
 0001:00000150       GetLastError
 0001:000068C8       GetLocaleChar
 0001:00004B9C       GetLocaleInfo
 0001:00000158       GetLocaleInfo
 0001:0000687C       GetLocaleStr
 0001:00004930       GetModuleFileName
 0001:00000160       GetModuleFileName
 0001:00004BA4       GetModuleFileName
 0001:00004BAC       GetModuleHandle
 0001:0000692C       GetMonthDayNames
 0001:0002F3B4       getNonScriptTextToken
 0001:00004D1C       GetObject
 0001:0000907C       GetOrdProp
 0001:00004D24       GetPaletteEntries
 0001:00004D2C       GetPixel
 0001:0002F7D8       getPreProcessorInclude
 0001:00004BB4       GetProcAddress
 0001:00009010       GetPropInfo
 0001:0002F20C       getScriptTagToken
 0001:00000408       GetSpace
 0001:0000046C       GetSpaceAt
 0001:00000168       GetStartupInfo
 0001:000000F8       GetStdHandle
 0001:00004D34       GetStockObject
 0001:00004E34       GetSysColor
 0001:00004BBC       GetSystemInfo
 0001:00004E3C       GetSystemMetrics
 0001:00004D3C       GetSystemPaletteEntries
 0001:00004D44       GetTextMetrics
 0001:00004BC4       GetThreadLocale
 0001:00000170       GetThreadLocale
 0001:00004BCC       GetTickCount
 0001:00008FB8       GetTypeData
 0001:00004BD4       GetVersionEx
 0001:00004D4C       GetWinMetaFileBits
 0002:00000ECC       gifBGColor
 0002:00000ED4       gifcolordepth
 0002:00000EDC       gifLIDid
 0002:00000ED8       gifncolors
 0002:00000ED0       gifPixAsp
 0001:00004BDC       GlobalAlloc
 0001:00004E64       GlobalAllocPtr
 0002:00002624       GlobalFixupList
 0001:00004BE4       GlobalFree
 0001:00004E90       GlobalFreePtr
 0001:00004BF4       GlobalHandle
 0001:00004BEC       GlobalLock
 0002:00002610       GlobalNameSpace
 0001:00004BFC       GlobalReAlloc
 0001:00004E74       GlobalReAllocPtr
 0001:00004C04       GlobalUnlock
 0001:00016D50       Graphics
 0001:0000D4BC       HandleException
 0001:0002E470       HandlePossibleWhiteSpace
 0002:00000EE4       HASHBITS
 0002:00000EE0       HASHSIZE
 0001:00030C98       HAWapRun
 0002:00000004       HeapAllocFlags
 0002:0000242C       heapErrorCode
 0002:00002430       heapLock
 0002:00000100       HexDisplayPrefix
 0002:000024D4       HInstance
 0001:0002E8AC       HTMLLex
 0002:00000FB8       htmlTagAttribNameDelims
 0002:00000FD8       htmlTagAttribValueDelims
 0002:00000F98       htmlTagDelims
 0001:00010444       IdentToCharset
 0001:0001023C       IdentToColor
 0001:0000A3E4       IdentToInt
 0001:0002B508       ImageConversion
 0001:0002D898       InetStr
 0001:000008F0       InitAllocator
 0002:0000249C       InitContext
 0001:00017430       InitDecompressor
 0001:00018450       InitDefaults
 0001:00016AB8       InitDefFontData
 0001:00007F14       InitDriveSpacePtr
 0001:000075FC       InitExceptions
 0001:0002AA98       Initialize
 0001:00012350       InitializeBitmapInfoHeader
 0001:00000244       InitializeCriticalSection
 0001:00004C0C       InitializeCriticalSection
 0002:00002428       initialized
 0001:00004A70       InitializeModule
 0001:000301C0       InitMaskStates
 0001:0000772C       InitPlatformId
 0001:000049B8       InitProcessTLS
 0001:00016A3C       InitScreenLogPixels
 0001:00007A04       InitSysLocale
 0001:00004968       InitThreadTLS
 0001:0002E450       initToken
 0001:000023A8       InitUnits
 0002:00002048       Input
 0001:00000CE4       InsertFree
 0002:00002620       IntConstList
 0001:0000FB4C       InternalDeletePalette
 0001:00000B58       InternalFreeMem
 0001:00012478       InternalGetDIB
 0001:00012428       InternalGetDIBSizes
 0001:0000A424       IntToIdent
 0001:000114EC       InvalidBitmap
 0001:000114D4       InvalidGraphic
 0001:00011534       InvalidIcon
 0001:0002FE98       InvalidMask
 0001:0001157C       InvalidMetafile
 0001:000114BC       InvalidOperation
 0001:000170CC       InvalidOperation
 0002:000025FC       InvalidPointer
 0001:00001B28       InvokeImplGetter
 0001:00001684       IOResult
 0002:00002040       IsConsole
 0002:00002024       IsLibrary
 0002:00002041       IsMultiThread
 0001:00005E24       IsValidIdent
 0001:00016E94       jconsts
 0001:0002A604       jpeg
 0002:000005CC       JPEGDefaults
 0001:000170E4       JpegError
 0001:0001A0DC       jpeg_calc_output_dimensions
 0001:00018800       jpeg_consume_input
 0001:00024B78       jpeg_CreateCompress
 0001:00018490       jpeg_CreateDecompress
 0001:00023ECC       jpeg_destroy
 0001:00018558       jpeg_destroy_decompress
 0001:00024C88       jpeg_finish_compress
 0001:00018914       jpeg_finish_decompress
 0001:00019FC4       jpeg_finish_output
 0001:000188E0       jpeg_has_multiple_scans
 0001:00018794       jpeg_read_header
 0001:00019E28       jpeg_read_scanlines
 0001:00024354       jpeg_set_colorspace
 0001:000241F0       jpeg_set_defaults
 0001:0002412C       jpeg_set_quality
 0001:000247BC       jpeg_simple_progression
 0001:000249A0       jpeg_start_compress
 0001:00019CA4       jpeg_start_decompress
 0001:00019F64       jpeg_start_output
 0001:00023FF0       jpeg_stdio_dest
 0001:00019C38       jpeg_stdio_src
 0002:000005D4       jpeg_std_error
 0001:00024A0C       jpeg_write_scanlines
 0001:00005F70       LastDelimiter
 0002:000000E0       LeadBytes
 0001:00004C14       LeaveCriticalSection
 0001:00000254       LeaveCriticalSection
 0001:0002D750       LexTool
 0002:0000000C       LibModuleList
 0002:000025F0       ListSeparator
 0001:00004E44       LoadIcon
 0001:00000178       LoadLibraryEx
 0001:000039E4       LoadResourceModule
 0001:00003D38       LoadResString
 0001:00004E4C       LoadString
 0001:00000180       LoadString
 0001:00000224       LocalAlloc
 0001:00004938       LocalAlloc
 0001:0000022C       LocalFree
 0001:00004940       LocalFree
 0001:000068F0       LocalGetLocaleStr
 0002:000024FC       LongDateFormat
 0002:00002590       LongDayNames
 0002:00002544       LongMonthNames
 0002:00002510       LongTimeFormat
 0001:00000188       lstrcpy
 0001:00000190       lstrlen
 0002:0000201C       MainInstance
 0002:00002020       MainThreadID
 0001:000002B4       MakeEmpty
 0001:000024E0       MakeErrorMessage
 0001:00004EA4       MakeROP4
 0001:000072D8       MapException
 0001:000021E4       MapToRunError
 0001:00004D54       MaskBlt
 0001:0003067C       Masks
 0001:00030684       Mask_Create
 0001:000306DC       Mask_Free
 0001:000306EC       Mask_Matches
 0001:000302E0       Matches
 0001:000305F0       MatchesMask
 0001:00030740       MatchesMask
 0001:00030480       MatchesMaskStates
 0002:00000014       MemoryManager
 0001:00000304       MergeBlockAfter
 0001:00000DB8       MergeCommit
 0001:00000138       MessageBox
 0001:00004E54       MessageBox
 0001:00008E0C       Messages
 0002:000000A0       Module
 0002:000024C9       ModuleIsCpp
 0002:000024C8       ModuleIsLib
 0001:0000EC40       ModuleUnload
 0002:00000010       ModuleUnloadList
 0002:00000F68       Months
 0001:0000169C       Move
 0001:00004D5C       MoveToEx
 0001:00004C1C       MulDiv
 0001:00000198       MultiByteToWideChar
 0002:000024F1       NegCurrFormat
 0001:00000E44       NewCommit
 0001:00000E70       NewCommitAt
 0002:000002BC       NilMethod
 0001:0002F514       NoAttributeError
 0001:0002F638       NoClosingTagError
 0001:00001E48       NotifyAnyExcept
 0001:00001E20       NotifyExcept
 0001:00001E7C       NotifyExceptFinally
 0001:00003C5C       NotifyModuleUnload
 0001:00001E00       NotifyNonDelphiException
 0001:00001E34       NotifyOnExcept
 0001:00001DE4       NotifyReRaise
 0001:00001EA4       NotifyTerminate
 0001:00001EC0       NotifyUnhandled
 0002:000023FC       Null
 0001:00003290       OleStrToStrVar
 0002:000025F8       OutOfMemory
 0001:000115C4       OutOfResources
 0002:00002214       Output
 0001:0001715C       OutputMessage
 0002:0000058C       Pal16
 0001:00011DB0       PaletteFromDIBColorTable
 0001:00011E54       PaletteToDIBColorTable
 0002:00000588       PalSize
 0001:00004D64       PatBlt
 0002:00002688       PatternManager
 0002:0000267C       PenManager
 0002:00000550       PenModes
 0002:00000530       PenStyles
 0001:00004D6C       PlayEnhMetaFile
 0001:000302A0       Pop
 0001:0002D2F0       posOfDelim
 0001:00017318       ProgressCallback
 0001:0000C978       PropertyNotFound
 0001:0000D5DC       PropPathError
 0001:0000C930       PropValueError
 0001:00030278       Push
 0001:0002A6AC       Putbyte
 0001:0002A71C       PutCode
 0001:00007240       RaiseAssertException
 0001:00000100       RaiseException
 0001:00007E30       RaiseLastWin32Error
 0001:00001604       RaiseList
 0002:0000203C       RandSeed
 0001:0000C918       ReadError
 0001:00000108       ReadFile
 0001:00004C24       ReadFile
 0001:00012078       ReadIcon
 0001:0002EF78       readIfCorrectScriptTag
 0001:0002F69C       readIfIncludeCommand
 0001:0000D9A4       ReadVariantProp
 0001:00004D74       RealizePalette
 0001:0000CD7C       Recover
 0001:0000A018       Rect
 0002:000023E8       RefAnyProc
 0001:000001A0       RegCloseKey
 0001:0000A3B8       RegisterIntegerConsts
 0001:00003CB8       RegisterModule
 0001:000001A8       RegOpenKeyEx
 0001:000001B0       RegQueryValueEx
 0001:0001740C       ReleaseContext
 0001:00004E5C       ReleaseDC
 0002:00002480       remBytes
 0001:00000378       RemoveBlock
 0001:0000C7E8       RemoveFixupReferences
 0001:0000C894       RemoveFixups
 0001:00003BFC       RemoveModuleUnloadProc
 0001:0002EBDC       RemoveTrailingCRLF
 0001:0002FF24       Reset
 0001:00017164       ResetErrorMgr
 0001:000012F0       ResizeInPlace
 0001:0000B04C       ReturnAddr
 0001:0000A550       ReturnAddr
 0001:00011B30       RGBQuadToTriple
 0001:00011AF8       RGBTripleToQuad
 0002:0000247C       rover
 0001:00000110       RtlUnwind
 0002:00000024       runErrMsg
 0001:000021D8       RunErrorAt
 0001:000300B4       ScanSet
 0002:00002634       ScreenLogPixels
 0001:0002FC54       ScrHtLex
 0001:0002FC5C       ScriptedHtmlLexer_Create
 0001:0002FC6C       ScriptedHtmlLexer_Destroy
 0001:0002FC7C       ScriptedHtmlLexer_Execute
 0001:0002FD2C       ScriptedHtmlLexer_SetEndDelim
 0001:0002FD44       ScriptedHtmlLexer_SetMacroChar
 0001:0002FD54       ScriptedHtmlLexer_SetOnInlineScript
 0001:0002FD9C       ScriptedHtmlLexer_SetOnMacro
 0001:0002FD84       ScriptedHtmlLexer_SetOnNonScriptText
 0001:0002FDB4       ScriptedHtmlLexer_SetOnPreProcessorInclude
 0001:0002FD6C       ScriptedHtmlLexer_SetOnScriptTag
 0001:0002FD14       ScriptedHtmlLexer_SetStartDelim
 0001:0002C7E4       SDS
 0001:00000EA4       SearchSmallBlocks
 0001:00004D7C       SelectObject
 0001:00004D84       SelectPalette
 0001:00004D8C       SetBkColor
 0001:00004D94       SetBkMode
 0001:00004D9C       SetBrushOrgEx
 0001:0000CE54       SetCompName
 0001:00004DA4       SetDIBColorTable
 0001:00000118       SetEndOfFile
 0001:00004C2C       SetEndOfFile
 0001:00004DAC       SetEnhMetaFileBits
 0001:00002300       SetExceptionHandler
 0001:00004C34       SetFilePointer
 0001:00000120       SetFilePointer
 0001:00009300       SetFloatProp
 0001:00001674       SetInOutRes
 0001:0000D804       SetIntIdent
 0001:000091E8       SetLongStrProp
 0001:000093EC       SetMethodProp
 0001:0000D8B8       SetObjectIdent
 0001:000090F0       SetOrdProp
 0001:00004DB4       SetROP2
 0001:0000914C       SetShortStrProp
 0001:000091A0       SetShortStrPropAsLongStr
 0001:00004DBC       SetStretchBltMode
 0001:000092D4       SetStrProp
 0001:00004DC4       SetTextColor
 0001:0002E308       setTokensEndPos
 0001:000093AC       SetVariantProp
 0001:0000923C       SetWideStrProp
 0001:0000927C       SetWideStrPropAsLongStr
 0001:00004DCC       SetWinMetaFileBits
 0002:00000114       ShareMode
 0002:000024F8       ShortDateFormat
 0002:00002574       ShortDayNames
 0002:00002514       ShortMonthNames
 0002:0000250C       ShortTimeFormat
 0001:00006F2C       ShowException
 0001:0000E088       SkipBinary
 0001:0000E034       SkipBytes
 0001:0000E0B0       SkipCollection
 0001:0002F14C       skipIfScriptEndTag
 0001:0000E00C       SkipList
 0002:00002488       smallTab
 0002:00002450       spaceRoot
 0002:0000263C       StockBrush
 0002:00002640       StockFont
 0002:00002644       StockIcon
 0002:00002638       StockPen
 0001:00006270       StrAlloc
 0001:00007820       StrByteType
 0001:00006108       StrCopy
 0001:00006130       StrECopy
 0001:00004DD4       StretchBlt
 0001:0002B7C0       StringsToText
 0001:000032B4       StringToOleStr
 0001:0000615C       StrLCopy
 0001:000060B4       StrLen
 0001:00006720       StrLFmt
 0001:000061B4       StrLIComp
 0001:000060CC       StrMove
 0001:00006284       StrNew
 0001:00006190       StrPCopy
 0001:0000621C       StrPos
 0001:000061FC       StrScan
 0001:00005E88       StrToIntDef
 0001:000001C8       SysAllocStringLen
 0001:00005198       SysConst
 0001:00006830       SysErrorMessage
 0001:0000114C       SysFreeMem
 0001:000001D8       SysFreeString
 0001:00000FC4       SysGetMem
 0001:00004B34       SysInit
 0002:000025AC       SysLocale
 0001:000014C0       SysReallocMem
 0001:000001D0       SysReAllocStringLen
 0001:000001E0       SysStringLen
 0001:00004838       System
 0002:0000262C       SystemPalette16
 0001:00011D18       SystemPaletteOverride
 0001:00008D5C       SysUtils
 0001:00014DA8       TBitmap.Assign
 0001:00014F5C       TBitmap.Changed
 0001:00014F54       TBitmap.Changing
 0001:00014E98       TBitmap.CopyImage
 0001:00014D04       TBitmap.Create
 0001:00014D6C       TBitmap.Destroy
 0001:00015480       TBitmap.DIBNeeded
 0001:00014F68       TBitmap.Draw
 0001:000154F4       TBitmap.FreeContext
 0001:000151B8       TBitmap.FreeImage
 0001:00015220       TBitmap.GetCanvas
 0001:00015208       TBitmap.GetEmpty
 0001:00015260       TBitmap.GetHandle
 0001:00015284       TBitmap.GetHandleType
 0001:000152B0       TBitmap.GetHeight
 0001:000152C0       TBitmap.GetMaskHandle
 0001:000152D4       TBitmap.GetMonochrome
 0001:000152F0       TBitmap.GetPalette
 0001:00015304       TBitmap.GetPixelFormat
 0001:00015388       TBitmap.GetScanline
 0001:00015430       TBitmap.GetTransparentColor
 0001:00015478       TBitmap.GetWidth
 0001:00015504       TBitmap.HandleNeeded
 0001:0001562C       TBitmap.LoadFromClipboardFormat
 0001:000156EC       TBitmap.LoadFromStream
 0001:00015514       TBitmap.MaskHandleNeeded
 0001:00015710       TBitmap.NewImage
 0001:00015574       TBitmap.PaletteNeeded
 0001:000157FC       TBitmap.ReadData
 0001:00015824       TBitmap.ReadDIB
 0001:00015C74       TBitmap.ReadStream
 0001:00016458       TBitmap.SaveToClipboardFormat
 0001:00016450       TBitmap.SaveToStream
 0001:00015CE0       TBitmap.SetHandle
 0001:00015DA0       TBitmap.SetHandleType
 0001:00015ED4       TBitmap.SetHeight
 0001:00015F28       TBitmap.SetPalette
 0001:00015FFC       TBitmap.SetPixelFormat
 0001:000161A0       TBitmap.SetWidth
 0001:000161F4       TBitmap.WriteData
 0001:000161FC       TBitmap.WriteStream
 0001:000140A4       TBitmapCanvas.Create
 0001:000141AC       TBitmapCanvas.CreateHandle
 0001:000140E0       TBitmapCanvas.Destroy
 0001:0001410C       TBitmapCanvas.FreeContext
 0001:000142BC       TBitmapImage.Destroy
 0001:00014310       TBitmapImage.FreeHandle
 0001:00010C84       TBrush.Assign
 0001:00010C1C       TBrush.Create
 0001:00010C5C       TBrush.Destroy
 0001:00010D9C       TBrush.GetColor
 0001:00010D2C       TBrush.GetData
 0001:00010DD8       TBrush.GetHandle
 0001:00010EB8       TBrush.GetStyle
 0001:00010DA4       TBrush.SetColor
 0001:00010D4C       TBrush.SetData
 0001:00010EC0       TBrush.SetStyle
 0001:0002B0E4       TCallbackCallerStream.Create
 0001:0002B144       TCallbackCallerStream.Read
 0001:0002B1B4       TCallbackCallerStream.Seek
 0001:0002B12C       TCallbackCallerStream.Write
 0001:0001149C       TCanvas.BrushChanged
 0001:00011370       TCanvas.Changed
 0001:0001135C       TCanvas.Changing
 0001:00010EF4       TCanvas.Create
 0001:000113E0       TCanvas.CreateBrush
 0001:00011384       TCanvas.CreateFont
 0001:0001123C       TCanvas.CreateHandle
 0001:000113B0       TCanvas.CreatePen
 0001:000111E0       TCanvas.DeselectHandles
 0001:00010FB8       TCanvas.Destroy
 0001:0001145C       TCanvas.FontChanged
 0001:000111C0       TCanvas.GetHandle
 0001:00011150       TCanvas.GetPenPos
 0001:00011194       TCanvas.GetPixel
 0001:00011014       TCanvas.Lock
 0001:0001103C       TCanvas.MoveTo
 0001:0001147C       TCanvas.PenChanged
 0001:000112E8       TCanvas.RequiredState
 0001:00011144       TCanvas.SetBrush
 0001:00011128       TCanvas.SetFont
 0001:00011240       TCanvas.SetHandle
 0001:00011138       TCanvas.SetPen
 0001:00011174       TCanvas.SetPenPos
 0001:00011068       TCanvas.StretchDraw
 0001:000110A4       TCanvas.TryLock
 0001:00011100       TCanvas.Unlock
 0001:00012DEC       TClipboardFormats.Remove
 0001:0000ACC0       TCollection.Add
 0001:0000ACCC       TCollection.Clear
 0001:0000EA0C       TComponent.ChangeName
 0001:0000E46C       TComponent.Create
 0001:0000E734       TComponent.DefineProperties
 0001:0000E4B8       TComponent.Destroy
 0001:0000E664       TComponent.DestroyComponents
 0001:0000E690       TComponent.Destroying
 0001:0000EB24       TComponent.ExecuteAction
 0001:0000E8F0       TComponent.FindComponent
 0001:0000E7C4       TComponent.GetChildOwner
 0001:0000E7C8       TComponent.GetChildParent
 0001:0000E7BC       TComponent.GetChildren
 0001:0000EA20       TComponent.GetComponent
 0001:0000EA8C       TComponent.GetComponentCount
 0001:0000E7CC       TComponent.GetNamePath
 0001:0000E7E0       TComponent.GetOwner
 0001:0000E7E8       TComponent.GetParentComponent
 0001:0000E7B8       TComponent.HasParent
 0001:0000E57C       TComponent.Insert
 0001:0000E5D0       TComponent.InsertComponent
 0001:0000E808       TComponent.Loaded
 0001:0000E6C8       TComponent.Notification
 0001:0000EB94       TComponent.QueryInterface
 0001:0000E53C       TComponent.ReadLeft
 0001:0000E814       TComponent.ReadState
 0001:0000E550       TComponent.ReadTop
 0001:0000E5A8       TComponent.Remove
 0001:0000E624       TComponent.RemoveComponent
 0001:0000EB74       TComponent.SafeCallException
 0001:0000E7E4       TComponent.SetChildOrder
 0001:0000EA9C       TComponent.SetDesigning
 0001:0000E940       TComponent.SetName
 0001:0000E7EC       TComponent.SetParentComponent
 0001:0000EADC       TComponent.SetReference
 0001:0000EB4C       TComponent.UpdateAction
 0001:0000E7FC       TComponent.Updated
 0001:0000EB8C       TComponent.UpdateRegistry
 0001:0000E7F0       TComponent.Updating
 0001:0000E8D8       TComponent.ValidateContainer
 0001:0000E8EC       TComponent.ValidateInsert
 0001:0000E824       TComponent.ValidateRename
 0001:0000E564       TComponent.WriteLeft
 0001:0000E81C       TComponent.WriteState
 0001:0000E570       TComponent.WriteTop
 0001:0002C060       TContainer.BeginUpdate
 0001:0002BF0C       TContainer.Changed
 0001:0002BF44       TContainer.Changing
 0001:0002BDDC       TContainer.Create
 0001:0002BE20       TContainer.Destroy
 0001:0002C078       TContainer.EndUpdate
 0001:0002BF34       TContainer.ObjectAdded
 0001:0002BF38       TContainer.ObjectRemoved
 0001:0002BF28       TContainer.RemoveObject
 0001:0002C2F8       TContainer.SetUpdateState
 0001:0000C518       TCustomMemoryStream.Read
 0001:0000C550       TCustomMemoryStream.Seek
 0001:0000C510       TCustomMemoryStream.SetPointer
 0001:0002BED8       TCustomObjectList.Add
 0001:0002C0C4       TCustomObjectList.AddObjects
 0001:0002C308       TCustomObjectList.AssignTo
 0001:0002BF60       TCustomObjectList.Clear
 0001:0002C180       TCustomObjectList.CopyObjects
 0001:0002BE50       TCustomObjectList.Create
 0001:0002BFE4       TCustomObjectList.Delete
 0001:0002BFA8       TCustomObjectList.DeleteNoFree
 0001:0002BE94       TCustomObjectList.Destroy
 0001:0002C01C       TCustomObjectList.Exchange
 0001:0002C424       TCustomObjectList.Find
 0001:0002C058       TCustomObjectList.GetCount
 0001:0002C044       TCustomObjectList.GetItem
 0001:0002C294       TCustomObjectList.IndexOf
 0001:0002C3EC       TCustomObjectList.Insert
 0001:0002C2B8       TCustomObjectList.PutItem
 0001:0002C0A8       TCustomObjectList.Remove
 0001:0002C08C       TCustomObjectList.RemoveNoFree
 0001:0002C61C       TCustomStack.AssignTo
 0001:0002C5D0       TCustomStack.Clear
 0001:0002C470       TCustomStack.Create
 0001:0002C4B4       TCustomStack.Destroy
 0001:0002C7AC       TCustomStack.GetCount
 0001:0002C4E4       TCustomStack.GetTop
 0001:0002C55C       TCustomStack.Pop
 0001:0002C530       TCustomStack.Push
 0001:000307E0       TemplateActionLexer_Create
 0001:00030880       TemplateActionLexer_Free
 0001:00030890       TemplateActionLexer_GetActionName
 0001:00030A78       TemplateActionLexer_GetParamCount
 0001:00030A88       TemplateActionLexer_GetParamName
 0001:00030AEC       TemplateActionLexer_GetParamValue
 0001:000309F8       TemplateActionLexer_GetValue
 0001:0003094C       TemplateActionLexer_GetVerb
 0002:000002A8       TerminateProcList
 0002:00002043       Test8086
 0002:00002044       Test8087
 0001:00008B0F       TextToFloat
 0001:00012C7C       TFileFormatsList.Add
 0001:00012B08       TFileFormatsList.Create
 0001:00012C30       TFileFormatsList.Destroy
 0001:00012D10       TFileFormatsList.FindClassName
 0001:00012DA0       TFileFormatsList.Remove
 0001:0000C3EC       TFileStream.Create
 0001:0000C4E8       TFileStream.Destroy
 0001:000104EC       TFont.Assign
 0001:000104D0       TFont.Changed
 0001:00010454       TFont.Create
 0001:000104A8       TFont.Destroy
 0001:00010920       TFont.GetCharset
 0001:000105C0       TFont.GetData
 0001:0001063C       TFont.GetHandle
 0001:000107D8       TFont.GetHeight
 0001:00010808       TFont.GetName
 0001:000108F0       TFont.GetPitch
 0001:0001087C       TFont.GetSize
 0001:000108B8       TFont.GetStyle
 0001:00010928       TFont.SetCharset
 0001:00010628       TFont.SetColor
 0001:000105D8       TFont.SetData
 0001:000107E0       TFont.SetHeight
 0001:00010820       TFont.SetName
 0001:000108F8       TFont.SetPitch
 0001:00010898       TFont.SetSize
 0001:000108C4       TFont.SetStyle
 0001:0001276C       TGraphic.Changed
 0001:00012734       TGraphic.Create
 0001:000127DC       TGraphic.DefineProperties
 0001:00012828       TGraphic.Equals
 0001:0001296C       TGraphic.GetPalette
 0001:00012970       TGraphic.GetTransparent
 0001:00012974       TGraphic.LoadFromFile
 0001:000129C8       TGraphic.Progress
 0001:000129F0       TGraphic.ReadData
 0001:000129FC       TGraphic.SaveToFile
 0001:00012A54       TGraphic.SetPalette
 0001:00012A58       TGraphic.SetTransparent
 0001:00012A68       TGraphic.WriteData
 0001:0001024C       TGraphicsObject.Changed
 0001:00010260       TGraphicsObject.Lock
 0001:00010270       TGraphicsObject.Unlock
 0001:0000C3A0       THandleStream.Read
 0001:0000C3C0       THandleStream.Seek
 0001:0000C3CC       THandleStream.SetSize
 0001:0000C3B0       THandleStream.Write
 0002:000024F2       ThousandSeparator
 0002:00002628       ThreadWindow
 0001:0002E804       THtmlTagLexer.AddToken
 0001:0002E840       THtmlTagLexer.ClearTokens
 0001:0002E290       THtmlTagLexer.Create
 0001:0002E2D4       THtmlTagLexer.Destroy
 0001:0002E530       THtmlTagLexer.Execute
 0001:0002E7D0       THtmlTagLexer.GetToken
 0001:0002E7C8       THtmlTagLexer.GetTokenCount
 0001:0002E7F0       THtmlTagLexer.GetTokenPtr
 0001:0002DC24       THtmlTagToken.Create
 0001:0002DC7C       THtmlTagToken.Destroy
 0001:0002DE24       THtmlTagToken.GetAttribute
 0001:0002DE18       THtmlTagToken.GetAttributeCount
 0001:0002DE40       THtmlTagToken.GetAttributeName
 0001:0002DE5C       THtmlTagToken.GetAttributeValue
 0001:0002DCB4       THtmlTagToken.GetContents
 0001:0002E278       THtmlTagToken.IsTag
 0001:0002DEB8       THtmlTagToken.ProcessContents
 0001:0002DCD4       THtmlTagToken.rebuildContents
 0001:000165C4       TIcon.Assign
 0001:00016540       TIcon.Create
 0001:00016594       TIcon.Destroy
 0001:00016624       TIcon.Draw
 0001:0001665C       TIcon.GetEmpty
 0001:00016674       TIcon.GetHandle
 0001:00016688       TIcon.GetHeight
 0001:00016690       TIcon.GetWidth
 0001:00016698       TIcon.HandleNeeded
 0001:00016704       TIcon.ImageNeeded
 0001:000169A4       TIcon.LoadFromClipboardFormat
 0001:000167B8       TIcon.LoadFromStream
 0001:00016870       TIcon.NewImage
 0001:000169F0       TIcon.SaveToClipboardFormat
 0001:00016978       TIcon.SaveToStream
 0001:000168E4       TIcon.SetHeight
 0001:0001692C       TIcon.SetTransparent
 0001:00016930       TIcon.SetWidth
 0001:000164F8       TIconImage.Destroy
 0001:00016528       TIconImage.FreeHandle
 0001:0002B234       TImageMemoryStream.Create
 0001:0002B280       TImageMemoryStream.Write
 0002:00002504       TimeAMString
 0002:00002508       TimePMString
 0002:00002500       TimeSeparator
 0001:0000A380       TIntConst.Create
 0001:00017174       TJPEGData.Destroy
 0001:000171A4       TJPEGData.FreeHandle
 0001:00017260       TJPEGImage.Assign
 0001:000172E0       TJPEGImage.AssignTo
 0001:00017638       TJPEGImage.CalcOutputDimensions
 0001:000176C4       TJPEGImage.Changed
 0001:000176CC       TJPEGImage.Compress
 0001:000171A8       TJPEGImage.Create
 0001:0001721C       TJPEGImage.Destroy
 0001:00017A4C       TJPEGImage.Draw
 0001:00017A6C       TJPEGImage.Equals
 0001:00017A98       TJPEGImage.FreeBitmap
 0001:00017BDC       TJPEGImage.GetBitmap
 0001:00017FE4       TJPEGImage.GetEmpty
 0001:0001806C       TJPEGImage.GetHeight
 0001:00018004       TJPEGImage.GetPalette
 0001:00018098       TJPEGImage.GetWidth
 0001:000180C4       TJPEGImage.JPEGNeeded
 0001:000180D4       TJPEGImage.LoadFromClipboardFormat
 0001:000180F4       TJPEGImage.LoadFromStream
 0001:00018118       TJPEGImage.NewBitmap
 0001:00018134       TJPEGImage.NewImage
 0001:00018160       TJPEGImage.ReadData
 0001:00018188       TJPEGImage.ReadStream
 0001:000182C0       TJPEGImage.SaveToClipboardFormat
 0001:000182EC       TJPEGImage.SaveToStream
 0001:00018318       TJPEGImage.SetHeight
 0001:00018360       TJPEGImage.SetPalette
 0001:000183B8       TJPEGImage.SetWidth
 0001:00018400       TJPEGImage.WriteData
 0001:0002C964       TLexTool.Create
 0001:0002C9B4       TLexTool.Destroy
 0001:0002D240       TLexTool.DiscardPushedState
 0001:0002C9E4       TLexTool.EqualChars
 0001:0002CA64       TLexTool.GetEOF
 0001:0002CAE4       TLexTool.GetEOL
 0001:0002D284       TLexTool.GotoBOF
 0001:0002CB68       TLexTool.GotoNextLine
 0001:0002CBB0       TLexTool.GotoNextValidChar
 0001:0002CEE8       TLexTool.internalReadWord
 0001:0002D394       TLexTool.internalReadWordLongDelim
 0001:0002D294       TLexTool.PeekChar
 0001:0002D6BC       TLexTool.PeekString
 0001:0002D1DC       TLexTool.PopState
 0001:0002CB50       TLexTool.Progress
 0001:0002D16C       TLexTool.PushState
 0001:0002CE44       TLexTool.ReadChar
 0001:0002D61C       TLexTool.ReadString
 0001:0002D110       TLexTool.ReadStrings
 0001:0002D02C       TLexTool.ReadWord
 0001:0002D534       TLexTool.ReadWordLongDelim
 0001:0002CC78       TLexTool.SkipAnyCharBut
 0001:0002CD20       TLexTool.SkipAnyCharsBut
 0001:0002CC2C       TLexTool.SkipChar
 0001:0002CCC4       TLexTool.SkipChars
 0001:0002CE20       TLexTool.SkipEOL
 0001:0002CDB8       TLexTool.SkipUntilChar
 0001:0002CDE4       TLexTool.SkipUntilChars
 0001:0002CD7C       TLexTool.SkipWhileChars
 0001:0000A494       TList.Add
 0001:0000A4B8       TList.Clear
 0001:0000A4D0       TList.Delete
 0001:0000A468       TList.Destroy
 0001:0000A554       TList.Error
 0001:0000A58C       TList.Exchange
 0001:0000A62C       TList.Expand
 0001:0000A644       TList.Get
 0001:0000A6A8       TList.Grow
 0001:0000A6DC       TList.IndexOf
 0001:0000A6FC       TList.Insert
 0001:0000A79C       TList.Last
 0001:0000A7A8       TList.Put
 0001:0000A810       TList.Remove
 0001:0000A830       TList.SetCapacity
 0001:0000A8A4       TList.SetCount
 0001:00004948       TlsAlloc
 0002:000024E0       TlsBuffer
 0001:00004950       TlsFree
 0001:00004958       TlsGetValue
 0002:000024CC       TlsIndex
 0002:FFBCE00C       TlsLast
 0002:000000B8       TlsProc
 0001:00004960       TlsSetValue
 0001:00030538       TMask.Create
 0001:000305A4       TMask.Destroy
 0001:000305E0       TMask.Matches
 0001:0000C5A0       TMemoryStream.Clear
 0001:0000C574       TMemoryStream.Destroy
 0001:0000C60C       TMemoryStream.Realloc
 0001:0000C5B8       TMemoryStream.SetCapacity
 0001:0000C5E0       TMemoryStream.SetSize
 0001:0000C6CC       TMemoryStream.Write
 0001:00013358       TMetafile.Assign
 0001:000132E0       TMetafile.Create
 0001:00013328       TMetafile.Destroy
 0001:000133EC       TMetafile.Draw
 0001:00013480       TMetafile.GetEmpty
 0001:00013488       TMetafile.GetHeight
 0001:000134EC       TMetafile.GetPalette
 0001:00013578       TMetafile.GetWidth
 0001:00013DEC       TMetafile.LoadFromClipboardFormat
 0001:000135DC       TMetafile.LoadFromStream
 0001:00013630       TMetafile.NewImage
 0001:00013658       TMetafile.ReadData
 0001:000136B4       TMetafile.ReadEMFStream
 0001:00013784       TMetafile.ReadWMFStream
 0001:00013EAC       TMetafile.SaveToClipboardFormat
 0001:000138AC       TMetafile.SaveToFile
 0001:00013938       TMetafile.SaveToStream
 0001:00013954       TMetafile.SetHeight
 0001:000139C8       TMetafile.SetMMHeight
 0001:00013A04       TMetafile.SetMMWidth
 0001:00013A40       TMetafile.SetTransparent
 0001:00013A44       TMetafile.SetWidth
 0001:00013AB8       TMetafile.TestEMF
 0001:00013B18       TMetafile.UniqueImage
 0001:00013B9C       TMetafile.WriteData
 0001:00013C20       TMetafile.WriteEMFStream
 0001:00013CA4       TMetafile.WriteWMFStream
 0001:000132A0       TMetafileImage.Destroy
 0001:000132DC       TMetafileImage.FreeHandle
 0001:00008054       TMultiReadExclusiveWriteSynchronizer.BeginWrite
 0001:00007F70       TMultiReadExclusiveWriteSynchronizer.Create
 0001:00007FD8       TMultiReadExclusiveWriteSynchronizer.Destroy
 0001:00008018       TMultiReadExclusiveWriteSynchronizer.WriterIsOnlyReader
 0001:00001CF4       TObject.AfterConstruction
 0001:00001CF8       TObject.BeforeDestruction
 0001:00001CE4       TObject.ClassInfo
 0001:00001A10       TObject.ClassName
 0001:00001A24       TObject.ClassNameIs
 0001:00001A4C       TObject.ClassParent
 0001:00001A0C       TObject.ClassType
 0001:00001A94       TObject.Create
 0001:00001CF0       TObject.DefaultHandler
 0001:00001AB4       TObject.Destroy
 0001:00001CFC       TObject.Dispatch
 0001:00001D24       TObject.FieldAddress
 0001:00001AC4       TObject.Free
 0001:00001A6C       TObject.FreeInstance
 0001:00001B58       TObject.GetInterface
 0001:00001BF8       TObject.GetInterfaceEntry
 0001:00001CD0       TObject.InheritsFrom
 0001:00001AD0       TObject.InitInstance
 0001:00001A58       TObject.NewInstance
 0001:00001CE8       TObject.SafeCallException
 0001:0002DA14       TokenPos
 0001:00016B88       TPatternManager.Create
 0001:00016BC0       TPatternManager.Destroy
 0001:00016C04       TPatternManager.FreePatterns
 0001:00016BEC       TPatternManager.Lock
 0001:00016BF8       TPatternManager.Unlock
 0001:000109BC       TPen.Assign
 0001:00010950       TPen.Create
 0001:00010994       TPen.Destroy
 0001:00010ADC       TPen.GetColor
 0001:00010A74       TPen.GetData
 0001:00010B0C       TPen.GetHandle
 0001:00010BB8       TPen.GetStyle
 0001:00010BE8       TPen.GetWidth
 0001:00010AE4       TPen.SetColor
 0001:00010A8C       TPen.SetData
 0001:00010BA4       TPen.SetMode
 0001:00010BC0       TPen.SetStyle
 0001:00010BF0       TPen.SetWidth
 0001:0000AAFC       TPersistent.Assign
 0001:0000AB10       TPersistent.AssignError
 0001:0000AC00       TPersistent.AssignTo
 0001:0000AC08       TPersistent.DefineProperties
 0001:0000AAD0       TPersistent.Destroy
 0001:0000AC0C       TPersistent.GetNamePath
 0001:0000ACBC       TPersistent.GetOwner
 0001:00012F68       TPicture.Assign
 0001:00012E84       TPicture.AssignTo
 0001:00013018       TPicture.Changed
 0001:00013254       TPicture.DefineProperties
 0001:00012E54       TPicture.Destroy
 0001:0001303C       TPicture.Progress
 0001:00013064       TPicture.ReadData
 0001:00012FC4       TPicture.RegisterFileFormat
 0001:00012EB8       TPicture.SetGraphic
 0001:00012FE8       TPicture.UnregisterGraphicClass
 0001:0001317C       TPicture.WriteData
 0001:0000C790       TPropFixup.Create
 0001:00006B64       TranslateDateFormat
 0001:00011864       TransparentStretchBlt
 0001:0000C9D8       TReader.CheckValue
 0001:0000CA10       TReader.DoFixupReferences
 0001:0000C9FC       TReader.EndOfList
 0001:0000CB10       TReader.FreeFixups
 0001:0000CB4C       TReader.NextValue
 0001:0000CB5C       TReader.PropertyError
 0001:0000CB68       TReader.Read
 0001:0000CBB4       TReader.ReadBuffer
 0001:0000CC2C       TReader.ReadChar
 0001:0000CCB0       TReader.ReadCollection
 0001:0000CF74       TReader.ReadComponent
 0001:0000D2B4       TReader.ReadCurrency
 0001:0000D0F4       TReader.ReadData
 0001:0000D164       TReader.ReadDataInner
 0001:0000D300       TReader.ReadDate
 0001:0000D234       TReader.ReadFloat
 0001:0000D340       TReader.ReadIdent
 0001:0000D440       TReader.ReadInteger
 0001:0000D4AC       TReader.ReadListBegin
 0001:0000D4B4       TReader.ReadListEnd
 0001:0000D630       TReader.ReadProperty
 0001:0000DBA8       TReader.ReadPropValue
 0001:0000DE10       TReader.ReadSet
 0001:0000D274       TReader.ReadSingle
 0001:0000DECC       TReader.ReadStr
 0001:0000DF08       TReader.ReadString
 0001:0000DFB0       TReader.ReadValue
 0001:0000DF68       TReader.ReadWideString
 0001:0000E258       TReader.SkipComponent
 0001:0000E210       TReader.SkipProperty
 0001:0000DFC4       TReader.SkipSetBody
 0001:0000E110       TReader.SkipValue
 0001:0000FC4C       TResourceManager.AllocResource
 0001:0000FE58       TResourceManager.AssignResource
 0001:0000FDE0       TResourceManager.ChangeResource
 0001:0000FBD4       TResourceManager.Create
 0001:0000FC10       TResourceManager.Destroy
 0001:0000FD30       TResourceManager.FreeResource
 0001:0000FC34       TResourceManager.Lock
 0001:0000FC40       TResourceManager.Unlock
 0001:00005DD4       Trim
 0001:00000ED0       TryHarder
 0001:0002EC30       TScriptedHtmlLexer.Create
 0001:0002EC9C       TScriptedHtmlLexer.Destroy
 0001:0002FA9C       TScriptedHtmlLexer.Execute
 0001:0002FB6C       TScriptedHtmlLexer.InlineScript
 0001:0002FBD8       TScriptedHtmlLexer.Macro
 0001:0002FB8C       TScriptedHtmlLexer.NonScriptText
 0001:0002FBF8       TScriptedHtmlLexer.PreProcessorInclude
 0001:0002FBAC       TScriptedHtmlLexer.ScriptTag
 0001:00014298       TSharedImage.Reference
 0001:0001429C       TSharedImage.Release
 0001:0000C254       TStream.GetPosition
 0001:0000C270       TStream.GetSize
 0001:0000C2A8       TStream.ReadBuffer
 0001:0000C264       TStream.SetPosition
 0001:0000C2A4       TStream.SetSize
 0001:0000C324       TStream.WriteBuffer
 0001:0000BB1C       TStringList.Add
 0001:0000BBB4       TStringList.Changed
 0001:0000BBD0       TStringList.Changing
 0001:0000BBEC       TStringList.Clear
 0001:0000BC24       TStringList.Delete
 0001:0000BAC0       TStringList.Destroy
 0001:0000BCC4       TStringList.Exchange
 0001:0000BD60       TStringList.ExchangeItems
 0001:0000BD84       TStringList.Find
 0001:0000BDEC       TStringList.Get
 0001:0000BE5C       TStringList.GetCapacity
 0001:0000BE60       TStringList.GetCount
 0001:0000BE64       TStringList.GetObject
 0001:0000BECC       TStringList.Grow
 0001:0000BF00       TStringList.IndexOf
 0001:0000BF38       TStringList.Insert
 0001:0000BFC4       TStringList.InsertItem
 0001:0000C02C       TStringList.Put
 0001:0000C0C8       TStringList.PutObject
 0001:0000C140       TStringList.QuickSort
 0001:0000C1FC       TStringList.SetCapacity
 0001:0000C218       TStringList.SetUpdateState
 0001:0000C228       TStringList.Sort
 0001:0000AD64       TStrings.Add
 0001:0000AD88       TStrings.AddObject
 0001:0000ADAC       TStrings.AddStrings
 0001:0000AE64       TStrings.Assign
 0001:0000AED4       TStrings.BeginUpdate
 0001:0000AF44       TStrings.DefineProperties
 0001:0000AD34       TStrings.Destroy
 0001:0000AF90       TStrings.EndUpdate
 0001:0000AFA4       TStrings.Equals
 0001:0000B050       TStrings.Error
 0001:0000B088       TStrings.Exchange
 0001:0000B170       TStrings.GetCapacity
 0001:0000B178       TStrings.GetName
 0001:0000B1C4       TStrings.GetObject
 0001:0000B1C8       TStrings.GetText
 0001:0000B21C       TStrings.GetTextStr
 0001:0000B304       TStrings.GetValue
 0001:0000B390       TStrings.IndexOf
 0001:0000B410       TStrings.IndexOfName
 0001:0000B4D4       TStrings.InsertObject
 0001:0000B504       TStrings.LoadFromFile
 0001:0000B558       TStrings.LoadFromStream
 0001:0000B604       TStrings.Move
 0001:0000B6B4       TStrings.Put
 0001:0000B6E4       TStrings.PutObject
 0001:0000B6E8       TStrings.ReadData
 0001:0000B798       TStrings.SaveToFile
 0001:0000B7F0       TStrings.SaveToStream
 0001:0000B84C       TStrings.SetCapacity
 0001:0000B850       TStrings.SetStringsAdapter
 0001:0000B884       TStrings.SetText
 0001:0000B8D4       TStrings.SetTextStr
 0001:0000B994       TStrings.SetUpdateState
 0001:0000B998       TStrings.SetValue
 0001:0000BA3C       TStrings.WriteData
 0001:0000AA00       TThreadList.Add
 0001:0000A934       TThreadList.Create
 0001:0000A984       TThreadList.Destroy
 0001:0000AA60       TThreadList.LockList
 0001:0000AA74       TThreadList.Remove
 0001:0000AAC4       TThreadList.UnlockList
 0001:0002D9B4       TToken.Assign
 0001:0002D9F4       TToken.BeginUpdate
 0001:0002D930       TToken.Create
 0001:0002D984       TToken.Destroy
 0001:0002D9F8       TToken.EndUpdate
 0001:0002DA04       TToken.GetContents
 0001:0002DA08       TToken.HandleContentsChange
 0001:00011EA8       TwoBitsFromDIB
 0001:0000E2F8       TWriter.Write
 0001:0000E344       TWriter.WriteBuffer
 0001:0000E35C       TWriter.WriteInteger
 0001:0000E3D0       TWriter.WriteListBegin
 0001:0000E3D8       TWriter.WriteListEnd
 0001:0000E3E0       TWriter.WriteString
 0001:0000E43C       TWriter.WriteValue
 0001:00009474       TypInfo
 0002:000023EC       Unassigned
 0001:000009B4       UninitAllocator
 0001:00002AEC       UniqueString
 0001:00004DDC       UnrealizeObject
 0001:00003CC8       UnregisterModule
 0001:0000A260       UnRegisterModuleClasses
 0001:00002320       UnsetExceptionHandler
 0001:000016DC       UpCase
 0001:0001435C       UpdateDIBColorTable
 0001:00005C84       UpperCase
 0001:0002FDFC       UScriptedHtmlLexer
 0002:000002C4       ValTtoVarT
 0001:00003338       VarCastError
 0001:000034A8       VarChangeType
 0001:000001F8       VariantChangeTypeEx
 0001:000001E8       VariantClear
 0001:000001F0       VariantCopyInd
 0001:00003340       VarInvalidOp
 0001:0000354C       VarOleStrToString
 0001:0000357C       VarStringToOleStr
 0001:00000234       VirtualAlloc
 0001:0000023C       VirtualFree
 0001:00004C3C       VirtualQuery
 0001:000001C0       VirtualQuery
 0001:00004C44       WaitForSingleObject
 0001:0002FE3C       WebConst
 0002:00000F2C       WhiteSpaceChars
 0001:00003204       WideCharLenToStrVar
 0001:000001B8       WideCharToMultiByte
 0002:000000D8       Win32BuildNumber
 0001:00007EE4       Win32Check
 0002:000000DC       Win32CSDVersion
 0002:000000D0       Win32MajorVersion
 0002:000000D4       Win32MinorVersion
 0002:000000CC       Win32Platform
 0001:00004EE0       Windows
 0001:00012528       WinError
 0001:00000128       WriteFile
 0001:00004C4C       WriteFile
 0001:0002ABF0       WriteGif
 0001:00012538       WriteIcon
 0001:0002FF70       WriteScan
 0001:00002C54       WStrError
 0001:00002C5C       WStrSet
 0001:0002B9AC       XStrings
 0001:00017058       _fflush
 0001:00017020       _fread
 0001:00016FE4       _free
 0001:0001703C       _fwrite
 0002:00000924       _jpeg_natural_order
 0001:00016FD4       _malloc
 0001:0001700C       _memcpy
 0001:00016FF4       _memset
 0001:00017060       __ftol


  Address         Publics by Value

 0002:FFBCE00C       TlsLast
 0001:000000D8       CloseHandle
 0001:000000E0       CreateFileA
 0001:000000E8       GetFileType
 0001:000000F0       GetFileSize
 0001:000000F8       GetStdHandle
 0001:00000100       RaiseException
 0001:00000108       ReadFile
 0001:00000110       RtlUnwind
 0001:00000118       SetEndOfFile
 0001:00000120       SetFilePointer
 0001:00000128       WriteFile
 0001:00000130       ExitProcess
 0001:00000138       MessageBox
 0001:00000140       FreeLibrary
 0001:00000148       GetCommandLine
 0001:00000150       GetLastError
 0001:00000158       GetLocaleInfo
 0001:00000160       GetModuleFileName
 0001:00000168       GetStartupInfo
 0001:00000170       GetThreadLocale
 0001:00000178       LoadLibraryEx
 0001:00000180       LoadString
 0001:00000188       lstrcpy
 0001:00000190       lstrlen
 0001:00000198       MultiByteToWideChar
 0001:000001A0       RegCloseKey
 0001:000001A8       RegOpenKeyEx
 0001:000001B0       RegQueryValueEx
 0001:000001B8       WideCharToMultiByte
 0001:000001C0       VirtualQuery
 0001:000001C8       SysAllocStringLen
 0001:000001D0       SysReAllocStringLen
 0001:000001D8       SysFreeString
 0001:000001E0       SysStringLen
 0001:000001E8       VariantClear
 0001:000001F0       VariantCopyInd
 0001:000001F8       VariantChangeTypeEx
 0001:00000200       GetCmdShow
 0001:00000224       LocalAlloc
 0001:0000022C       LocalFree
 0001:00000234       VirtualAlloc
 0001:0000023C       VirtualFree
 0001:00000244       InitializeCriticalSection
 0001:0000024C       EnterCriticalSection
 0001:00000254       LeaveCriticalSection
 0001:0000025C       DeleteCriticalSection
 0001:00000264       GetBlockDesc
 0001:000002B4       MakeEmpty
 0001:000002BC       AddBlockAfter
 0001:000002EC       DeleteBlock
 0001:00000304       MergeBlockAfter
 0001:00000378       RemoveBlock
 0001:00000408       GetSpace
 0001:0000046C       GetSpaceAt
 0001:000004E4       FreeSpace
 0001:0000059C       Commit
 0001:00000630       Decommit
 0001:000006B0       GetCommitted
 0001:00000740       GetCommittedAt
 0001:00000864       FreeCommitted
 0001:000008F0       InitAllocator
 0001:000009B4       UninitAllocator
 0001:00000A94       DeleteFree
 0001:00000AF8       FindCommitted
 0001:00000B28       FillBeforeGap
 0001:00000B58       InternalFreeMem
 0001:00000B7C       FillAfterGap
 0001:00000BA4       FillerSizeBeforeGap
 0001:00000C14       FillerSizeAfterGap
 0001:00000C4C       DecommitFree
 0001:00000CE4       InsertFree
 0001:00000D6C       FreeCurAlloc
 0001:00000DB8       MergeCommit
 0001:00000E44       NewCommit
 0001:00000E70       NewCommitAt
 0001:00000EA4       SearchSmallBlocks
 0001:00000ED0       TryHarder
 0001:00000FC4       SysGetMem
 0001:0000114C       SysFreeMem
 0001:000012F0       ResizeInPlace
 0001:000014C0       SysReallocMem
 0001:00001584       @GetMem
 0001:0000159C       @FreeMem
 0001:000015B4       @ReallocMem
 0001:00001604       RaiseList
 0001:00001610       Error
 0001:00001654       @_IOTest
 0001:00001674       SetInOutRes
 0001:00001684       IOResult
 0001:0000169C       Move
 0001:000016DC       UpCase
 0001:000016EC       @TRUNC
 0001:00001708       @AbstractError
 0001:00001724       @PStrNCpy
 0001:00001754       @AStrCmp
 0001:000017C4       @FillChar
 0001:000017E4       @ValLong
 0001:000018B0       @SetElem
 0001:000018D4       @SetEq
 0001:000018E8       @SetUnion
 0001:000018F4       @SetSub
 0001:00001904       GetKeyboardType
 0001:0000190C       @isNECWindows
 0001:0000193C       @FpuMaskInit
 0001:00001A00       @FpuInit
 0001:00001A0C       TObject.ClassType
 0001:00001A10       TObject.ClassName
 0001:00001A24       TObject.ClassNameIs
 0001:00001A4C       TObject.ClassParent
 0001:00001A58       TObject.NewInstance
 0001:00001A6C       TObject.FreeInstance
 0001:00001A94       TObject.Create
 0001:00001AB4       TObject.Destroy
 0001:00001AC4       TObject.Free
 0001:00001AD0       TObject.InitInstance
 0001:00001B28       InvokeImplGetter
 0001:00001B58       TObject.GetInterface
 0001:00001BF8       TObject.GetInterfaceEntry
 0001:00001C3C       @IsClass
 0001:00001C54       @AsClass
 0001:00001C70       GetDynaMethod
 0001:00001CA0       @CallDynaInst
 0001:00001CB8       @FindDynaInst
 0001:00001CD0       TObject.InheritsFrom
 0001:00001CE4       TObject.ClassInfo
 0001:00001CE8       TObject.SafeCallException
 0001:00001CF0       TObject.DefaultHandler
 0001:00001CF4       TObject.AfterConstruction
 0001:00001CF8       TObject.BeforeDestruction
 0001:00001CFC       TObject.Dispatch
 0001:00001D24       TObject.FieldAddress
 0001:00001D74       @ClassCreate
 0001:00001DC4       @ClassDestroy
 0001:00001DCC       @AfterConstruction
 0001:00001DD4       @BeforeDestruction
 0001:00001DE4       NotifyReRaise
 0001:00001E00       NotifyNonDelphiException
 0001:00001E20       NotifyExcept
 0001:00001E34       NotifyOnExcept
 0001:00001E48       NotifyAnyExcept
 0001:00001E5C       CheckJmp
 0001:00001E7C       NotifyExceptFinally
 0001:00001EA4       NotifyTerminate
 0001:00001EC0       NotifyUnhandled
 0001:00001EE0       @HandleAnyException
 0001:00001FB0       @HandleOnException
 0001:000020E8       @HandleFinally
 0001:00002120       @RaiseExcept
 0001:0000213C       @RaiseAgain
 0001:00002190       @DoneExcept
 0001:000021C0       @TryFinallyExit
 0001:000021D8       RunErrorAt
 0001:000021E4       MapToRunError
 0001:00002284       @ExceptionHandler
 0001:00002300       SetExceptionHandler
 0001:00002320       UnsetExceptionHandler
 0001:00002348       FInitUnits
 0001:000023A8       InitUnits
 0001:00002408       @StartLib
 0001:000024A4       @InitResStringImports
 0001:000024C0       @InitImports
 0001:000024E0       MakeErrorMessage
 0001:00002530       ExitDll
 0001:00002564       @Halt0
 0001:0000267C       @Halt
 0001:00002688       @RunError
 0001:00002694       @Assert
 0001:000026B0       @LStrClr
 0001:000026D4       @LStrArrayClr
 0001:00002704       @LStrAsg
 0001:00002748       @LStrLAsg
 0001:00002770       @NewAnsiString
 0001:00002794       @LStrFromPCharLen
 0001:000027C4       @LStrFromPWCharLen
 0001:00002854       @LStrFromChar
 0001:00002864       @LStrFromPChar
 0001:00002894       @LStrFromPWChar
 0001:000028D0       @LStrFromString
 0001:000028DC       @LStrFromArray
 0001:000028F4       @LStrFromWStr
 0001:00002908       @LStrToString
 0001:0000292C       @LStrLen
 0001:00002934       @LStrCat
 0001:00002978       @LStrCat3
 0001:000029EC       @LStrCatN
 0001:00002A3C       @LStrCmp
 0001:00002AE0       @LStrToPChar
 0001:00002AEC       UniqueString
 0001:00002B20       @LStrCopy
 0001:00002B60       @LStrDelete
 0001:00002BA8       @LStrPos
 0001:00002BF0       @LStrSetLength
 0001:00002C54       WStrError
 0001:00002C5C       WStrSet
 0001:00002C6C       @WStrClr
 0001:00002C84       @WStrArrayClr
 0001:00002CA8       @WStrAsg
 0001:00002CCC       @WStrFromPCharLen
 0001:00002D50       @WStrFromPWCharLen
 0001:00002D74       @WStrFromLStr
 0001:00002D84       @WStrLen
 0001:00002D90       @NewWideString
 0001:00002DA8       @WStrSetLength
 0001:00002DEC       @InitializeRecord
 0001:00002E18       @InitializeArray
 0001:00002EAC       @Initialize
 0001:00002EB8       @FinalizeRecord
 0001:00002EE4       @FinalizeArray
 0001:00002FC4       @Finalize
 0001:00002FD0       @CopyRecord
 0001:000030EC       @CopyArray
 0001:000031E0       @New
 0001:000031F4       @Dispose
 0001:00003204       WideCharLenToStrVar
 0001:00003290       OleStrToStrVar
 0001:000032B4       StringToOleStr
 0001:00003338       VarCastError
 0001:00003340       VarInvalidOp
 0001:00003348       @VarClear
 0001:0000338C       @VarCopy
 0001:00003424       AnyChangeType
 0001:00003490       ChangeSourceAny
 0001:000034A8       VarChangeType
 0001:0000354C       VarOleStrToString
 0001:0000357C       VarStringToOleStr
 0001:0000359C       @VarCast
 0001:00003690       @VarToLStr
 0001:000036CC       @VarFromLStr
 0001:0000370C       @VarFromWStr
 0001:00003740       @VarClr
 0001:00003748       @VarAddRef
 0001:0000376C       @DynArrayLength
 0001:00003774       @DynArrayHigh
 0001:0000377C       CopyArray
 0001:0000378C       FinalizeArray
 0001:00003794       DynArrayClear
 0001:0000379C       DynArraySetLength
 0001:00003928       @DynArraySetLength
 0001:00003934       @DynArrayClear
 0001:00003970       @DynArrayAsg
 0001:00003998       FindHInstance
 0001:000039C0       FindResourceHInstance
 0001:000039E4       LoadResourceModule
 0001:00003BDC       AddModuleUnloadProc
 0001:00003BFC       RemoveModuleUnloadProc
 0001:00003C5C       NotifyModuleUnload
 0001:00003CB8       RegisterModule
 0001:00003CC8       UnregisterModule
 0001:00003D38       LoadResString
 0001:00003D90       @IntfClear
 0001:00003DA8       @IntfCopy
 0001:00003DC4       GetCurrentThreadId
 0001:00003DCC       .
 0001:00003FCE       @Assign
 0001:00004024       @_Flush
 0001:00004049       @Flush
 0001:00004070       @Close
 0001:000040AC       .
 0001:000040E7       @ResetText
 0001:000040EE       @RewritText
 0001:000040F5       @Append
 0001:000040FC       @WriteBytes
 0001:00004167       @WriteSpaces
 0001:000041A0       @Write0String
 0001:000041AA       @WriteString
 0001:000041C7       @WriteLn
 0001:000041DB       @Write0Char
 0001:0000422D       @WriteChar
 0001:00004244       @Write0CString
 0001:00004248       @WriteCString
 0001:00004274       FPower10
 0001:00004274       @Pow10
 0001:00004548       @_llmul
 0001:0000456B       @_llmulo
 0001:0000458E       @_lldiv
 0001:00004606       @_lldivo
 0001:00004638       @_lludiv
 0001:00004681       @_llmod
 0001:000046FB       @_llmodo
 0001:0000472D       @_llumod
 0001:0000477B       @_llshl
 0001:000047B3       @_llushr
 0001:000047D0       Finalization
 0001:00004838       System
 0001:00004930       GetModuleFileName
 0001:00004938       LocalAlloc
 0001:00004940       LocalFree
 0001:00004948       TlsAlloc
 0001:00004950       TlsFree
 0001:00004958       TlsGetValue
 0001:00004960       TlsSetValue
 0001:00004968       InitThreadTLS
 0001:000049B8       InitProcessTLS
 0001:000049E0       ExitThreadTLS
 0001:00004A08       ExitProcessTLS
 0001:00004A2C       @GetTls
 0001:00004A70       InitializeModule
 0001:00004ABC       @InitLib
 0001:00004B04       Finalization
 0001:00004B34       SysInit
 0001:00004B3C       CloseHandle
 0001:00004B44       CompareString
 0001:00004B4C       CreateEvent
 0001:00004B54       CreateFile
 0001:00004B5C       DeleteCriticalSection
 0001:00004B64       EnterCriticalSection
 0001:00004B6C       EnumCalendarInfoA
 0001:00004B74       FormatMessage
 0001:00004B7C       GetCPInfo
 0001:00004B84       GetCurrentThreadId
 0001:00004B8C       GetDiskFreeSpaceA
 0001:00004B94       GetLastError
 0001:00004B9C       GetLocaleInfo
 0001:00004BA4       GetModuleFileName
 0001:00004BAC       GetModuleHandle
 0001:00004BB4       GetProcAddress
 0001:00004BBC       GetSystemInfo
 0001:00004BC4       GetThreadLocale
 0001:00004BCC       GetTickCount
 0001:00004BD4       GetVersionEx
 0001:00004BDC       GlobalAlloc
 0001:00004BE4       GlobalFree
 0001:00004BEC       GlobalLock
 0001:00004BF4       GlobalHandle
 0001:00004BFC       GlobalReAlloc
 0001:00004C04       GlobalUnlock
 0001:00004C0C       InitializeCriticalSection
 0001:00004C14       LeaveCriticalSection
 0001:00004C1C       MulDiv
 0001:00004C24       ReadFile
 0001:00004C2C       SetEndOfFile
 0001:00004C34       SetFilePointer
 0001:00004C3C       VirtualQuery
 0001:00004C44       WaitForSingleObject
 0001:00004C4C       WriteFile
 0001:00004C54       BitBlt
 0001:00004C5C       CopyEnhMetaFile
 0001:00004C64       CreateBitmap
 0001:00004C6C       CreateBrushIndirect
 0001:00004C74       CreateCompatibleBitmap
 0001:00004C7C       CreateCompatibleDC
 0001:00004C84       CreateDIBSection
 0001:00004C8C       CreateDIBitmap
 0001:00004C94       CreateFontIndirect
 0001:00004C9C       CreateHalftonePalette
 0001:00004CA4       CreatePalette
 0001:00004CAC       CreatePenIndirect
 0001:00004CB4       DeleteDC
 0001:00004CBC       DeleteEnhMetaFile
 0001:00004CC4       DeleteObject
 0001:00004CCC       GdiFlush
 0001:00004CD4       GetBitmapBits
 0001:00004CDC       GetBrushOrgEx
 0001:00004CE4       GetCurrentPositionEx
 0001:00004CEC       GetDIBColorTable
 0001:00004CF4       GetDIBits
 0001:00004CFC       GetDeviceCaps
 0001:00004D04       GetEnhMetaFileBits
 0001:00004D0C       GetEnhMetaFileHeader
 0001:00004D14       GetEnhMetaFilePaletteEntries
 0001:00004D1C       GetObject
 0001:00004D24       GetPaletteEntries
 0001:00004D2C       GetPixel
 0001:00004D34       GetStockObject
 0001:00004D3C       GetSystemPaletteEntries
 0001:00004D44       GetTextMetrics
 0001:00004D4C       GetWinMetaFileBits
 0001:00004D54       MaskBlt
 0001:00004D5C       MoveToEx
 0001:00004D64       PatBlt
 0001:00004D6C       PlayEnhMetaFile
 0001:00004D74       RealizePalette
 0001:00004D7C       SelectObject
 0001:00004D84       SelectPalette
 0001:00004D8C       SetBkColor
 0001:00004D94       SetBkMode
 0001:00004D9C       SetBrushOrgEx
 0001:00004DA4       SetDIBColorTable
 0001:00004DAC       SetEnhMetaFileBits
 0001:00004DB4       SetROP2
 0001:00004DBC       SetStretchBltMode
 0001:00004DC4       SetTextColor
 0001:00004DCC       SetWinMetaFileBits
 0001:00004DD4       StretchBlt
 0001:00004DDC       UnrealizeObject
 0001:00004DE4       CharLowerBuff
 0001:00004DEC       CharUpperBuff
 0001:00004DF4       CreateIcon
 0001:00004DFC       DestroyIcon
[...]
   531 0001:0002C007   532 0001:0002C010   533 0001:0002C017   536 0001:0002C01C
   537 0001:0002C025   538 0001:0002C02C   539 0001:0002C038   540 0001:0002C03F
   543 0001:0002C044   544 0001:0002C04A   545 0001:0002C054   549 0001:0002C058
   550 0001:0002C05E   553 0001:0002C060   554 0001:0002C063   555 0001:0002C069
   556 0001:0002C072   557 0001:0002C075   561 0001:0002C078   562 0001:0002C07B
   563 0001:0002C081   564 0001:0002C088   569 0001:0002C08C   570 0001:0002C08F
   571 0001:0002C096   572 0001:0002C09B   573 0001:0002C0A4   578 0001:0002C0A8
   579 0001:0002C0AB   580 0001:0002C0B2   581 0001:0002C0B7   582 0001:0002C0C0
   596 0001:0002C0C4   598 0001:0002C0D2   599 0001:0002C0E4   600 0001:0002C0FA
   601 0001:0002C102   602 0001:0002C110   603 0001:0002C122   602 0001:0002C137
   605 0001:0002C147   607 0001:0002C157   615 0001:0002C180   616 0001:0002C18F
   617 0001:0002C197   618 0001:0002C1A5   619 0001:0002C1C0   620 0001:0002C1CE
   623 0001:0002C201   625 0001:0002C21C   626 0001:0002C22C   627 0001:0002C235
   628 0001:0002C23F   618 0001:0002C242   630 0001:0002C256   632 0001:0002C266
   635 0001:0002C294   636 0001:0002C29B   637 0001:0002C2AA   638 0001:0002C2B4
   643 0001:0002C2B8   644 0001:0002C2C2   645 0001:0002C2C9   646 0001:0002C2D5
   647 0001:0002C2E1   648 0001:0002C2EA   649 0001:0002C2F1   653 0001:0002C2F8
   654 0001:0002C2FC   656 0001:0002C302   657 0001:0002C307   662 0001:0002C308
   663 0001:0002C315   666 0001:0002C32B   667 0001:0002C33A   668 0001:0002C350
   669 0001:0002C357   670 0001:0002C365   671 0001:0002C36C   672 0001:0002C382
   671 0001:0002C399   674 0001:0002C3A9   677 0001:0002C3B9   678 0001:0002C3C3
   682 0001:0002C3EC   683 0001:0002C3F5   684 0001:0002C3FC   685 0001:0002C40D
   686 0001:0002C416   687 0001:0002C41D   692 0001:0002C424   693 0001:0002C432
   694 0001:0002C437   695 0001:0002C448   697 0001:0002C455   698 0001:0002C45A
   699 0001:0002C45C   694 0001:0002C45D   700 0001:0002C460   701 0001:0002C469
   844 0001:0002C470   845 0001:0002C482   846 0001:0002C48B   847 0001:0002C4B1
   850 0001:0002C4B4   851 0001:0002C4BF   852 0001:0002C4C7   853 0001:0002C4DE
   856 0001:0002C4E4   857 0001:0002C4E8   858 0001:0002C4F1   859 0001:0002C507
   860 0001:0002C515   863 0001:0002C530   864 0001:0002C536   865 0001:0002C53D
   866 0001:0002C547   867 0001:0002C550   868 0001:0002C557   873 0001:0002C55C
   874 0001:0002C560   875 0001:0002C569   876 0001:0002C57F   877 0001:0002C586
   878 0001:0002C596   879 0001:0002C5A2   880 0001:0002C5AB   881 0001:0002C5B2
   886 0001:0002C5D0   887 0001:0002C5D4   888 0001:0002C5DB   889 0001:0002C5EA
   888 0001:0002C5FE   890 0001:0002C603   891 0001:0002C60F   892 0001:0002C616
   897 0001:0002C61C   898 0001:0002C628   901 0001:0002C63E   902 0001:0002C64D
   903 0001:0002C663   904 0001:0002C66A   905 0001:0002C678   906 0001:0002C67F
   907 0001:0002C68D   906 0001:0002C6A2   909 0001:0002C6B2   911 0001:0002C6C2
   913 0001:0002C6D8   914 0001:0002C6E7   915 0001:0002C6FD   916 0001:0002C704
   917 0001:0002C712   918 0001:0002C719   919 0001:0002C727   918 0001:0002C73C
   921 0001:0002C74C   924 0001:0002C75C   925 0001:0002C766   929 0001:0002C7AC
   930 0001:0002C7B2  1991 0001:0002C7E4  1991 0001:0002C7EB

Line numbers for LexTool(LexTool.pas) segment .text

   126 0001:0002C8F4   127 0001:0002C90A   128 0001:0002C94A   131 0001:0002C964
   132 0001:0002C976   133 0001:0002C97F   134 0001:0002C990   135 0001:0002C9AE
   138 0001:0002C9B4   139 0001:0002C9BF   140 0001:0002C9C7   141 0001:0002C9DE
   144 0001:0002C9E4   145 0001:0002CA01   146 0001:0002CA07   148 0001:0002CA11
   149 0001:0002CA5E   160 0001:0002CA64   161 0001:0002CA79   162 0001:0002CA7F
   172 0001:0002CADE   175 0001:0002CAE4   176 0001:0002CAFB   177 0001:0002CAFE
   178 0001:0002CB4A   181 0001:0002CB50   182 0001:0002CB51   183 0001:0002CB58
   184 0001:0002CB64   187 0001:0002CB68   188 0001:0002CB6C   189 0001:0002CB6F
   190 0001:0002CB71   192 0001:0002CB78   193 0001:0002CB7F   196 0001:0002CB82
   197 0001:0002CBA9   200 0001:0002CBB0   201 0001:0002CBCE   203 0001:0002CBD9
   202 0001:0002CBE0   205 0001:0002CC22   224 0001:0002CC2C   225 0001:0002CC35
   226 0001:0002CC42   227 0001:0002CC4D   228 0001:0002CC51   229 0001:0002CC5E
   230 0001:0002CC62   231 0001:0002CC6F   237 0001:0002CC78   238 0001:0002CC81
   239 0001:0002CC8E   240 0001:0002CC99   241 0001:0002CC9D   242 0001:0002CCAC
   243 0001:0002CCB0   244 0001:0002CCBD   269 0001:0002CCC4   270 0001:0002CCD9
   271 0001:0002CCE6   272 0001:0002CCF1   273 0001:0002CCF5   274 0001:0002CD06
   275 0001:0002CD0A   276 0001:0002CD17   282 0001:0002CD20   283 0001:0002CD35
   284 0001:0002CD42   285 0001:0002CD4D   286 0001:0002CD51   287 0001:0002CD64
   288 0001:0002CD68   289 0001:0002CD75   300 0001:0002CD7C   302 0001:0002CD94
   304 0001:0002CDA3   305 0001:0002CDB0   308 0001:0002CDB8   310 0001:0002CDC2
   312 0001:0002CDD3   313 0001:0002CDE0   316 0001:0002CDE4   318 0001:0002CDFC
   320 0001:0002CE0B   321 0001:0002CE18   334 0001:0002CE20   335 0001:0002CE24
   336 0001:0002CE2F   337 0001:0002CE31   339 0001:0002CE3A   341 0001:0002CE3E
   390 0001:0002CE44   391 0001:0002CE65   392 0001:0002CE71   393 0001:0002CE78
   394 0001:0002CE83   396 0001:0002CE89   397 0001:0002CE8C   398 0001:0002CEA8
   400 0001:0002CEAB   402 0001:0002CEAF   403 0001:0002CEB5   404 0001:0002CEE1
   410 0001:0002CEE8   411 0001:0002CF0F   412 0001:0002CF1A   413 0001:0002CF1C
   416 0001:0002CF21   417 0001:0002CF29   418 0001:0002CF37   419 0001:0002CF3F
   421 0001:0002CF49   422 0001:0002CF54   423 0001:0002CF5F   424 0001:0002CF67
   426 0001:0002CF70   427 0001:0002CF73   428 0001:0002CF8A   430 0001:0002CF9A
   431 0001:0002CFAF   420 0001:0002CFB2   435 0001:0002CFD2   437 0001:0002CFEA
   440 0001:0002CFFA   441 0001:0002D020   447 0001:0002D02C   448 0001:0002D04E
   449 0001:0002D05D   450 0001:0002D06B   451 0001:0002D07C   452 0001:0002D082
   453 0001:0002D08E   455 0001:0002D097   457 0001:0002D0AE   458 0001:0002D0B4
   460 0001:0002D0D5   462 0001:0002D105   467 0001:0002D110   468 0001:0002D117
   479 0001:0002D16C   480 0001:0002D175   481 0001:0002D184   482 0001:0002D192
   483 0001:0002D1A1   484 0001:0002D1AA   486 0001:0002D1C4   487 0001:0002D1CC
   489 0001:0002D1D6   492 0001:0002D1DC   493 0001:0002D1DF   494 0001:0002D1EB
   495 0001:0002D1F5   496 0001:0002D208   497 0001:0002D214   499 0001:0002D21A
   500 0001:0002D222   503 0001:0002D240   504 0001:0002D243   505 0001:0002D24F
   506 0001:0002D259   507 0001:0002D261   519 0001:0002D284   520 0001:0002D287
   521 0001:0002D28B   523 0001:0002D292   528 0001:0002D294   529 0001:0002D29D
   530 0001:0002D2AC   531 0001:0002D2BA   533 0001:0002D2D2   535 0001:0002D2EC
   581 0001:0002D2F0   582 0001:0002D30C   583 0001:0002D30E   584 0001:0002D322
   585 0001:0002D32E   586 0001:0002D354   595 0001:0002D364   596 0001:0002D366
   583 0001:0002D369   597 0001:0002D38D   602 0001:0002D394   603 0001:0002D3BC
   604 0001:0002D3C8   605 0001:0002D3CA   608 0001:0002D3CF   609 0001:0002D3D7
   610 0001:0002D3E5   611 0001:0002D3ED   613 0001:0002D3FA   614 0001:0002D406
   615 0001:0002D411   616 0001:0002D419   618 0001:0002D426   619 0001:0002D42F
   622 0001:0002D433   623 0001:0002D439   624 0001:0002D45D   630 0001:0002D47B
   631 0001:0002D480   632 0001:0002D486   633 0001:0002D4A8   636 0001:0002D4AD
   638 0001:0002D4B5   612 0001:0002D4B7   643 0001:0002D4DD   645 0001:0002D4F5
   648 0001:0002D505   649 0001:0002D52B   654 0001:0002D534   655 0001:0002D556
   656 0001:0002D565   657 0001:0002D573   658 0001:0002D588   659 0001:0002D58E
   660 0001:0002D59A   662 0001:0002D5A3   664 0001:0002D5BA   665 0001:0002D5C0
   667 0001:0002D5E1   669 0001:0002D611   701 0001:0002D61C   702 0001:0002D63F
   703 0001:0002D643   704 0001:0002D64B   706 0001:0002D656   707 0001:0002D659
   708 0001:0002D678   709 0001:0002D689   710 0001:0002D68F   712 0001:0002D6B5
   717 0001:0002D6BC   718 0001:0002D6C8   719 0001:0002D6D7   720 0001:0002D6E5
   722 0001:0002D6FF   724 0001:0002D719   726 0001:0002D750   726 0001:0002D757

Line numbers for InetStr(InetStr.pas) segment .text

   506 0001:0002D898   506 0001:0002D89F

Line numbers for CBaseLexer(CBaseLexer.pas) segment .text

   161 0001:0002D930   162 0001:0002D943   163 0001:0002D94C   164 0001:0002D95D
   165 0001:0002D97E   168 0001:0002D984   169 0001:0002D98F   170 0001:0002D997
   171 0001:0002D9AE   174 0001:0002D9B4   175 0001:0002D9BB   176 0001:0002D9CC
   177 0001:0002D9DA   179 0001:0002D9E7   180 0001:0002D9F0   190 0001:0002D9F4
   191 0001:0002D9F7   195 0001:0002D9F8   196 0001:0002D9FB   197 0001:0002DA02
   206 0001:0002DA04   207 0001:0002DA07   211 0001:0002DA08   212 0001:0002DA0E
   213 0001:0002DA13   349 0001:0002DA14   350 0001:0002DA16   351 0001:0002DA19
   353 0001:0002DA4C   353 0001:0002DA53

Line numbers for HTMLLex(HTMLLex.pas) segment .text

   197 0001:0002DC0C   198 0001:0002DC0F   199 0001:0002DC22   213 0001:0002DC24
   214 0001:0002DC36   215 0001:0002DC3F   216 0001:0002DC4E   217 0001:0002DC76
   220 0001:0002DC7C   221 0001:0002DC87   222 0001:0002DC8F   223 0001:0002DC97
   224 0001:0002DCAE   227 0001:0002DCB4   228 0001:0002DCB7   229 0001:0002DCBD
   230 0001:0002DCC4   232 0001:0002DCC8   233 0001:0002DCCF   248 0001:0002DCD4
   249 0001:0002DCF0   250 0001:0002DD03   251 0001:0002DD15   252 0001:0002DD54
   250 0001:0002DD55   253 0001:0002DD58   257 0001:0002DD65   259 0001:0002DD6F
   260 0001:0002DD77   261 0001:0002DD85   262 0001:0002DD8C   264 0001:0002DDA3
   266 0001:0002DDD5   270 0001:0002DE18   271 0001:0002DE20   274 0001:0002DE24
   275 0001:0002DE2D   276 0001:0002DE39   285 0001:0002DE40   286 0001:0002DE49
   287 0001:0002DE55   299 0001:0002DE5C   300 0001:0002DE78   301 0001:0002DE85
   302 0001:0002DEAF   349 0001:0002DEB8   350 0001:0002DEDC   351 0001:0002DEE7
   353 0001:0002DEF2   354 0001:0002DF1B   355 0001:0002DF23   356 0001:0002DF42
   358 0001:0002DF80   359 0001:0002DF8A   362 0001:0002DF99   363 0001:0002DFAE
   367 0001:0002DFBD   368 0001:0002DFCE   378 0001:0002E000   379 0001:0002E006
   380 0001:0002E016   383 0001:0002E01E   384 0001:0002E02F   392 0001:0002E05E
   393 0001:0002E064   394 0001:0002E06E   395 0001:0002E07D   396 0001:0002E08B
   397 0001:0002E09C   398 0001:0002E0BB   399 0001:0002E0CB   401 0001:0002E0D1
   402 0001:0002E0D9   403 0001:0002E0EB   404 0001:0002E0FD   407 0001:0002E114
   408 0001:0002E13A   410 0001:0002E14F   414 0001:0002E15F   415 0001:0002E165
   421 0001:0002E16F   355 0001:0002E172   423 0001:0002E17B   424 0001:0002E181
   425 0001:0002E191   428 0001:0002E199   429 0001:0002E1CA   432 0001:0002E278
   433 0001:0002E27E   434 0001:0002E28D   907 0001:0002E290   908 0001:0002E2A2
   909 0001:0002E2AB   910 0001:0002E2D1   913 0001:0002E2D4   914 0001:0002E2DF
   915 0001:0002E2E6   916 0001:0002E2EE   917 0001:0002E305   930 0001:0002E308
   931 0001:0002E324   934 0001:0002E337   936 0001:0002E346   938 0001:0002E362
   939 0001:0002E372   943 0001:0002E38F   944 0001:0002E3A8   949 0001:0002E3B4
   950 0001:0002E3CB   951 0001:0002E3E5   952 0001:0002E3E8   953 0001:0002E3EE
   954 0001:0002E3F1   956 0001:0002E40D   957 0001:0002E426   949 0001:0002E427
   959 0001:0002E447   962 0001:0002E450   963 0001:0002E453   964 0001:0002E459
   965 0001:0002E46E   970 0001:0002E470   971 0001:0002E474   973 0001:0002E487
   974 0001:0002E496   975 0001:0002E4A2   976 0001:0002E4AD   978 0001:0002E4C0
   979 0001:0002E4CE   980 0001:0002E4E1   982 0001:0002E4ED   983 0001:0002E500
   985 0001:0002E511   986 0001:0002E520   989 0001:0002E52A   994 0001:0002E530
   995 0001:0002E559   997 0001:0002E55D   999 0001:0002E565  1002 0001:0002E575
  1003 0001:0002E586  1004 0001:0002E594  1005 0001:0002E59D  1007 0001:0002E5AC
  1008 0001:0002E5B5  1009 0001:0002E5C3  1010 0001:0002E5CD  1012 0001:0002E5D8
  1014 0001:0002E5DF  1015 0001:0002E5E8  1016 0001:0002E610  1017 0001:0002E61F
  1019 0001:0002E62A  1023 0001:0002E633  1025 0001:0002E63B  1028 0001:0002E642
  1029 0001:0002E64B  1030 0001:0002E65A  1031 0001:0002E65E  1033 0001:0002E663
  1034 0001:0002E669  1035 0001:0002E674  1039 0001:0002E679  1040 0001:0002E682
  1042 0001:0002E69C  1043 0001:0002E6A6  1045 0001:0002E6B1  1048 0001:0002E6B8
  1049 0001:0002E6C1  1050 0001:0002E6CF  1052 0001:0002E6DA  1054 0001:0002E6E1
  1055 0001:0002E6EA  1060 0001:0002E6FF  1062 0001:0002E709  1064 0001:0002E715
  1069 0001:0002E721  1071 0001:0002E730  1074 0001:0002E73D  1075 0001:0002E741
  1022 0001:0002E743  1080 0001:0002E753  1083 0001:0002E767  1086 0001:0002E797
  1090 0001:0002E7C8  1091 0001:0002E7CE  1094 0001:0002E7D0  1095 0001:0002E7D9
  1096 0001:0002E7EB  1099 0001:0002E7F0  1100 0001:0002E7F6  1101 0001:0002E800
  1106 0001:0002E804  1107 0001:0002E818  1108 0001:0002E822  1109 0001:0002E82D
  1110 0001:0002E837  1115 0001:0002E840  1116 0001:0002E845  1117 0001:0002E853
  1116 0001:0002E868  1118 0001:0002E86B  1119 0001:0002E877  1122 0001:0002E8AC
  1122 0001:0002E8B3

Line numbers for ScrHtLex(ScrHtLex.pas) segment .text

    53 0001:0002EBDC    54 0001:0002EBE2    55 0001:0002EBEB    56 0001:0002EC17
    57 0001:0002EC2A    60 0001:0002EC30    61 0001:0002EC42    62 0001:0002EC4B
    63 0001:0002EC58    64 0001:0002EC65    65 0001:0002EC80    68 0001:0002EC9C
    69 0001:0002ECA7    70 0001:0002ECBE    82 0001:0002ECC4    83 0001:0002ECF1
    86 0001:0002ECF5    89 0001:0002ED07    91 0001:0002ED26    93 0001:0002ED4F
    95 0001:0002ED66    97 0001:0002ED6A    99 0001:0002ED82   101 0001:0002ED8C
   102 0001:0002EDA9   103 0001:0002EDBF   104 0001:0002EDD4   107 0001:0002EDEF
   108 0001:0002EDFE   109 0001:0002EE0D   111 0001:0002EE1D   112 0001:0002EE25
   113 0001:0002EE43   114 0001:0002EE4E   116 0001:0002EE59   117 0001:0002EE73
   118 0001:0002EE82   119 0001:0002EE98   110 0001:0002EE9A   123 0001:0002EEA9
   125 0001:0002EED6   126 0001:0002EEDE   129 0001:0002EF1E   139 0001:0002EF78
   140 0001:0002EF94   141 0001:0002EF98   142 0001:0002EFA7   143 0001:0002EFB5
   144 0001:0002EFC2   145 0001:0002EFD0   146 0001:0002EFED   147 0001:0002F001
   149 0001:0002F01F   151 0001:0002F034   152 0001:0002F045   153 0001:0002F04C
   154 0001:0002F076   155 0001:0002F07D   157 0001:0002F0A8   159 0001:0002F0B8
   160 0001:0002F0E1   166 0001:0002F14C   167 0001:0002F151   168 0001:0002F153
   169 0001:0002F162   170 0001:0002F170   171 0001:0002F18D   172 0001:0002F19D
   173 0001:0002F1AE   175 0001:0002F1C2   177 0001:0002F1D2   178 0001:0002F1D6
   184 0001:0002F20C   185 0001:0002F232   186 0001:0002F236   189 0001:0002F245
   191 0001:0002F253   192 0001:0002F25E   193 0001:0002F26C   196 0001:0002F271
   197 0001:0002F275   198 0001:0002F284   199 0001:0002F293   201 0001:0002F2A3
   202 0001:0002F2AB   203 0001:0002F2BA   204 0001:0002F2C5   208 0001:0002F2D0
   209 0001:0002F2DE   212 0001:0002F2E9   213 0001:0002F2F7   214 0001:0002F300
   200 0001:0002F30A   217 0001:0002F315   219 0001:0002F349   220 0001:0002F351
   222 0001:0002F38E   228 0001:0002F3B4   229 0001:0002F3D3   230 0001:0002F3E2
   233 0001:0002F3F0   234 0001:0002F3FE   236 0001:0002F432   237 0001:0002F43E
   239 0001:0002F456   240 0001:0002F488   242 0001:0002F4B9   244 0001:0002F4EB
   259 0001:0002F514   260 0001:0002F52A   263 0001:0002F588   264 0001:0002F59B
   265 0001:0002F5E9   269 0001:0002F638   270 0001:0002F64E   275 0001:0002F69C
   276 0001:0002F6B8   277 0001:0002F6BA   279 0001:0002F6D8   281 0001:0002F6EB
   282 0001:0002F701   284 0001:0002F758   286 0001:0002F769   287 0001:0002F78A
   292 0001:0002F7D8   293 0001:0002F806   294 0001:0002F80A   297 0001:0002F819
   299 0001:0002F827   300 0001:0002F832   301 0001:0002F840   304 0001:0002F845
   306 0001:0002F849   307 0001:0002F858   308 0001:0002F866   309 0001:0002F871
   310 0001:0002F8A7   311 0001:0002F8AC   312 0001:0002F8B7   313 0001:0002F8C4
   314 0001:0002F8C9   315 0001:0002F8D4   316 0001:0002F8E2   317 0001:0002F8E7
   318 0001:0002F8ED   319 0001:0002F8F7   320 0001:0002F908   321 0001:0002F915
   322 0001:0002F91C   323 0001:0002F927   324 0001:0002F936   325 0001:0002F949
   327 0001:0002F953   329 0001:0002F95B   330 0001:0002F98B   331 0001:0002F991
   333 0001:0002F998   334 0001:0002F99D   335 0001:0002F9A8   336 0001:0002F9B3
   337 0001:0002F9C6   338 0001:0002F9CB   341 0001:0002F9DA   343 0001:0002F9E9
   345 0001:0002FA07   347 0001:0002FA47   351 0001:0002FA9C   352 0001:0002FAAC
   353 0001:0002FABD   354 0001:0002FACB   356 0001:0002FAD3   357 0001:0002FAE1
   358 0001:0002FAE8   359 0001:0002FAF4   360 0001:0002FAFC   361 0001:0002FB07
   362 0001:0002FB0F   364 0001:0002FB11   366 0001:0002FB19   367 0001:0002FB1E
   369 0001:0002FB29   372 0001:0002FB34   355 0001:0002FB3B   375 0001:0002FB54
   377 0001:0002FB64   380 0001:0002FB6C   381 0001:0002FB72   382 0001:0002FB79
   383 0001:0002FB87   386 0001:0002FB8C   387 0001:0002FB92   388 0001:0002FB99
   389 0001:0002FBA7   392 0001:0002FBAC   393 0001:0002FBB5   394 0001:0002FBBC
   395 0001:0002FBD2   398 0001:0002FBD8   399 0001:0002FBDE   400 0001:0002FBE5
   401 0001:0002FBF3   404 0001:0002FBF8   405 0001:0002FC01   406 0001:0002FC08
   407 0001:0002FC1E   411 0001:0002FC54   411 0001:0002FC5B

Line numbers for UScriptedHtmlLexer(UScriptedHtmlLexer.pas) segment .text

    30 0001:0002FC5C    31 0001:0002FC6A    34 0001:0002FC6C    35 0001:0002FC6F
    36 0001:0002FC77    41 0001:0002FC7C    42 0001:0002FC95    43 0001:0002FCA4
    44 0001:0002FCB2    45 0001:0002FCC8    47 0001:0002FCE0    49 0001:0002FD0D
    52 0001:0002FD14    53 0001:0002FD17    54 0001:0002FD25    57 0001:0002FD2C
    58 0001:0002FD2F    59 0001:0002FD3D    62 0001:0002FD44    63 0001:0002FD47
    64 0001:0002FD50    67 0001:0002FD54    68 0001:0002FD57    69 0001:0002FD66
    72 0001:0002FD6C    73 0001:0002FD6F    74 0001:0002FD7E    77 0001:0002FD84
    78 0001:0002FD87    79 0001:0002FD96    82 0001:0002FD9C    83 0001:0002FD9F
    84 0001:0002FDAE    87 0001:0002FDB4    88 0001:0002FDB7    89 0001:0002FDC6
    91 0001:0002FDFC    91 0001:0002FE03

Line numbers for D3MasksWrapper(D3MasksWrapper.pas) segment .text

    16 0001:00030684    17 0001:00030698    18 0001:000306D3    21 0001:000306DC
    22 0001:000306DF    23 0001:000306E7    26 0001:000306EC    27 0001:00030700
    28 0001:00030737    31 0001:00030740    32 0001:00030756    33 0001:0003079F
    37 0001:000307D8    37 0001:000307DF

Line numbers for CTemplateActionStringLexer(CTemplateActionStringLexer.pas) segment .text

    21 0001:000307E0    22 0001:000307F6    23 0001:00030804    24 0001:0003085E
    27 0001:00030880    28 0001:00030883    29 0001:0003088B    35 0001:00030890
    36 0001:000308B0    37 0001:000308BE    38 0001:000308CA    39 0001:000308CE
    41 0001:000308EE    42 0001:00030942    48 0001:0003094C    49 0001:00030968
    50 0001:00030976    51 0001:00030982    52 0001:00030986    54 0001:00030994
    55 0001:000309E9    58 0001:000309F8    59 0001:00030A0D    60 0001:00030A5F
    63 0001:00030A78    64 0001:00030A7B    65 0001:00030A83    70 0001:00030A88
    71 0001:00030A9B    72 0001:00030AA9    73 0001:00030ABE    74 0001:00030AE6
    79 0001:00030AEC    80 0001:00030AFF    81 0001:00030B0D    82 0001:00030B22
    83 0001:00030B4A    85 0001:00030B80    85 0001:00030B87

Line numbers for HAWapRun(D:\src\WebApp\HAWapRun\HAWapRun.dpr) segment .text

    38 0001:00030C98    39 0001:00030CA8

Bound resource files

HAWapRun.drf


Program entry point at 0001:00030C98
